======PRIMARY=======
nagaraju
[oracle@nagaraju rman_bkp]$ hostnamectl set-hostname nagaraju.com
==== AUTHENTICATING FOR org.freedesktop.hostname1.set-static-hostname ===
Authentication is required to set the statically configured local host name, as we     ll as the pretty host name.
Authenticating as: root
Password:
==== AUTHENTICATION COMPLETE ===
[oracle@nagaraju rman_bkp]$

[oracle@nagaraju rman_bkp]$
[oracle@nagaraju rman_bkp]$ bash
[oracle@nagaraju rman_bkp]$ hostname
nagaraju.com
[oracle@nagaraju rman_bkp]$
[oracle@nagaraju rman_bkp]$
[oracle@nagaraju rman_bkp]$
[oracle@nagaraju rman_bkp]$
[oracle@nagaraju rman_bkp]$
[oracle@nagaraju rman_bkp]$ clear
[oracle@nagaraju rman_bkp]$ sqlplus / as sysdba

SQL*Plus: Release 19.0.0.0.0 - Production on Tue Nov 21 10:08:14 2023
Version 19.3.0.0.0

Copyright (c) 1982, 2019, Oracle.  All rights reserved.


Connected to:
Oracle Database 19c Enterprise Edition Release 19.0.0.0.0 - Production
Version 19.3.0.0.0

SQL> alter database force logging;

Database altered.

SQL>
SQL>
SQL> set lines 180
col MEMBER for a80
select b.thread#, a.group#, a.member, b.bytes/1024/1024 MB FROM v$logfile a, v$log b WHgroup# = b.group#;SQL> SQL>

   THREAD#     GROUP# MEMBER                                                                 MB
---------- ---------- -------------------------------------------------------------------------- ----------
         1          3 /u01/app/oracle/oradata/PRODDB/onlinelog/o1_mf_3_lorcnx90_.log        200
         1          3 /u01/app/oracle/fast_recovery_area/PRODDB/onlinelog/o1_mf_3_lorcnog            200
         1          2 /u01/app/oracle/oradata/PRODDB/onlinelog/o1_mf_2_lorcnx89_.log        200
         1          2 /u01/app/oracle/fast_recovery_area/PRODDB/onlinelog/o1_mf_2_lorcnog            200
         1          1 /u01/app/oracle/oradata/PRODDB/onlinelog/o1_mf_1_lorcnx6w_.log        200
         1          1 /u01/app/oracle/fast_recovery_area/PRODDB/onlinelog/o1_mf_1_lorcnog            200

6 rows selected.

SQL> set lines 180
col MEMBER for a80
select b.thread#, a.group#, a.member, b.bytes/1024/1024 MB FROM v$logfile a, v$log b WH

   THREAD#     GROUP# MEMBER
---------- ---------- -----------------------------------------------------------------
         1          3 /u01/app/oracle/oradata/PRODDB/onlinelog/o1_mf_3_lorcnx90_.log
         1          3 /u01/app/oracle/fast_recovery_area/PRODDB/onlinelog/o1_mf_3_lorcn
         1          2 /u01/app/oracle/oradata/PRODDB/onlinelog/o1_mf_2_lorcnx89_.log
         1          2 /u01/app/oracle/fast_recovery_area/PRODDB/onlinelog/o1_mf_2_lorcn
         1          1 /u01/app/oracle/oradata/PRODDB/onlinelog/o1_mf_1_lorcnx6w_.log
         1          1 /u01/app/oracle/fast_recovery_area/PRODDB/onlinelog/o1_mf_1_lorcn

6 rows selected.

SQL>
SQL>
SQL>
SQL>
SQL> ALTER DATABASE ADD STANDBY LOGFILE GROUP 8 ('/u01/app/oracle/oradata/PRODDB/online
ALTER DATABASE ADD STANDBY LOGFILE GROUP 9 ('/u01/app/oracle/oradata/PRODDB/onlinelog/r
ALTER DATABASE ADD STANDBY LOGFILE GROUP 10 ('/u01/app/oracle/oradata/PRODDB/onlinelog/
Database altered.

SQL>

Database altered.

SQL>

Database altered.

SQL> SQL>
SQL>
SQL>
SQL>
SQL>
SQL> set lines 180
col MEMBER for a80
select b.thread#, a.group#, a.member, b.bytes/1024/1024 MB FROM v$logfile a, v$log b WH

   THREAD#     GROUP# MEMBER
---------- ---------- -----------------------------------------------------------------
         1          3 /u01/app/oracle/oradata/PRODDB/onlinelog/o1_mf_3_lorcnx90_.log
         1          3 /u01/app/oracle/fast_recovery_area/PRODDB/onlinelog/o1_mf_3_lorcn
         1          2 /u01/app/oracle/oradata/PRODDB/onlinelog/o1_mf_2_lorcnx89_.log
         1          2 /u01/app/oracle/fast_recovery_area/PRODDB/onlinelog/o1_mf_2_lorcn
         1          1 /u01/app/oracle/oradata/PRODDB/onlinelog/o1_mf_1_lorcnx6w_.log
         1          1 /u01/app/oracle/fast_recovery_area/PRODDB/onlinelog/o1_mf_1_lorcn

6 rows selected.

SQL> alter system set db_unique_name='proddb' scope=spfile;

System altered.

SQL>
SQL>
SQL>
SQL>
SQL> show parameter LOG_ARCHIVE_CONFIG

NAME                                 TYPE        VALUE
------------------------------------ ----------- ------------------------------
log_archive_config                   string
SQL> ALTER SYSTEM SET LOG_ARCHIVE_CONFIG='DG_CONFIG=(proddb,proddbs)' scope=both;

System altered.

SQL>
SQL>
SQL>
SQL>
SQL> show parameter LOG_ARCHIVE_CONFIG

NAME                                 TYPE        VALUE
------------------------------------ ----------- ------------------------------
log_archive_config                   string      DG_CONFIG=(proddb,proddbs)
SQL> ALTER SYSTEM SET LOG_ARCHIVE_DEST_2='SERVICE=to_proddbs LGWR ASYNC VALID_FOR=(ONLIoddbs' scope=both;

System altered.

SQL>
SQL>
SQL> ALTER SYSTEM SET LOG_ARCHIVE_DEST_STATE_2=ENABLE scope=both;

System altered.

SQL>
SQL> ALTER SYSTEM SET STANDBY_FILE_MANAGEMENT=AUTO;

System altered.

SQL>
SQL>
SQL>
SQL> create pfile from spfile;

File created.

SQL>
SQL>
SQL>
SQL>
SQL>
SQL>
SQL> exit
Disconnected from Oracle Database 19c Enterprise Edition Release 19.0.0.0.0 - Productio
Version 19.3.0.0.0
[oracle@nagaraju rman_bkp]$ rman target /

Recovery Manager: Release 19.0.0.0.0 - Production on Tue Nov 21 10:25:03 2023
Version 19.3.0.0.0

Copyright (c) 1982, 2019, Oracle and/or its affiliates.  All rights reserved.

connected to target database: PRODDB (DBID=893522802)

RMAN>

RMAN>

RMAN>

RMAN> backup database plus archivelog;


Starting backup at 21-NOV-23
current log archived
using target database control file instead of recovery catalog
allocated channel: ORA_DISK_1
channel ORA_DISK_1: SID=275 device type=DISK
allocated channel: ORA_DISK_2
channel ORA_DISK_2: SID=399 device type=DISK
channel ORA_DISK_1: starting archived log backup set
channel ORA_DISK_1: specifying archived log(s) in backup set
input archived log thread=1 sequence=7 RECID=1 STAMP=1153477257
channel ORA_DISK_1: starting piece 1 at 21-NOV-23
channel ORA_DISK_2: starting archived log backup set
channel ORA_DISK_2: specifying archived log(s) in backup set
input archived log thread=1 sequence=8 RECID=2 STAMP=1153477515
channel ORA_DISK_2: starting piece 1 at 21-NOV-23
channel ORA_DISK_1: finished piece 1 at 21-NOV-23
piece handle=/u01/rman_bkp/022c1asb_1_1 tag=TAG20231121T102515 comment=NONE
channel ORA_DISK_1: backup set complete, elapsed time: 00:00:01
channel ORA_DISK_2: finished piece 1 at 21-NOV-23
piece handle=/u01/rman_bkp/032c1asb_1_1 tag=TAG20231121T102515 comment=NONE
channel ORA_DISK_2: backup set complete, elapsed time: 00:00:01
Finished backup at 21-NOV-23

Starting backup at 21-NOV-23
using channel ORA_DISK_1
using channel ORA_DISK_2
channel ORA_DISK_1: starting full datafile backup set
channel ORA_DISK_1: specifying datafile(s) in backup set
input datafile file number=00001 name=/u01/app/oracle/oradata/PRODDB/datafile/o1_mf_sys
input datafile file number=00007 name=/u01/app/oracle/oradata/PRODDB/datafile/o1_mf_use
channel ORA_DISK_1: starting piece 1 at 21-NOV-23
channel ORA_DISK_2: starting full datafile backup set
channel ORA_DISK_2: specifying datafile(s) in backup set
input datafile file number=00003 name=/u01/app/oracle/oradata/PRODDB/datafile/o1_mf_sys
input datafile file number=00004 name=/u01/app/oracle/oradata/PRODDB/datafile/o1_mf_und
channel ORA_DISK_2: starting piece 1 at 21-NOV-23
channel ORA_DISK_1: finished piece 1 at 21-NOV-23
piece handle=/u01/rman_bkp/042c1asd_1_1 tag=TAG20231121T102516 comment=NONE
channel ORA_DISK_1: backup set complete, elapsed time: 00:00:03
channel ORA_DISK_1: starting full datafile backup set
channel ORA_DISK_1: specifying datafile(s) in backup set
input datafile file number=00010 name=/u01/app/oracle/oradata/PRODDB/0AA2FFBBD68925F6E03f_.dbf
input datafile file number=00011 name=/u01/app/oracle/oradata/PRODDB/0AA2FFBBD68925F6E0bo3g_.dbf
channel ORA_DISK_1: starting piece 1 at 21-NOV-23
channel ORA_DISK_2: finished piece 1 at 21-NOV-23
piece handle=/u01/rman_bkp/052c1asd_1_1 tag=TAG20231121T102516 comment=NONE
channel ORA_DISK_2: backup set complete, elapsed time: 00:00:03
channel ORA_DISK_2: starting full datafile backup set
channel ORA_DISK_2: specifying datafile(s) in backup set
input datafile file number=00005 name=/u01/app/oracle/oradata/PRODDB/datafile/o1_mf_sys
input datafile file number=00008 name=/u01/app/oracle/oradata/PRODDB/datafile/o1_mf_und
channel ORA_DISK_2: starting piece 1 at 21-NOV-23
channel ORA_DISK_1: finished piece 1 at 21-NOV-23
piece handle=/u01/rman_bkp/062c1asg_1_1 tag=TAG20231121T102516 comment=NONE
channel ORA_DISK_1: backup set complete, elapsed time: 00:00:01
channel ORA_DISK_1: starting full datafile backup set
channel ORA_DISK_1: specifying datafile(s) in backup set
input datafile file number=00006 name=/u01/app/oracle/oradata/PRODDB/datafile/o1_mf_sys
channel ORA_DISK_1: starting piece 1 at 21-NOV-23
channel ORA_DISK_2: finished piece 1 at 21-NOV-23
piece handle=/u01/rman_bkp/072c1asg_1_1 tag=TAG20231121T102516 comment=NONE
channel ORA_DISK_2: backup set complete, elapsed time: 00:00:01
channel ORA_DISK_2: starting full datafile backup set
channel ORA_DISK_2: specifying datafile(s) in backup set
input datafile file number=00009 name=/u01/app/oracle/oradata/PRODDB/0AA2FFBBD68925F6E02t_.dbf
input datafile file number=00012 name=/u01/app/oracle/oradata/PRODDB/0AA2FFBBD68925F6E0d_.dbf
channel ORA_DISK_2: starting piece 1 at 21-NOV-23
channel ORA_DISK_1: finished piece 1 at 21-NOV-23
piece handle=/u01/rman_bkp/082c1ash_1_1 tag=TAG20231121T102516 comment=NONE
channel ORA_DISK_1: backup set complete, elapsed time: 00:00:01
channel ORA_DISK_2: finished piece 1 at 21-NOV-23
piece handle=/u01/rman_bkp/092c1ash_1_1 tag=TAG20231121T102516 comment=NONE
channel ORA_DISK_2: backup set complete, elapsed time: 00:00:01
Finished backup at 21-NOV-23

Starting backup at 21-NOV-23
current log archived
using channel ORA_DISK_1
using channel ORA_DISK_2
channel ORA_DISK_1: starting archived log backup set
channel ORA_DISK_1: specifying archived log(s) in backup set
input archived log thread=1 sequence=9 RECID=3 STAMP=1153477522
channel ORA_DISK_1: starting piece 1 at 21-NOV-23
channel ORA_DISK_1: finished piece 1 at 21-NOV-23
piece handle=/u01/rman_bkp/0a2c1asi_1_1 tag=TAG20231121T102522 comment=NONE
channel ORA_DISK_1: backup set complete, elapsed time: 00:00:01
Finished backup at 21-NOV-23

Starting Control File and SPFILE Autobackup at 21-NOV-23
piece handle=/u01/rman_bkp/c-893522802-20231121-01 comment=NONE
Finished Control File and SPFILE Autobackup at 21-NOV-23

RMAN> exit


Recovery Manager complete.
[oracle@nagaraju rman_bkp]$
[oracle@nagaraju rman_bkp]$
[oracle@nagaraju rman_bkp]$
[oracle@nagaraju rman_bkp]$
[oracle@nagaraju rman_bkp]$ ls -lrt
total 2304252
-rw-r-----. 1 oracle oinstall  18841600 Nov 21 10:21 c-893522802-20231121-00
-rw-r-----. 1 oracle oinstall   3446272 Nov 21 10:25 022c1asb_1_1
-rw-r-----. 1 oracle oinstall    155136 Nov 21 10:25 032c1asb_1_1
-rw-r-----. 1 oracle oinstall 409452544 Nov 21 10:25 052c1asd_1_1
-rw-r-----. 1 oracle oinstall 813809664 Nov 21 10:25 042c1asd_1_1
-rw-r-----. 1 oracle oinstall 265289728 Nov 21 10:25 062c1asg_1_1
-rw-r-----. 1 oracle oinstall 318193664 Nov 21 10:25 072c1asg_1_1
-rw-r-----. 1 oracle oinstall 263208960 Nov 21 10:25 082c1ash_1_1
-rw-r-----. 1 oracle oinstall 229572608 Nov 21 10:25 092c1ash_1_1
-rw-r-----. 1 oracle oinstall      8192 Nov 21 10:25 0a2c1asi_1_1
-rw-r-----. 1 oracle oinstall  18726912 Nov 21 10:25 snapcf_DB.f
-rw-r-----. 1 oracle oinstall  18841600 Nov 21 10:25 c-893522802-20231121-01
[oracle@nagaraju rman_bkp]$ cd $ORACLE_HOME/dbs
[oracle@nagaraju dbs]$ ls -lrt
total 88
-rwxrwxrwx. 1 oracle oinstall 3079 May 14  2015 init.ora
-rw-r-----. 1 oracle oinstall   24 Nov 16 07:22 lkPRODDB
-rw-r-----. 1 oracle oinstall 2048 Nov 17 09:31 orapwclone
-rw-r--r--. 1 oracle oinstall 1142 Nov 17 09:37 initclone.ora
-rw-r-----. 1 oracle oinstall   24 Nov 17 09:59 lkCLONE
-rw-rw----. 1 oracle oinstall 1544 Nov 17 10:08 hc_clone.dat
-rw-r-----. 1 oracle oinstall   24 Nov 17 14:59 lkZDOS_PITR_PRODDB
-rw-r-----. 1 oracle oinstall 9728 Nov 17 15:00 spfilezdos.ora
-rw-rw----. 1 oracle oinstall 1544 Nov 17 15:01 hc_zdos.dat
-rw-rw----. 1 oracle oinstall 1544 Nov 18 19:12 hc_duqb.dat
-rw-r-----. 1 oracle oinstall   24 Nov 18 19:25 lkFKSD_PITR_PRODDB
-rw-r-----. 1 oracle oinstall 9728 Nov 18 19:27 spfileFksd.ora
-rw-rw----. 1 oracle oinstall 1544 Nov 18 19:27 hc_Fksd.dat
-rw-rw----. 1 oracle oinstall 1544 Nov 21 09:33 hc_hdfcprod.dat
-rw-r-----. 1 oracle oinstall 2048 Nov 21 09:44 orapwproddb
-rw-rw----. 1 oracle oinstall 1544 Nov 21 10:01 hc_proddb.dat
-rw-r-----. 1 oracle oinstall 3584 Nov 21 10:23 spfileproddb.ora
-rw-r--r--. 1 oracle oinstall 1422 Nov 21 10:24 initproddb.ora
[oracle@nagaraju dbs]$ scp initproddb.ora oracle@192.168.0.214:$ORACLE_HOME/dbs
The authenticity of host '192.168.0.214 (192.168.0.214)' can't be established.
ECDSA key fingerprint is SHA256:O2TW9XfwqVkvhcP78Jhd6aQLRtX3hiOTWSzv3CbgPns.
ECDSA key fingerprint is MD5:a4:78:80:7e:94:84:68:8a:d2:19:9b:57:fe:70:12:b3.
Are you sure you want to continue connecting (yes/no)? yes
Warning: Permanently added '192.168.0.214' (ECDSA) to the list of known hosts.
oracle@192.168.0.214's password:
initproddb.ora
[oracle@nagaraju dbs]$ scp orapwproddb oracle@192.168.0.214:$ORACLE_HOME/dbs
oracle@192.168.0.214's password:
orapwproddb
[oracle@nagaraju dbs]$
[oracle@nagaraju dbs]$
[oracle@nagaraju dbs]$
[oracle@nagaraju dbs]$
[oracle@nagaraju dbs]$ cd -
/u01/rman_bkp
[oracle@nagaraju rman_bkp]$ scp * oracle@192.168.0.214:/u01/rman_bkp
oracle@192.168.0.214's password:
022c1asb_1_1
032c1asb_1_1
042c1asd_1_1
052c1asd_1_1
062c1asg_1_1
072c1asg_1_1
082c1ash_1_1
092c1ash_1_1
0a2c1asi_1_1
c-893522802-20231121-00
c-893522802-20231121-01
snapcf_DB.f
[oracle@nagaraju rman_bkp]$ sqlplus / as sysdba

SQL*Plus: Release 19.0.0.0.0 - Production on Tue Nov 21 11:05:48 2023
Version 19.3.0.0.0

Copyright (c) 1982, 2019, Oracle.  All rights reserved.


Connected to:
Oracle Database 19c Enterprise Edition Release 19.0.0.0.0 - Production
Version 19.3.0.0.0

SQL> select current_scn from v$database;

CURRENT_SCN
-----------
    2148798

SQL> /

CURRENT_SCN
-----------
    2148803

SQL> /

CURRENT_SCN
-----------
    2148806

SQL> /

CURRENT_SCN
-----------
    2148809

SQL> /

CURRENT_SCN
-----------
    2148810

SQL> /

CURRENT_SCN
-----------
    2148813

SQL> 1
  1* select current_scn from v$database
SQL> show pdbs

    CON_ID CON_NAME                       OPEN MODE  RESTRICTED
---------- ------------------------------ ---------- ----------
         2 PDB$SEED                       READ ONLY  NO
         3 HRMS                           READ WRITE NO
SQL> archive log list;
Database log mode              Archive Mode
Automatic archival             Enabled
Archive destination            USE_DB_RECOVERY_FILE_DEST
Oldest online log sequence     8
Next log sequence to archive   10
Current log sequence           10
SQL>
SQL>
SQL>
SQL> alter system switch logfile;

System altered.

SQL> /

System altered.

SQL> /
/
/
/


System altered.

SQL>
System altered.

SQL>




System altered.

SQL>
System altered.

SQL> SQL> SQL> SQL> SQL> SQL>
SQL>
SQL>
SQL>
SQL> archive log list;
Database log mode              Archive Mode
Automatic archival             Enabled
Archive destination            USE_DB_RECOVERY_FILE_DEST
Oldest online log sequence     14
Next log sequence to archive   16
Current log sequence           16
SQL> set lines 300 pages 300;
SELECT sequence#, first_time, next_time, applied FROM v$archived_log ORDER BY sequence#;SQL>

 SEQUENCE# FIRST_TIM NEXT_TIME APPLIED
---------- --------- --------- ---------
         7 21-NOV-23 21-NOV-23 NO
         8 21-NOV-23 21-NOV-23 NO
         9 21-NOV-23 21-NOV-23 NO
        10 21-NOV-23 21-NOV-23 NO
        10 21-NOV-23 21-NOV-23 NO
        11 21-NOV-23 21-NOV-23 NO
        11 21-NOV-23 21-NOV-23 NO
        12 21-NOV-23 21-NOV-23 NO
        12 21-NOV-23 21-NOV-23 NO
        13 21-NOV-23 21-NOV-23 NO
        13 21-NOV-23 21-NOV-23 NO
        14 21-NOV-23 21-NOV-23 NO
        14 21-NOV-23 21-NOV-23 NO
        15 21-NOV-23 21-NOV-23 NO
        15 21-NOV-23 21-NOV-23 NO

15 rows selected.

SQL> set lines 300 pages 300;
col DB_UNIQUE_NAME for a10;
select name,db_unique_name,open_mode,DATABASE_ROLE,PROTECTION_MODE,SWITCHOVER#,SWITCHOVER_status,current_scn from v$database;
SQL> SQL>
NAME      DB_UNIQUE_ OPEN_MODE            DATABASE_ROLE    PROTECTION_MODE      SWITCHOVER# SWITCHOVER_STATUS   CURRENT_SCN
--------- ---------- -------------------- ---------------- -------------------- ----------- -------------------- -----------
PRODDB    proddb     READ WRITE           PRIMARY          MAXIMUM PERFORMANCE    893505138 TO STANDBY              2149411

SQL>
SQL> set lines 300 pages 300;
col DB_UNIQUE_NAME for a10;
select name,db_unique_name,open_mode,DATABASE_ROLE,PROTECTION_MODE,SWITCHOVER#,SWITCHOVtus,current_scn from v$database;
SQL> SQL>
NAME      DB_UNIQUE_ OPEN_MODE            DATABASE_ROLE    PROTECTION_MODE      SWITCHOWITCHOVER_STATUS         CURRENT_SCN
--------- ---------- -------------------- ---------------- -------------------- -------------------------- -----------
PRODDB    proddb     READ WRITE           PRIMARY          MAXIMUM PERFORMANCE    89350O STANDBY                    2149416

SQL> set lines 300 pages 300;
col DB_UNIQUE_NAME for a10;
select name,db_unique_name,open_mode,DATABASE_ROLE,PROTECTION_MODE,SWITCHOVER#,SWITCHOVtabase;
SQL> SQL>
NAME      DB_UNIQUE_ OPEN_MODE            DATABASE_ROLE    PROTECTION_MODE      SWITCHONT_SCN
--------- ---------- -------------------- ---------------- -------------------- -------------
PRODDB    proddb     READ WRITE           PRIMARY          MAXIMUM PERFORMANCE    89350149454

SQL> set lines 300 pages 300;
col DB_UNIQUE_NAME for a10;
select name,db_unique_name,open_mode,DATABASE_ROLE,PROTECTION_MODE,SWITCHOVER#,SWITCHOV
SQL> SQL>
NAME      DB_UNIQUE_ OPEN_MODE            DATABASE_ROLE    PROTECTION_MODE      SWITCHO
--------- ---------- -------------------- ---------------- -------------------- -------
PRODDB    proddb     READ WRITE           PRIMARY          MAXIMUM PERFORMANCE    89350

SQL>
SQL>
SQL>
SQL>
SQL>

SQL> SQL>
SQL>
SQL>
SQL>
SQL>
SQL>
SQL>


SQL> SQL> SQL>
SQL>
SQL>
SQL>
SQL>
SQL>
SQL>
SQL>
SQL>
SQL>
SQL>
SQL>
SQL>
SQL>
SQL>
SQL>
SQL>
SQL>
SQL>
SQL>
SQL>
SQL>
SQL>
SQL>
SQL>
SQL>
SQL>
SQL>
SQL>
SQL>
SQL>
SQL>
SQL>
SQL>
SQL> /

NAME      DB_UNIQUE_ OPEN_MODE            DATABASE_ROLE    PROTECTION_MODE      SWITCHO
--------- ---------- -------------------- ---------------- -------------------- -------
PRODDB    proddb     READ WRITE           PRIMARY          MAXIMUM PERFORMANCE    89350

SQL>
SQL>



SQL> SQL> SQL> SQL>
SQL>
SQL>
SQL>
SQL>
SQL>
SQL>
SQL>
SQL>
SQL>
SQL> desc v$archived_log
 Name                                                                                        Null?     Type
 ---------------------------------------------------------------------------------------------------------------------------------- -------- -------------------------------------------------------------------------
 RECID                                                                                 UMBER
 STAMP                                                                                 UMBER
 NAME                                                                                  ARCHAR2(513)
 DEST_ID                                                                               UMBER
 THREAD#                                                                               UMBER
 SEQUENCE#                                                                             UMBER
 RESETLOGS_CHANGE#                                                                     UMBER
 RESETLOGS_TIME                                                                        ATE
 RESETLOGS_ID                                                                          UMBER
 FIRST_CHANGE#                                                                         UMBER
 FIRST_TIME                                                                            ATE
 NEXT_CHANGE#                                                                          UMBER
 NEXT_TIME                                                                             ATE
 BLOCKS                                                                                UMBER
 BLOCK_SIZE                                                                            UMBER
 CREATOR                                                                               ARCHAR2(7)
 REGISTRAR                                                                             ARCHAR2(7)
 STANDBY_DEST                                                                          ARCHAR2(3)
 ARCHIVED                                                                              ARCHAR2(3)
 APPLIED                                                                               ARCHAR2(9)
 DELETED                                                                               ARCHAR2(3)
 STATUS                                                                                ARCHAR2(1)
 COMPLETION_TIME                                                                       ATE
 DICTIONARY_BEGIN                                                                      ARCHAR2(3)
 DICTIONARY_END                                                                        ARCHAR2(3)
 END_OF_REDO                                                                           ARCHAR2(3)
 BACKUP_COUNT                                                                          UMBER
 ARCHIVAL_THREAD#                                                                      UMBER
 ACTIVATION#                                                                           UMBER
 IS_RECOVERY_DEST_FILE                                                                 ARCHAR2(3)
 COMPRESSED                                                                            ARCHAR2(3)
 FAL                                                                                   ARCHAR2(3)
 END_OF_REDO_TYPE                                                                      ARCHAR2(10)
 BACKED_BY_VSS                                                                         ARCHAR2(3)
 CON_ID                                                                                UMBER

SQL> set lines 80
SQL> desc v$archived_log
 Name                                      Null?    Type
 ----------------------------------------- -------- ----------------------------
 RECID                                              NUMBER
 STAMP                                              NUMBER
 NAME                                               VARCHAR2(513)
 DEST_ID                                            NUMBER
 THREAD#                                            NUMBER
 SEQUENCE#                                          NUMBER
 RESETLOGS_CHANGE#                                  NUMBER
 RESETLOGS_TIME                                     DATE
 RESETLOGS_ID                                       NUMBER
 FIRST_CHANGE#                                      NUMBER
 FIRST_TIME                                         DATE
 NEXT_CHANGE#                                       NUMBER
 NEXT_TIME                                          DATE
 BLOCKS                                             NUMBER
 BLOCK_SIZE                                         NUMBER
 CREATOR                                            VARCHAR2(7)
 REGISTRAR                                          VARCHAR2(7)
 STANDBY_DEST                                       VARCHAR2(3)
 ARCHIVED                                           VARCHAR2(3)
 APPLIED                                            VARCHAR2(9)
 DELETED                                            VARCHAR2(3)
 STATUS                                             VARCHAR2(1)
 COMPLETION_TIME                                    DATE
 DICTIONARY_BEGIN                                   VARCHAR2(3)
 DICTIONARY_END                                     VARCHAR2(3)
 END_OF_REDO                                        VARCHAR2(3)
 BACKUP_COUNT                                       NUMBER
 ARCHIVAL_THREAD#                                   NUMBER
 ACTIVATION#                                        NUMBER
 IS_RECOVERY_DEST_FILE                              VARCHAR2(3)
 COMPRESSED                                         VARCHAR2(3)
 FAL                                                VARCHAR2(3)
 END_OF_REDO_TYPE                                   VARCHAR2(10)
 BACKED_BY_VSS                                      VARCHAR2(3)
 CON_ID                                             NUMBER

SQL>
SQL>


SQL> SQL> SQL>
SQL>
SQL>
SQL>





SQL> SQL> SQL> SQL> SQL> SQL> set lines 300 pages 300;
SELECT sequence#, first_time, next_time, applied FROM v$archived_log ORDER BY sequence#

 SEQUENCE# FIRST_TIM NEXT_TIME APPLIED
---------- --------- --------- ---------
         7 21-NOV-23 21-NOV-23 NO
         8 21-NOV-23 21-NOV-23 NO
         9 21-NOV-23 21-NOV-23 NO
        10 21-NOV-23 21-NOV-23 NO
        10 21-NOV-23 21-NOV-23 NO
        11 21-NOV-23 21-NOV-23 NO
        11 21-NOV-23 21-NOV-23 NO
        12 21-NOV-23 21-NOV-23 NO
        12 21-NOV-23 21-NOV-23 NO
        13 21-NOV-23 21-NOV-23 NO
        13 21-NOV-23 21-NOV-23 NO
        14 21-NOV-23 21-NOV-23 NO
        14 21-NOV-23 21-NOV-23 NO
        15 21-NOV-23 21-NOV-23 NO
        15 21-NOV-23 21-NOV-23 NO

15 rows selected.

SQL> archive log list;
Database log mode              Archive Mode
Automatic archival             Enabled
Archive destination            USE_DB_RECOVERY_FILE_DEST
Oldest online log sequence     14
Next log sequence to archive   16
Current log sequence           16
SQL> show parameter DB_RECOVERY_FILE_DEST

NAME                                 TYPE        VALUE
------------------------------------ ----------- ------------------------------
db_recovery_file_dest                string      /u01/app/oracle/fast_recovery_
                                                 area
db_recovery_file_dest_size           big integer 12732M
SQL> alter system switch logfile;

System altered.

SQL> /

System altered.

SQL> set lines 300 pages 300;
SELECT sequence#, first_time, next_time, applied FROM v$archived_log ORDER BY sequence#;SQL>

 SEQUENCE# FIRST_TIM NEXT_TIME APPLIED
---------- --------- --------- ---------
         7 21-NOV-23 21-NOV-23 NO
         8 21-NOV-23 21-NOV-23 NO
         9 21-NOV-23 21-NOV-23 YES
         9 21-NOV-23 21-NOV-23 NO
        10 21-NOV-23 21-NOV-23 NO
        10 21-NOV-23 21-NOV-23 NO
        11 21-NOV-23 21-NOV-23 NO
        11 21-NOV-23 21-NOV-23 NO
        12 21-NOV-23 21-NOV-23 NO
        12 21-NOV-23 21-NOV-23 NO
        13 21-NOV-23 21-NOV-23 NO
        13 21-NOV-23 21-NOV-23 NO
        14 21-NOV-23 21-NOV-23 NO
        14 21-NOV-23 21-NOV-23 NO
        15 21-NOV-23 21-NOV-23 NO
        15 21-NOV-23 21-NOV-23 NO
        16 21-NOV-23 21-NOV-23 NO
        16 21-NOV-23 21-NOV-23 NO
        17 21-NOV-23 21-NOV-23 NO
        17 21-NOV-23 21-NOV-23 NO

20 rows selected.

SQL>
SQL>
SQL>
SQL>
SQL>
SQL> alter system switch logfile;

System altered.

SQL> /
/
System altered.

SQL>
/
/
System altered.

SQL>
System altered.

SQL>

System altered.

SQL>
SQL>
SQL>
SQL> archive log list;
Database log mode              Archive Mode
Automatic archival             Enabled
Archive destination            USE_DB_RECOVERY_FILE_DEST
Oldest online log sequence     21
Next log sequence to archive   23
Current log sequence           23
SQL> set lines 300 pages 300;
SELECT sequence#, first_time, next_time, applied FROM v$archived_log ORDER BY sequence#;

SQL>
 SEQUENCE# FIRST_TIM NEXT_TIME APPLIED
---------- --------- --------- ---------
         7 21-NOV-23 21-NOV-23 NO
         8 21-NOV-23 21-NOV-23 NO
         9 21-NOV-23 21-NOV-23 NO
         9 21-NOV-23 21-NOV-23 YES
        10 21-NOV-23 21-NOV-23 NO
        10 21-NOV-23 21-NOV-23 NO
        11 21-NOV-23 21-NOV-23 NO
        11 21-NOV-23 21-NOV-23 NO
        12 21-NOV-23 21-NOV-23 NO
        12 21-NOV-23 21-NOV-23 NO
        13 21-NOV-23 21-NOV-23 NO
        13 21-NOV-23 21-NOV-23 NO
        14 21-NOV-23 21-NOV-23 NO
        14 21-NOV-23 21-NOV-23 NO
        15 21-NOV-23 21-NOV-23 NO
        15 21-NOV-23 21-NOV-23 NO
        16 21-NOV-23 21-NOV-23 NO
        16 21-NOV-23 21-NOV-23 NO
        17 21-NOV-23 21-NOV-23 NO
        17 21-NOV-23 21-NOV-23 NO
        18 21-NOV-23 21-NOV-23 NO
        18 21-NOV-23 21-NOV-23 NO
        19 21-NOV-23 21-NOV-23 NO
        19 21-NOV-23 21-NOV-23 NO
        20 21-NOV-23 21-NOV-23 NO
        20 21-NOV-23 21-NOV-23 NO
        21 21-NOV-23 21-NOV-23 NO
        21 21-NOV-23 21-NOV-23 NO
        22 21-NOV-23 21-NOV-23 NO
        22 21-NOV-23 21-NOV-23 NO

30 rows selected.

SQL> SQL> /

 SEQUENCE# FIRST_TIM NEXT_TIME APPLIED
---------- --------- --------- ---------
         7 21-NOV-23 21-NOV-23 NO
         8 21-NOV-23 21-NOV-23 NO
         9 21-NOV-23 21-NOV-23 NO
         9 21-NOV-23 21-NOV-23 YES
        10 21-NOV-23 21-NOV-23 NO
        10 21-NOV-23 21-NOV-23 YES
        11 21-NOV-23 21-NOV-23 NO
        11 21-NOV-23 21-NOV-23 YES
        12 21-NOV-23 21-NOV-23 YES
        12 21-NOV-23 21-NOV-23 NO
        13 21-NOV-23 21-NOV-23 NO
        13 21-NOV-23 21-NOV-23 YES
        14 21-NOV-23 21-NOV-23 NO
        14 21-NOV-23 21-NOV-23 YES
        15 21-NOV-23 21-NOV-23 NO
        15 21-NOV-23 21-NOV-23 YES
        16 21-NOV-23 21-NOV-23 YES
        16 21-NOV-23 21-NOV-23 NO
        17 21-NOV-23 21-NOV-23 NO
        17 21-NOV-23 21-NOV-23 YES
        18 21-NOV-23 21-NOV-23 NO
        18 21-NOV-23 21-NOV-23 YES
        19 21-NOV-23 21-NOV-23 NO
        19 21-NOV-23 21-NOV-23 YES
        20 21-NOV-23 21-NOV-23 NO
        20 21-NOV-23 21-NOV-23 YES
        21 21-NOV-23 21-NOV-23 NO
        21 21-NOV-23 21-NOV-23 YES
        22 21-NOV-23 21-NOV-23 NO
        22 21-NOV-23 21-NOV-23 NO

30 rows selected.

SQL> /

 SEQUENCE# FIRST_TIM NEXT_TIME APPLIED
---------- --------- --------- ---------
         7 21-NOV-23 21-NOV-23 NO
         8 21-NOV-23 21-NOV-23 NO
         9 21-NOV-23 21-NOV-23 NO
         9 21-NOV-23 21-NOV-23 YES
        10 21-NOV-23 21-NOV-23 NO
        10 21-NOV-23 21-NOV-23 YES
        11 21-NOV-23 21-NOV-23 NO
        11 21-NOV-23 21-NOV-23 YES
        12 21-NOV-23 21-NOV-23 YES
        12 21-NOV-23 21-NOV-23 NO
        13 21-NOV-23 21-NOV-23 NO
        13 21-NOV-23 21-NOV-23 YES
        14 21-NOV-23 21-NOV-23 NO
        14 21-NOV-23 21-NOV-23 YES
        15 21-NOV-23 21-NOV-23 NO
        15 21-NOV-23 21-NOV-23 YES
        16 21-NOV-23 21-NOV-23 YES
        16 21-NOV-23 21-NOV-23 NO
        17 21-NOV-23 21-NOV-23 NO
        17 21-NOV-23 21-NOV-23 YES
        18 21-NOV-23 21-NOV-23 NO
        18 21-NOV-23 21-NOV-23 YES
        19 21-NOV-23 21-NOV-23 NO
        19 21-NOV-23 21-NOV-23 YES
        20 21-NOV-23 21-NOV-23 NO
        20 21-NOV-23 21-NOV-23 YES
        21 21-NOV-23 21-NOV-23 NO
        21 21-NOV-23 21-NOV-23 YES
        22 21-NOV-23 21-NOV-23 NO
        22 21-NOV-23 21-NOV-23 NO

30 rows selected.

SQL> login as: oracle
oracle@192.168.0.214's password:
Last login: Tue Nov 21 10:31:45 2023
[oracle@arun ~]$ cd /u01/rman_bkp/
[oracle@arun rman_bkp]$ ls -lrt
total 1415856
-rw-r-----. 1 oracle oinstall  66135552 Nov 18 12:18 0v2bpkcr_1_1
-rw-r-----. 1 oracle oinstall 108029440 Nov 18 12:18 0u2bpkcr_1_1
-rw-r-----. 1 oracle oinstall    720384 Nov 18 12:18 102bpkcs_1_1
-rw-r-----. 1 oracle oinstall 435470336 Nov 18 12:18 122bpkct_1_1
-rw-r-----. 1 oracle oinstall 828424192 Nov 18 12:18 112bpkct_1_1
-rw-r-----. 1 oracle oinstall      5632 Nov 18 12:18 132bpkd4_1_1
-rw-r-----. 1 oracle oinstall  11042816 Nov 18 12:18 c-3652303979-20231118-02
[oracle@arun rman_bkp]$ rm *
[oracle@arun rman_bkp]$ ls -lrt
total 0
[oracle@arun rman_bkp]$ vi /etc/oratab
[oracle@arun rman_bkp]$
[oracle@arun rman_bkp]$
[oracle@arun rman_bkp]$
SP2-0734: unknown command beginning "login as: ..." - rest of line ignored.
SQL> SP2-0734: unknown command beginning "oracle@192..." - rest of line ignored.
SQL> SP2-0734: unknown command beginning "Last login..." - rest of line ignored.
SQL> SP2-0734: unknown command beginning "[oracle@ar..." - rest of line ignored.
SP2-0044: For a list of known commands enter HELP
and to leave enter EXIT.
SQL> SP2-0734: unknown command beginning "[oracle@ar..." - rest of line ignored.
SQL> SP2-0734: unknown command beginning "total 1415..." - rest of line ignored.
SQL> SP2-0734: unknown command beginning "-rw-r-----..." - rest of line ignored.
SQL> SP2-0734: unknown command beginning "-rw-r-----..." - rest of line ignored.
SP2-0044: For a list of known commands enter HELP
and to leave enter EXIT.
SQL> SP2-0734: unknown command beginning "-rw-r-----..." - rest of line ignored.
SQL> SP2-0734: unknown command beginning "-rw-r-----..." - rest of line ignored.
SQL> SP2-0734: unknown command beginning "-rw-r-----..." - rest of line ignored.
SQL> SP2-0734: unknown command beginning "-rw-r-----..." - rest of line ignored.
SP2-0044: For a list of known commands enter HELP
and to leave enter EXIT.
SQL> SP2-0734: [oracle@arun rman_bkp]$
[oracle@arun rman_bkp]$ . oraenv
ORACLE_SID = [catlog] ? proddbs
The Oracle base has been set to /u01/app/oracle
[oracle@arun rman_bkp]$
[oracle@arun rman_bkp]$
[oracle@arun rman_bkp]$
[oracle@arun rman_bkp]$
[oracle@arun rman_bkp]$
[oracle@arun rman_bkp]$
[oracle@arun rman_bkp]$
[oracle@arun rman_bkp]$
[oracle@arun rman_bkp]$
[oracle@arun rman_bkp]$
[oracle@arun rman_bkp]$ cd $ORACLE_HOME
[oracle@arun dbhome_1]$ cd dbs
[oracle@arun dbs]$ ls -lrt
total 88
-rw-r-----. 1 oracle oinstall 2048 Nov 16 15:27 orapwproddb_bkp
-rw-r-----. 1 oracle oinstall   24 Nov 16 15:36 lkCATLOG
-rw-r--r--. 1 oracle oinstall 1126 Nov 17 09:30 initcatlog.ora
-rw-r-----. 1 oracle oinstall 6144 Nov 18 11:41 orapwcatlog
-rw-rw----. 1 oracle oinstall 1544 Nov 18 11:55 hc_gjdq.dat
-rw-rw----. 1 oracle oinstall 1544 Nov 18 11:56 hc_rBbz.dat
-rw-rw----. 1 oracle oinstall 1544 Nov 18 12:03 hc_fyxo.dat
-rw-rw----. 1 oracle oinstall 1544 Nov 18 12:08 hc_qyEt.dat
-rw-rw----. unknown command beginning "-rw-r-----..." - rest of line ignored.
1 oracle oinstall 1544 Nov 18 12:12 hc_dkpB.dat
-rw-rw----. 1 oracle oinstall 1544 Nov 18 12:23 hc_Dnej.dat
-rw-rw----. 1 oracle oinstall 1544 Nov 18 12:24 hc_sbwB.dat
-rw-rw----. 1 orSQL> acle oinstall 1544 Nov 18 12:26 hc_Dgca.dat
-rw-rw----. 1 oracle oinstall 1544 Nov 18 12:27 hc_zyEc.dat
-rw-r-----. 1 oracle oinstall   24 Nov 18 12:28 lkROFX_PITR_CATLOG
-rw-r-----. 1 oracle oinstall 9728 Nov 18 12:30 spfileroFx.ora
-rw-rw----. 1 oracSP2-0734: le oinstall 1544 Nov 18 12:30 hc_roFx.dat
-rw-rw----. 1 oracle oinstall 1544 Nov 21 10:30 hc_catlog.dat
-rw-r--r--. 1 oracle oinstall 1422 Nov 21 10:32 initprunknown command beginning "[oracle@ar..." - rest of line ignored.
oddb.ora
-rw-r-----. 1 oracle oinstall SQL> 2048 Nov 21 10:32 orapwproddb
[oracle@arun dbs]$ rm *
SP2-0734: unknown command beginning "[oracle@ar..." - rest of line ignored.
SQL> SP2-0042: unknown command "total 0" - rest of line ignored.
SP2-0044: For a list of known commands enter HELP
and to leave enter EXIT.
SQL> SP2-0734: unknown command beginning "[oracle@ar..." - rest of line ignored.
SQL> SP2-0734: unknown command beginning "[oracle@ar..." - rest of line ignored.
SQL> SP2-0734: unknown command beginning "[oracle@ar..." - rest of line ignored.
SQL> SP2-0734: unknown command beginning "[oracle@ar..." - rest of line ignored.
SP2-0044: For a list of known commands enter HELP
and to leave enter EXIT.
SQL> SP2-0734: unknown command beginning "[oracle@ar..." - rest of line ignored.
SQL> SP2-0734: unknown command beginning "[oracle@ar..." - rest of line ignored.
SQL> SP2-0734: unknown command beginning "ORACLE_SID..." - rest of line ignored.
SQL> [oracle@arun dbs]$ ls -lrt
totSP2-0734: al 8
-rw-r--r--. 1 oracle oinstall 1422 Nov 21 10:37 initproddb.ora
-rw-r-----. 1 oracle oinunknown command beginning "The Oracle..." - rest of line ignored.
stall 2048 Nov 21 10:37 orapwproddb
SP2-0044: [oracle@arun dbs]$ cp initproddb.ora initproddbs.ora
[oracle@aruFor a list of known commands enter HELP
n dbs]$ cp orapwproddb orapwprand to leave enter EXIT.
oddbs
[oracle@arun dbs]$ ls -lrt
total 16
-rw-r--r--. 1 oracle oinstall 1422 Nov 21 10:37 initproddb.ora
-rw-r-----. 1 oracle oinstallSQL>  2048 Nov 21 10:37 orapwproddb
-rw-r--r--. 1 oracle oinstall 1422 Nov 21 10:38 initproddbs.ora
-rw-r-----. 1 oracle oinstall 2048 Nov 21 10:38 orapwproddbs
[oracleSP2-0734: @arun dbs]$ env |grep ORA
ORACLE_SID=proddbs
ORACLE_BASE=/u01/app/oracle
ORACLE_HOME=/u01/app/oracle/product/19.0.0.0/dbunknown command beginning "[oracle@ar..." - rest of line ignored.
home_1
[oracle@arun dbs]$
SQL> [oracle@arun dbs]$
[oracle@arun dbs]$
[oracle@arun dbs]$ vi initproddbs.ora
[oracle@arun dbs]$
[oracle@arun SP2-0734: dbs]$
[oracle@arun dbs]$
[oracle@arun dbs]$
[oracle@arun dbs]$
[oracle@arun dbs]$
[oracle@arunknown command beginning "[oracle@ar..." - rest of line ignored.
un dbs]$ sqlplus / as sysdba
SQL>
SQL*Plus: Release 19.0.0.0.0 - Production on Tue Nov 21 10:43:20 2023
Version 19.3.0.0.0

Copyright (c) 1982, 2019, Oracle.  All rights reserved.

Connected to an idle instance.

SQL> startup nomount;
ORACLE instance staSP2-0734: rted.

Total System Global Area 1543500872 bytes
Fixed Size                  9135176 bytes
Variable Size           unknown command beginning "[oracle@ar..." - rest of line ignored.
  889192448 bytes
Database Buffers SQL>          637534208 bytes
Redo Buffers                7639040 bytes
SQL> exit
Disconnected from Oracle DatabSP2-0734: ase 19c Enterprise Edition Release 19.0.0.0.0 - Production
Version 19.3.0.0.0
[oracle@arun dunknown command beginning "[oracle@ar..." - rest of line ignored.
bs]$ cd ../network/admin/
[oracle@aSP2-0044: run admin]$ ls -lrt
total 8
drwxrwxrwx. 2 oracle oinstall For a list of known commands enter HELP
 64 Apr 17  2019 samples
-rw-and to leave enter EXIT.
r--r--. 1 oracle oinstall 476 Nov 1SQL> 7 10:05 listener.ora
-rw-r--r--. 1 oracle oinstall 709 Nov 17 10:17 tnsnames.ora
[oracle@arun admin]$ vi listeSP2-0734: ner.ora
[oracle@arun admin]$
[ounknown command beginning "[oracle@ar..." - rest of line ignored.
racle@arun admin]$
[oracle@arSQL> un admin]$
[oracle@arun admin]$
[oracle@arun admin]$ cat listener.ora
# listener.ora Network Configuration FiSP2-0734: le: /u01/app/oracle/product/19.0.0.0/dbhome_1/network/in/listener.ora
# Generated by Oracle configuunknown command beginning "[oracle@ar..." - rest of line ignored.
ration tools.

SID_SQL> LIST_LISTENER =
  (SID_LIST =
    (SID_DESC =
      (GLOBAL_DBNAME = proddb)
      (ORACLE_HOME = /u01/app/orSP2-0734: acle/product/19.0.0.0/dbhome_1)
      (SID_NAME = proddbs)
    )
  )

LISTENER =
unknown command beginning "[oracle@ar..." - rest of line ignored.
  (DESCRIPTION =
    (ADDRSQL> ESS = (PROTOCOL = TCP)(HOST = 192.168.0.214)(PORT = 1521))
  )

ADR_BASE_LISTENER = /u01/app/oracle
SP2-0734:
[oracle@arun admin]$ lsnrctl start

LSNRCTL for Linux: Version 19.0.0.0.0 - Productunknown command beginning "[oracle@ar..." - rest of line ignored.
ion on 21-NOV-2023 10:49:04

CopyrighSP2-0044: t (c) 1991, 2019, Oracle.  All rights reserved.



For a list of known commands enter HELP


Starting /u01/app/oraand to leave enter EXIT.
cle/product/19.0.0.0/dbhome_1/bin/tSQL> nslsnr: please wait...




TNSLSNR for Linux: Version 19.0.0.0.0 - Production
System parameter file SP2-0734: is /u01/app/oraclunknown command beginning "[oracle@ar..." - rest of line ignored.
e/product/19.0.0.0/dbhome_1/network/admSQL> in/listener.ora
Log messages writSP2-0734: ten to /u01/app/oracleunknown command beginning "[oracle@ar..." - rest of line ignored.
SQL> SP2-0734: /diag/tnslsnr/arun/listunknown command beginning "[oracle@ar..." - rest of line ignored.
ener/alert/log.xmSQL> SP2-0734: unknown command beginning "[oracle@ar..." - rest of line ignored.
SP2-0044: For a list of known commands enter HELP
and to leave enter EXIT.
SQL> SP2-0734: unknown command beginning "[oracle@ar..." - rest of line ignored.
l
Listening on: (DESCRIPTION=(ADDRESS=(PROTOCOL=tcp)(HOST=SQL> SP2-0042: unknown command "total 88" - rest of line ignored.
192.168.0SQL> SP2-0734: .unknown command beginning "-rw-r-----..." - rest of line ignored.
214)(PORT=1521)))

ConSQL> necting to (DESCRIPTION=(ADDRESS=(PROTOCOSP2-0734: unknown command beginning "-rw-r-----..." - rest of line ignored.
SP2-0044: For a list of known commands enter HELP
and to leave enter EXIT.
SQL> SP2-0734: unknown command beginning "-rw-r--r--..." - rest of line ignored.
SQL> SP2-0734: unknown command beginning "-rw-r-----..." - rest of line ignored.
SQL> SP2-0734: unknown command beginning "-rw-rw----..." - rest of line ignored.
SQL> SP2-0734: unknown command beginning "-rw-rw----..." - rest of line ignored.
SP2-0044: For a list of known commands enter HELP
and to leave enter EXIT.
SQL> SP2-0734: unknown command beginning "-rw-rw----..." - rest of line ignored.
SQL> SP2-0734: unknown command beginning "-rw-rw----..." - rest of line ignored.
SQL> SP2-0734: unknown command beginning "-rw-rw----..." - rest of line ignored.
SQL> SP2-0734: unknown command beginning "-rw-rw----..." - rest of line ignored.
SP2-0044: For a list of known commands enter HELP
and to leave enter EXIT.
SQL> SP2-0734: unknown command beginning "-rw-rw----..." - rest of line ignored.
SQL> SP2-0734: unknown command beginning "-rw-rw----..." - rest of line ignored.
SQL> SP2-0734: unknown command beginning "-rw-rw----..." - rest of line ignored.
SQL> SP2-0734: unknown command beginning "-rw-r-----..." - rest of line ignored.
SP2-0044: For a list of known commands enter HELP
and to leave enter EXIT.
SQL> SP2-0734: unknown command beginning "-rw-r-----..." - rest of line ignored.
SQL> SP2-0734: unknown command beginning "-rw-rw----..." - rest of line ignored.
SQL> L=TCP)(HOST=192.168.0.214)(PORT=1521)))
STATUS of the LISTENER
------------------------
Alias                     LISTENER
Version                   TNSLSNR for Linux: Version 19.0.0.0.0 - Production
Start Date                21-NOV-2023 10:49:29SP2-0734:
Uptime                    0 days 0 hr. 0 min. 24 sec
Trace Level               off
Security                  ON: Local OS Authunknown command beginning "-rw-rw----..." - rest of line ignored.
entication
SNMP                      OSQL> FF
Listener Parameter File   /u01/app/oracle/product/19.0.0.0/dbhome_1/network/admin/listener.or
Listener Log File         /u01/app/oraclSP2-0734: e/diag/tnslsnr/arun/listener/alert/log.xml
Listening Endpoints Summary...
  (DESCRIPTION=(ADunknown command beginning "-rw-r--r--..." - rest of line ignored.
DRESS=(PROTOCOL=tcp)(HOST=192.168.0.214)(PORT=1SP2-0044: 521)))
Services Summary...
Service "proddb" has 1 instance(sFor a list of known commands enter HELP
).
  Instance "proddbs", statand to leave enter EXIT.
us UNKNOWN, has 1 handler(s)SQL>  for this service...
The command completed successfully
[oracle@arun admin]$
[oracle@arun admin]$
[oracle@arunSP2-0734:  admin]$
[oracle@arun admin]$
[oracle@arun admin]$
[oracle@arun admin]$
[oracle@arun unknown command beginning "-rw-r-----..." - rest of line ignored.
admin]$
[oracle@arun adminSQL> SP2-0734: unknown command beginning "[oracle@ar..." - rest of line ignored.
SQL> SP2-0734: ]$ vi tnsnames.ora
[oracle@arun admin]$
[oracle@arun admin]$
[oracle@arun adunknown command beginning "[oracle@ar..." - rest of line ignored.
min]$
[oracle@arun admin]$SQL>
[oracle@arun admin]$
SP2-0042: unknown command "total 8" - rest of line ignored.
SP2-0044: For a list of known commands enter HELP
and to leave enter EXIT.
SQL> SP2-0734: unknown command beginning "-rw-r--r--..." - rest of line ignored.
SQL> SP2-0734: unknown command beginning "-rw-r-----..." - rest of line ignored.
SQL> SP2-0734: unknown command beginning "[oracle@ar..." - rest of line ignored.
SQL> SP2-0734: unknown command beginning "[oracle@ar..." - rest of line ignored.
SP2-0044: For a list of known commands enter HELP
and to leave enter EXIT.
SQL> SP2-0734: unknown command beginning "[oracle@ar..." - rest of line ignored.
SQL> SP2-0042: unknown command "total 16" - rest of line ignored.
SQL> SP2-0734: unknown command beginning "-rw-r--r--..." - rest of line ignored.
SQL> SP2-0734: unknown command beginning "-rw-r-----..." - rest of line ignored.
SP2-0044: For a list of known commands enter HELP
and to leave enter EXIT.
SQL> SP2-0734: unknown command beginning "-rw-r--r--..." - rest of line ignored.
SQL> SP2-0734: unknown command beginning "-rw-r-----..." - rest of line ignored.
SQL> SP2-0734: unknown command beginning "[oracle@ar..." - rest of line ignored.
SQL> SP2-0734: unknown command beginning "ORACLE_SID..." - rest of line ignored.
SP2-0044: For a list of known commands enter HELP
and to leave enter EXIT.
SQL> SP2-0734: unknown command beginning "ORACLE_BAS..." - rest of line ignored.
SQL> SP2-0734: unknown command beginning "ORACLE_HOM..." - rest of line ignored.
SQL> SP2-0734: unknown command beginning "[oracle@ar..." - rest of line ignored.
SQL> SP2-0734: unknown command beginning "[oracle@ar..." - rest of line ignored.
SP2-0044: For a list of known commands enter HELP
and to leave enter EXIT.
SQL> SP2-0734: unknown command beginning "[oracle@ar..." - rest of line ignored.
SQL> SP2-0734: unknown command beginning "[oracle@ar..." - rest of line ignored.
SQL> SP2-0734: unknown command beginning "[oracle@ar..." - rest of line ignored.
SQL> SP2-0734: unknown command beginning "[oracle@ar..." - rest of line ignored.
SP2-0044: For a list of known commands enter HELP
and to leave enter EXIT.
SQL> SP2-0734: unknown command beginning "[oracle@ar..." - rest of line ignored.
SQL> SP2-0734: unknown command beginning "[oracle@ar..." - rest of line ignored.
SQL> SP2-0734: unknown command beginning "[oracle@ar..." - rest of line ignored.
SQL> SP2-0734: unknown command beginning "[oracle@ar..." - rest of line ignored.
SP2-0044: For a list of known commands enter HELP
and to leave enter EXIT.
SQL> SP2-0734: unknown command beginning "[oracle@ar..." - rest of line ignored.
SQL> SQL> SP2-0734: unknown command beginning "SQL*Plus: ..." - rest of line ignored.
SQL> SP2-0734: unknown command beginning "Version 19..." - rest of line ignored.
SQL> SQL> SP2-0734: unknown command beginning "Copyright ..." - rest of line ignored.
SP2-0044: For a list of known commands enter HELP
and to leave enter EXIT.
SQL> SQL> SP2-0734: unknown command beginning "Connected ..." - rest of line ignored.
SQL> SQL> SP2-0734: unknown command beginning "SQL> start..." - rest of line ignored.
SQL> SP2-0734: unknown command beginning "ORACLE ins..." - rest of line ignored.
SQL> SQL> SP2-0734: unknown command beginning "Total Syst..." - rest of line ignored.
SP2-0044: For a list of known commands enter HELP
and to leave enter EXIT.
SQL> SP2-0734: unknown command beginning "Fixed Size..." - rest of line ignored.
SQL> Usage: VAR[IABLE] [ <variable> [ NUMBER | CHAR | CHAR (n [CHAR|BYTE]) |
                    VARCHAR2 (n [CHAR|BYTE]) | NCHAR | NCHAR (n) |
                    NVARCHAR2 (n) | CLOB | NCLOB | BLOB | BFILE
                    REFCURSOR | BINARY_FLOAT | BINARY_DOUBLE ] ]
SQL> SP2-0734: unknown command beginning "Database B..." - rest of line ignored.
SQL> SP2-0734: unknown command beginning "Redo Buffe..." - rest of line ignored.
SQL> SP2-0042: unknown command "SQL> exit" - rest of line ignored.
SQL> SP2-0734: unknown command beginning "Disconnect..." - rest of line ignored.
SP2-0044: For a list of known commands enter HELP
and to leave enter EXIT.
SQL> SP2-0734: unknown command beginning "Version 19..." - rest of line ignored.
SQL> SP2-0734: unknown command beginning "[oracle@ar..." - rest of line ignored.
SQL> SP2-0734: unknown command beginning "[oracle@ar..." - rest of line ignored.
SQL> SP2-0042: unknown command "total 8" - rest of line ignored.
SP2-0044: For a list of known commands enter HELP
and to leave enter EXIT.
SQL> SP2-0734: unknown command beginning "drwxrwxrwx..." - rest of line ignored.
SQL> SP2-0734: unknown command beginning "-rw-r--r--..." - rest of line ignored.
SQL> SP2-0734: unknown command beginning "-rw-r--r--..." - rest of line ignored.
SQL> SP2-0734: unknown command beginning "[oracle@ar..." - rest of line ignored.
SP2-0044: For a list of known commands enter HELP
and to leave enter EXIT.
SQL> SP2-0734: unknown command beginning "[oracle@ar..." - rest of line ignored.
SQL> SP2-0734: unknown command beginning "[oracle@ar..." - rest of line ignored.
SQL> SP2-0734: unknown command beginning "[oracle@ar..." - rest of line ignored.
SQL> SP2-0734: unknown command beginning "[oracle@ar..." - rest of line ignored.
SP2-0044: For a list of known commands enter HELP
and to leave enter EXIT.
SQL> SP2-0734: unknown command beginning "[oracle@ar..." - rest of line ignored.
SQL> SP2-0734: unknown command beginning "listener.o..." - rest of line ignored.
SQL> SP2-0734: unknown command beginning "Generated ..." - rest of line ignored.
SQL> SQL> SP2-0734: unknown command beginning "SID_LIST_L..." - rest of line ignored.
SP2-0044: For a list of known commands enter HELP
and to leave enter EXIT.
SQL>   2    3    4    5    6    7    8  SQL> SP2-0042: unknown command "LISTENER =" - rest of line ignored.
SQL>   2    3    4  SQL> SP2-0734: unknown command beginning "ADR_BASE_L..." - rest of line ignored.
SQL> SQL> SP2-0734: unknown command beginning "[oracle@ar..." - rest of line ignored.
SQL> SQL> SP2-0734: unknown command beginning "LSNRCTL fo..." - rest of line ignored.
SQL> SQL> SP2-0734: unknown command beginning "Copyright ..." - rest of line ignored.
SP2-0044: For a list of known commands enter HELP
and to leave enter EXIT.
SQL> SQL> SQL> SQL> SQL> SQL> SP2-0734: unknown command beginning "Starting /..." - rest of line ignored.
SQL> SQL> SQL> SQL> SQL> SP2-0734: unknown command beginning "TNSLSNR fo..." - rest of line ignored.
SQL> SP2-0734: unknown command beginning "System par..." - rest of line ignored.
SQL> SP2-0734: unknown command beginning "Log messag..." - rest of line ignored.
SP2-0044: For a list of known commands enter HELP
and to leave enter EXIT.
SQL> SP2-0734: unknown command beginning "Listening ..." - rest of line ignored.
SQL> SQL> SP2-0734: unknown command beginning "Connecting..." - rest of line ignored.
SQL> SP2-0734: unknown command beginning "STATUS of ..." - rest of line ignored.
SQL> SQL> SP2-0734: unknown command beginning "Alias     ..." - rest of line ignored.
SQL> SP2-0734: unknown command beginning "Version   ..." - rest of line ignored.
SQL> SP2-0310: unable to open file "Date.sql"
SQL> SP2-0734: unknown command beginning "Uptime    ..." - rest of line ignored.
SQL> SP2-0734: unknown command beginning "Trace Leve..." - rest of line ignored.
SQL> SP2-0734: unknown command beginning "Security  ..." - rest of line ignored.
SQL> SP2-0734: unknown command beginning "SNMP      ..." - rest of line ignored.
SP2-0044: For a list of known commands enter HELP
and to leave enter EXIT.
SQL> SP2-0734: unknown command beginning "Listener P..." - rest of line ignored.
SQL> SP2-0734: unknown command beginning "Listener L..." - rest of line ignored.
SQL> SP2-0734: unknown command beginning "Listening ..." - rest of line ignored.
SQL>   2    3    4    5    6    7    8    9   10   11   12   13   14   15   16   17   18   19  [oracle@arun admin]$
[oracle@arun admin]$
[oracle@arun admin]$
[oracle@arun admin]$
[oracle@arun admin]$ vi tnsnames.ora
[oracle@arun admin]$
[oracle@arun admin]$
[oracle@arun admin]$
[oracle@arun admin]$
[oracle@arun admin]$
[oracle@arun admin]$
[oracle@arun admin]$ sqlplus sys/proddb123@to_proddb as sysdba

SQL*Plus: Release 19.0.0.0.0 - Production on Tue Nov 21 10:54:11 2023
Version 19.3.0.0.0

Copyright (c) 1982, 2019, Oracle.  All rights reserved.


Connected to:
Oracle Database 19c E 20  nterprise Edition Release 19.0.0.0.0 - Production
Version 19.3.0.0.0

SQL> exit
Disconnected from Oracle Database 19c Enterprise Edition Release 19.0.0.0.0 - Production
Version 19.3.0.0.0
^[[A[oracle@arun admin]$ sqlplus sys/proddb123@to_proddbs as sysdb 21  a

SQL*Plus: Release 19.0.0.0.0 - Production on Tue Nov 21 10:55:06 2023
Version 19.3.0.0.0

Copyright (c) 1982, 2019, Oracle.  All rights reserved.

ERROR:
ORA-12514: TNS:listener does not currently know of service requested in connect
descriptor

 22
Enter user-name:
ERROR:
ORA-01017: invalid username/password; logon denied


Enter user-name:
ERROR:
ORA-01017: invalid username/password; logon denied


SP2-0157: unable to CONNECT to ORACLE after 3 attempts, exiting SQL*Plus
[oracle@arun admi 23  n]$
[oracle@arun admin]$
[oracle@arun admin]$
[oracle@arun admin]$
[oracle@arun admin]$
[oracle@arun admin]$ tnsping to_proddbs

TNS Ping Utility for Linux: Version 19.0.0.0.0 - Production on 21-NOV-2023 10:55:38

Copyright (c) 1997, 2019, Oracle 24  .  All rights reserved.

Used parameter files:


Used TNSNAMES adapter to resolve the alias
Attempting to contact (DESCRIPTION = (ADDRESS_LIST = (ADDRESS = (PROTOCOL = TCP)(HOST = 192.10.214)(PORT = 1521))) (CONNECT_DATA = (SERVICE_NAME = proddbs)))
 25   26   27   28   29   30   31  SQL> SP2-0734: unknown command beginning "SQL*Plus: ..." - rest of line ignored.
SQL> SP2-0734: unknown command beginning "Version 19..." - rest of line ignored.
SQL> SQL> SP2-0734: unknown command beginning "Copyright ..." - rest of line ignored.
SQL> SQL> SQL> SP2-0734: unknown command beginning "Connected ..." - rest of line ignored.
SP2-0044: For a list of known commands enter HELP
and to leave enter EXIT.
SQL> SP2-0734: unknown command beginning "Oracle Dat..." - rest of line ignored.
SQL> SP2-0734: unknown command beginning "Version 19..." - rest of line ignored.
SQL> SQL> SP2-0042: unknown command "SQL> exit" - rest of line ignored.
SQL> SP2-0734: unknown command beginning "Disconnect..." - rest of line ignored.
SP2-0044: For a list of known commands enter HELP
and to leave enter EXIT.
SQL> SP2-0734: unknown command beginning "Version 19..." - rest of line ignored.
SQL> SP2-0734: unknown command beginning "^[[A[oracl..." - rest of line ignored.
SQL> SQL> SP2-0734: unknown command beginning "SQL*Plus: ..." - rest of line ignored.
SQL> SP2-0734: unknown command beginning "Version 19..." - rest of line ignored.
SP2-0044: For a list of known commands enter HELP
and to leave enter EXIT.
SQL> SQL> SP2-0734: unknown command beginning "Copyright ..." - rest of line ignored.
SQL> SQL> SP2-0042: unknown command "ERROR:" - rest of line ignored.
SQL> SP2-0734: unknown command beginning "ORA-12514:..." - rest of line ignored.
SQL> SP2-0042: unknown command "descriptor" - rest of line ignored.
SP2-0044: For a list of known commands enter HELP
and to leave enter EXIT.
SQL> SQL> SQL> SP2-0734: unknown command beginning "Enter user..." - rest of line ignored.
SQL> SP2-0042: unknown command "ERROR:" - rest of line ignored.
SQL> SP2-0734: unknown command beginning "ORA-01017:..." - rest of line ignored.
SQL> SQL> SQL> SP2-0734: unknown command beginning "Enter user..." - rest of line ignored.
SP2-0044: For a list of known commands enter HELP
and to leave enter EXIT.
SQL> SP2-0042: unknown command "ERROR:" - rest of line ignored.
SQL> SP2-0734: unknown command beginning "ORA-01017:..." - rest of line ignored.
SQL> SQL> SQL> SP2-0734: unknown command beginning "SP2-0157: ..." - rest of line ignored.
SQL> SP2-0734: unknown command beginning "[oracle@ar..." - rest of line ignored.
SP2-0044: For a list of known commands enter HELP
and to leave enter EXIT.
SQL> SP2-0734: unknown command beginning "[oracle@ar..." - rest of line ignored.
SQL> SP2-0734: unknown command beginning "[oracle@ar..." - rest of line ignored.
SQL> SP2-0734: unknown command beginning "[oracle@ar..." - rest of line ignored.
SQL> SP2-0734: unknown command beginning "[oracle@ar..." - rest of line ignored.
SP2-0044: For a list of known commands enter HELP
and to leave enter EXIT.
SQL> SP2-0734: unknown command beginning "[oracle@ar..." - rest of line ignored.
SQL> SQL> SP2-0734: unknown command beginning "TNS Ping U..." - rest of line ignored.
SQL> SQL> SP2-0734: unknown command beginning "Copyright ..." - rest of line ignored.
SQL> SQL> SP2-0734: unknown command beginning "Used param..." - rest of line ignored.
SP2-0044: For a list of known commands enter HELP
and to leave enter EXIT.
SQL> SQL> SQL> SP2-0734: unknown command beginning "Used TNSNA..." - rest of line ignored.
SQL> SP2-0734: unknown command beginning "Attempting..." - rest of line ignored.
SQL>


OK (12290 msec)
[oracle@arun admin]$
[oracle@arun admin]$
[oracle@arun admin]$
[oracle@arun admin]$
[oracle@arun admin]$
[oracle@arun admin]$
[oracle@arun admin]$
[oracle@arun admin]$ vi listener.ora
[oracle@arun admin]$ lsnrctl stop

LSNRCTL for Linux: Version 19.0.0.0.0 - Production on 21-NOV-2023 10:56:30

Copyright (c) 1991, 2019, Oracle.  All rights reserved.

Connecting to (DESCRIPTION=(ADDRESS=(PROTOCOL=TCP)(HOST=192.168.0.214)(PORT=1521)))






The command completed successfully
SQL> [oracle@arun admin]$ \
>
[oracle@arun admin]$
[oracle@arun admin]$
[oracle@arun admin]$
[oracle@arun admin]$
[oracle@arun admin]$ lsnrctl start

LSNRCTL for Linux: Version 19.0.0.0.0 - Production on 21-NOV-2023 10:56:44

Copyright (c) 1991,SQL>  2019, Oracle.  All rights reserved.

Starting /u01/app/oracle/product/19.0.0.0/dbhome_1/bin/tnslsnr:SQL>  please wait...
SP2-0734: unknown command beginning "OK (12290 ..." - rest of line ignored.
SQL> SP2-0734: unknown command beginning "[oracle@ar..." - rest of line ignored.
SP2-0044: For a list of known commands enter HELP
and to leave enter EXIT.
SQL> SP2-0734: unknown command beginning "[oracle@ar..." - rest of line ignored.
SQL> SP2-0734: unknown command beginning "[oracle@ar..." - rest of line ignored.
SQL> SP2-0734: unknown command beginning "[oracle@ar..." - rest of line ignored.
SQL> SP2-0734: unknown command beginning "[oracle@ar..." - rest of line ignored.
SP2-0044: For a list of known commands enter HELP
and to leave enter EXIT.
SQL> SP2-0734: unknown command beginning "[oracle@ar..." - rest of line ignored.
SQL> SP2-0734: unknown command beginning "[oracle@ar..." - rest of line ignored.
SQL> SP2-0734: unknown command beginning "[oracle@ar..." - rest of line ignored.
SQL> SP2-0734: unknown command beginning "[oracle@ar..." - rest of line ignored.
SP2-0044: For a list of known commands enter HELP
and to leave enter EXIT.
SQL> SQL> SP2-0734: unknown command beginning "LSNRCTL fo..." - rest of line ignored.
SQL> SQL> SP2-0734: unknown command beginning "Copyright ..." - rest of line ignored.
SQL> SQL> SP2-0734: unknown command beginning "Connecting..." - rest of line ignored.
SQL> SQL> SQL> SQL> SQL> SQL> SQL> SP2-0734: unknown command beginning "The comman..." - rest of line ignored.
SP2-0044: For a list of known commands enter HELP
and to leave enter EXIT.
SQL> SP2-0734: unknown command beginning "[oracle@ar..." - rest of line ignored.
SQL> SP2-0042: unknown command ">" - rest of line ignored.
SQL> SP2-0734: unknown command beginning "[oracle@ar..." - rest of line ignored.
SQL> SP2-0734: unknown command beginning "[oracle@ar..." - rest of line ignored.
SP2-0044: For a list of known commands enter HELP
and to leave enter EXIT.
SQL> SP2-0734: unknown command beginning "[oracle@ar..." - rest of line ignored.
SQL> SP2-0734: unknown command beginning "[oracle@ar..." - rest of line ignored.
SQL> SP2-0734: unknown command beginning "[oracle@ar..." - rest of line ignored.
SQL> SQL> SP2-0734: unknown command beginning "LSNRCTL fo..." - rest of line ignored.
SP2-0044: For a list of known commands enter HELP
and to leave enter EXIT.
SQL> SQL> SP2-0734: unknown command beginning "Copyright ..." - rest of line ignored.
SQL> SQL> SP2-0734: unknown command beginning "Starting /..." - rest of line ignored.
SQL>
TNSLSNR for Linux: Version 19.0.0.0.0 - Production
System parameter file is /u01/app/oracle/product/19.0.0.0/dbhome_1/network/admin/listener.ora
Log messages written to /u01/app/oracle/diag/tnslsnr/arun/listener/alert/log.xml
Listening on: (DESCRIPTION=(ADDRESS=(PROTOCOL=tcp)(HOST=192.168.0.214)(PORT=1521)))

Connecting to (DESCRIPTION=(ADDRESS=(PROTOCOL=TCP)(HOST=192.168.0.214)(PORT=1521)))
STATUS of the LISTENER
------------------------
Alias                     LISTENER
Version                   TNSLSNR for Linux: Version 19.0.0.0.0 - Production
Start Date                21-NOV-2023 10:57:08
Uptime                    0 days 0 hr. 0 min. 24 sec
Trace Level               off
Security                  ON: Local OS Authentication
SNMP                      OFF
Listener Parameter File   /u01/app/oracle/product/19.0.0.0/dbhome_1/network/admin/listener.or
Listener Log File         /u01/app/oracle/diag/tnslsnr/arun/listener/alert/log.xml
Listening Endpoints Summary...
  (DESCRIPTION=(ADDRESSSQL> =(PROTOCOL=tcp)(HOST=192.168.0.214)(PORT=1521)))
Services Summary...
Service "proddbs" has 1 instance(s).
  Instance "proddbs", status UNKNOWN, has 1 handler(s) for this service...
The command completed successfully
[oracle@arun admin]$
[oracle@arun admin]$
[SP2-0734: oracle@arun admin]$ sqlplus sys/proddb123@to_proddbs as sysdba

SQL*Plus: Release 19.0.0.0.0 - Production on Tue Nov 21 10:57:26 2023
Version 19.3.0.0.0

Copyright (c) 1982, 2019, Oracle.  All rights reserved.


Connected to:
Oracle Database 19c Enunknown command beginning "TNSLSNR fo..." - rest of line ignored.
terprise Edition Release 19.0.0.0.0 - Production
Version 19.3.0.0.0

SQL> exit
Disconnected from SQL> Oracle Database 19c Enterprise Edition Release 19.0.0.0.0 - Production
SP2-0734: unknown command beginning "System par..." - rest of line ignored.
SP2-0044: For a list of known commands enter HELP
and to leave enter EXIT.
SQL> SP2-0734: unknown command beginning "Log messag..." - rest of line ignored.
SQL> SP2-0734: unknown command beginning "Listening ..." - rest of line ignored.
SQL> SQL> SP2-0734: unknown command beginning "Connecting..." - rest of line ignored.
SQL> SP2-0734: unknown command beginning "STATUS of ..." - rest of line ignored.
SP2-0044: For a list of known commands enter HELP
and to leave enter EXIT.
SQL> SQL> SP2-0734: unknown command beginning "Alias     ..." - rest of line ignored.
SQL> SP2-0734: unknown command beginning "Version   ..." - rest of line ignored.
SQL> SP2-0310: unable to open file "Date.sql"
SQL> SP2-0734: unknown command beginning "Uptime    ..." - rest of line ignored.
SQL> SP2-0734: unknown command beginning "Trace Leve..." - rest of line ignored.
SQL> SP2-0734: unknown command beginning "Security  ..." - rest of line ignored.
SQL> SP2-0734: unknown command beginning "SNMP      ..." - rest of line ignored.
SP2-0044: For a list of known commands enter HELP
and to leave enter EXIT.
SQL> SP2-0734: unknown command beginning "Listener P..." - rest of line ignored.
SQL> SP2-0734: unknown command beginning "Listener L..." - rest of line ignored.
SQL> SP2-0734: unknown command beginning "Listening ..." - rest of line ignored.
SQL>   2    3    4    5    6    7    8    9  SQL> SP2-0734: unknown command beginning "SQL*Plus: ..." - rest of line ignored.
SQL> SP2-0734: unknown command beginning "Version 19..." - rest of line ignored.
SQL> SQL> SP2-0734: unknown command beginning "Copyright ..." - rest of line ignored.
SQL> SQL> SQL> SP2-0734: unknown command beginning "Connected ..." - rest of line ignored.
SP2-0044: For a list of known commands enter HELP
and to leave enter EXIT.
SQL> SP2-0734: unknown command beginning "Oracle Dat..." - rest of line ignored.
SQL> SP2-0734: unknown command beginning "Version 19..." - rest of line ignored.
SQL> SQL> SP2-0042: unknown command "SQL> exit" - rest of line ignored.
SQL> SP2-0734: unknown command beginning "Disconnect..." - rest of line ignored.
SP2-0044: For a list of known commands enter HELP
and to leave enter EXIT.
SQL> Version 19.3.0.0.0
[oracle@arun admin]$ cat listener.ora
# listener.ora Network Configuration File: /u01/app/oracle/product/19.0.0.0/dbhome_1/network/in/listener.ora
# Generated by Oracle configuration tools.

SID_LIST_LISTENER =
  (SID_LIST =
    (SID_DESC =
      (GLOBAL_DBNAME = proddbs)
      (ORACLE_HOME = /u01/app/oracle/product/19.0.0.0/dbhome_1)
      (SID_NAME = proddbs)
    )
  )

LISTENER =
  (DESCRIPTION =
    (ADDRESS = (PROTOCOL = TCP)(HOST = 192.168.0.214)(PORT = 1521))
  )

ADR_BASE_LISTENER = /u01/app/oracle

[oracle@arun admin]$ ps -ef|grep smon
oracle    4328     1  0 10:45 ?        00:00:00 ora_smon_proddbs
oracle    5379  3413  0 10:59 pts/1    00:00:00 grep --color=auto smon
[oracle@arun admin]$ rmSP2-0734: an auxiliary /

Recovery Manager: Release 19.0.0.0.0 - Production on Tue Nov 21 11:00:05 2023
unknown command beginning "Version 19..." - rest of line ignored.
SQL> SP2-0734: unknown command beginning "[oracle@ar..." - rest of line ignored.
SQL> SP2-0734: unknown command beginning "listener.o..." - rest of line ignored.
SQL> SP2-0734: unknown command beginning "Generated ..." - rest of line ignored.
SP2-0044: For a list of known commands enter HELP
and to leave enter EXIT.
SQL> SQL> SP2-0734: unknown command beginning "SID_LIST_L..." - rest of line ignored.
SQL>   2    3    4    5    6    7    8  SQL> SP2-0042: unknown command "LISTENER =" - rest of line ignored.
SQL>   2    3    4  SQL> SP2-0734: unknown command beginning "ADR_BASE_L..." - rest of line ignored.
SQL> SQL> SP2-0734: unknown command beginning "[oracle@ar..." - rest of line ignored.
SQL> SP2-0734: unknown command beginning "oracle    ..." - rest of line ignored.
SQL> SP2-0734: unknown command beginning "oracle    ..." - rest of line ignored.
SP2-0044: For a list of known commands enter HELP
and to leave enter EXIT.
SQL> SP2-0734: unknown command beginning "[oracle@ar..." - rest of line ignored.
SQL> SQL> SP2-0734: unknown command beginning "Recovery M..." - rest of line ignored.
SQL> Version 19.3.0.0.0

Copyright (c) 1982, 2019, Oracle and/or its affiliates.  All rights reserved.

connected to auxiliary database: PRODDB (not mounted)

RMAN>

RMAN> exit


Recovery Manager complete.
[oracle@arun admin]$ cd ../../dbs
[oracle@arun dbs]$ cat initproddb
cat: initproddb: No such file or directory
[oracle@arun dbs]$ cat initproddb.ora
proddb.__data_transfer_cache_size=0
proddb.__db_cache_size=570425344
proddb.__inmemory_ext_roarea=0
proddb.__inmemory_ext_rwarea=0
prodSP2-0734: db.__java_pool_size=16777216
proddb.__large_pool_size=16777216
proddb.__oracle_base='/u01/app/oracle'#ORACLE_BASE set from environment
proddb.__pga_aggregate_target=620756992
proddb.__sga_target=922746880
proddb.__shared_io_pool_size=50331648
proddb.__shared_pool_size=251658240
unknown command beginning "Version 19..." - rest of line ignored.
proddb.__streams_pool_size=0
proddb.__unified_pga_pool_size=0
SQL> SQL> SP2-0734: unknown command beginning "Copyright ..." - rest of line ignored.
SP2-0044: For a list of known commands enter HELP
and to leave enter EXIT.
SQL> SQL> SP2-0734: unknown command beginning "connected ..." - rest of line ignored.
SQL> SQL> SP2-0042: unknown command "RMAN>" - rest of line ignored.
SQL> SQL> SP2-0042: unknown command "RMAN> exit" - rest of line ignored.
SQL> SQL> SQL> SP2-0734: unknown command beginning "Recovery M..." - rest of line ignored.
SP2-0044: For a list of known commands enter HELP
and to leave enter EXIT.
SQL> SP2-0734: unknown command beginning "[oracle@ar..." - rest of line ignored.
SQL> SP2-0734: unknown command beginning "[oracle@ar..." - rest of line ignored.
SQL> SP2-0734: unknown command beginning "cat: initp..." - rest of line ignored.
SQL> SP2-0734: unknown command beginning "[oracle@ar..." - rest of line ignored.
SP2-0044: For a list of known commands enter HELP
and to leave enter EXIT.
SQL> SP2-0734: unknown command beginning "proddb.__d..." - rest of line ignored.
SQL> SP2-0734: unknown command beginning "proddb.__d..." - rest of line ignored.
SQL> SP2-0734: unknown command beginning "proddb.__i..." - rest of line ignored.
SQL> SP2-0734: unknown command beginning "proddb.__i..." - rest of line ignored.
SP2-0044: For a list of known commands enter HELP
and to leave enter EXIT.
SQL> SP2-0734: unknown command beginning "proddb.__j..." - rest of line ignored.
SQL> SP2-0734: unknown command beginning "proddb.__l..." - rest of line ignored.
SQL> SP2-0734: unknown command beginning "proddb.__o..." - rest of line ignored.
SQL> SP2-0734: unknown command beginning "proddb.__p..." - rest of line ignored.
SP2-0044: For a list of known commands enter HELP
and to leave enter EXIT.
SQL> SP2-0734: unknown command beginning "proddb.__s..." - rest of line ignored.
SQL> SP2-0734: unknown command beginning "proddb.__s..." - rest of line ignored.
SQL> SP2-0734: unknown command beginning "proddb.__s..." - rest of line ignored.
SQL> SP2-0734: unknown command beginning "proddb.__s..." - rest of line ignored.
SP2-0044: For a list of known commands enter HELP
and to leave enter EXIT.
SQL> SP2-0734: unknown command beginning "proddb.__u..." - rest of line ignored.
SQL> *.audit_file_dest='/u01/app/oracle/admin/proddb/adump'
*.audit_trail='db'
*.compatible='19.0.0'
*.control_files='/u01/app/oracle/oradata/PRODDB/controlfile/o1_mf_lorcnv08_.ctl','/u01/app/ore/fast_recovery_area/PRODDB/controlfile/o1_mf_lorcnv1f_.ctl'
*.db_block_size=8192
*.db_create_file_dest='/u01/app/oracle/oradata'
*.db_name='proddb'
*.db_recovery_file_dest='/u01/app/oracle/fast_recovery_area'
*.db_recovery_file_dest_size=12732m
*.db_unique_name='proddb'
*.diagnostic_dest='/u01/app/oracle'
SP2-0734: *.dispatchers='(PROTOCOL=TCP) (SERVICE=proddbXDB)'
*.enable_pluggable_database=true
*.log_archive_config='DG_CONFIG=(proddb,proddbs)'
*.log_archive_dest_2='SERVICE=to_proddbs LGWR ASYNC VALID_FOR=(ONLINE_LOGFILES,PRIMARY_ROLE) UNIQUE_NAME=proddbs'
*.log_archiunknown command beginning "*.audit_fi..." - rest of line ignored.
ve_dest_state_2='ENABLE'
*.memory_target=1457m
SQL> SP2-0734: unknown command beginning "*.audit_tr..." - rest of line ignored.
SQL> SP2-0734: unknown command beginning "*.compatib..." - rest of line ignored.
SP2-0044: For a list of known commands enter HELP
and to leave enter EXIT.
SQL> SP2-0734: unknown command beginning "*.control_..." - rest of line ignored.
SQL> SP2-0734: unknown command beginning "*.db_block..." - rest of line ignored.
SQL> SP2-0734: unknown command beginning "*.db_creat..." - rest of line ignored.
SQL> SP2-0734: unknown command beginning "*.db_name=..." - rest of line ignored.
SP2-0044: For a list of known commands enter HELP
and to leave enter EXIT.
SQL> SP2-0734: unknown command beginning "*.db_recov..." - rest of line ignored.
SQL> SP2-0734: unknown command beginning "*.db_recov..." - rest of line ignored.
SQL> SP2-0734: unknown command beginning "*.db_uniqu..." - rest of line ignored.
SQL> SP2-0734: unknown command beginning "*.diagnost..." - rest of line ignored.
SP2-0044: For a list of known commands enter HELP
and to leave enter EXIT.
SQL> SP2-0734: unknown command beginning "*.dispatch..." - rest of line ignored.
SQL> SP2-0734: unknown command beginning "*.enable_p..." - rest of line ignored.
SQL> SP2-0734: unknown command beginning "*.log_arch..." - rest of line ignored.
SQL> SP2-0734: unknown command beginning "*.log_arch..." - rest of line ignored.
SP2-0044: For a list of known commands enter HELP
and to leave enter EXIT.
SQL> SP2-0734: unknown command beginning "*.log_arch..." - rest of line ignored.
SQL> SP2-0734: unknown command beginning "*.memory_t..." - rest of line ignored.
SQL> *.open_cursors=300
*.processes=320
*.remote_login_passwordfile='EXCLUSIVE'
*.standby_file_management='AUTO'
*.undo_tablespace='UNDOTBS1'
[oracle@arun dbs]$ mkdir -p /u01/app/oracle/admin/proddb/adump /u01/app/oracle/oradata/PRODDBntrolfile/ /u01/app/oracle/fast_recovery_area/PRODDB/controlfile/
[oracle@arun dbs]$ mkdir -p /u01/app/oracle/fast_recovery_area
[oracle@arun dbs]$
[oracle@arun dbs]$
[oracle@arun dbs]$
[oracle@arun dbs]$
[oracle@arun dbs]$
[oracle@arun dbs]$
[oracle@arun dSP2-0734: bs]$
[oracle@arun dbs]$
[oracle@arun dbs]$
[oracle@arun dbs]$ rman auxiliary /

Recovery Manager: Release 19.0.0.0.0 - Production on Tue Nov 21 11:01:36 2023
Version 19.3.0.0.0

Copyright (c) 1982, 2019, Oracle and/or its affiliates.  All rights reserunknown command beginning "*.open_cur..." - rest of line ignored.
ved.

connected to auxiliary database: PRODDB (not mounted)

RMAN> run {
allocate auxiliary channel t1 type disk;
duplicate target database for standby backup location '/u01/rmanSQL> _bkp' nofilenamecheck;
}2> 3> 4>

allocated channel: t1
channel t1: SID=1 device type=DISK

Starting Duplicate Db at 21-NOV-23
searching for database ID
found backup of database ID 893522802

contents of Memory Script:
{
   restore clone standby controlSP2-0734: file from  '/u01/rman_bkp/c-893522802-20231121-01';
}
executing Memory Script

Starting restore at 21-NOV-23
unknown command beginning "*.processe..." - rest of line ignored.

channel t1: restoring control file
channel t1: restore complete, elapsed time: 00:00:01
SP2-0044: output file name=/u01/app/oracle/oradata/PRODDB/controlfile/o1_mf_lorcnv08_.ctl
output file name=/u01/app/oracle/fast_recovery_area/PRODDB/controlfile/o1_mf_lorcnv1f_.ctl
Finished restore at 21-NOV-23

contents of Memory Script:
{
For a list of known commands enter HELP
   sql clone 'alter databaand to leave enter EXIT.
se mount standby database';
SQL> SP2-0734: unknown command beginning "*.remote_l..." - rest of line ignored.
SQL> SP2-0734: unknown command beginning "*.standby_..." - rest of line ignored.
SQL> SP2-0734: unknown command beginning "*.undo_tab..." - rest of line ignored.
SQL> SP2-0734: unknown command beginning "[oracle@ar..." - rest of line ignored.
SP2-0044: For a list of known commands enter HELP
and to leave enter EXIT.
SQL> SP2-0734: unknown command beginning "[oracle@ar..." - rest of line ignored.
SQL> SP2-0734: unknown command beginning "[oracle@ar..." - rest of line ignored.
SQL> SP2-0734: unknown command beginning "[oracle@ar..." - rest of line ignored.
SQL> SP2-0734: unknown command beginning "[oracle@ar..." - rest of line ignored.
SP2-0044: For a list of known commands enter HELP
and to leave enter EXIT.
SQL> SP2-0734: unknown command beginning "[oracle@ar..." - rest of line ignored.
SQL> SP2-0734: unknown command beginning "[oracle@ar..." - rest of line ignored.
SQL> SP2-0734: unknown command beginning "[oracle@ar..." - rest of line ignored.
SQL> SP2-0734: unknown command beginning "[oracle@ar..." - rest of line ignored.
SP2-0044: For a list of known commands enter HELP
and to leave enter EXIT.
SQL> SP2-0734: unknown command beginning "[oracle@ar..." - rest of line ignored.
SQL> SP2-0734: unknown command beginning "[oracle@ar..." - rest of line ignored.
SQL> SP2-0734: unknown command beginning "[oracle@ar..." - rest of line ignored.
SQL> SQL> SP2-0734: unknown command beginning "Recovery M..." - rest of line ignored.
SP2-0044: For a list of known commands enter HELP
and to leave enter EXIT.
SQL> SP2-0734: unknown command beginning "Version 19..." - rest of line ignored.
SQL> SQL> SP2-0734: unknown command beginning "Copyright ..." - rest of line ignored.
SQL> SQL> SP2-0734: unknown command beginning "connected ..." - rest of line ignored.
SQL> SQL> SP2-0734: unknown command beginning "RMAN> run ..." - rest of line ignored.
SP2-0044: For a list of known commands enter HELP
and to leave enter EXIT.
SQL> SP2-0734: unknown command beginning "allocate a..." - rest of line ignored.
SQL> SP2-0734: unknown command beginning "duplicate ..." - rest of line ignored.
SQL> SP2-0042: unknown command "}2> 3> 4>" - rest of line ignored.
SQL> SQL> SP2-0734: unknown command beginning "allocated ..." - rest of line ignored.
SP2-0044: For a list of known commands enter HELP
and to leave enter EXIT.
SQL> SP2-0734: unknown command beginning "channel t1..." - rest of line ignored.
SQL> SQL> SP2-0734: unknown command beginning "Starting D..." - rest of line ignored.
SQL> SP2-0734: unknown command beginning "searching ..." - rest of line ignored.
SQL> SP2-0734: unknown command beginning "found back..." - rest of line ignored.
SP2-0044: For a list of known commands enter HELP
and to leave enter EXIT.
SQL> SQL> SP2-0734: unknown command beginning "contents o..." - rest of line ignored.
SQL> SP2-0042: unknown command "{" - rest of line ignored.
SQL> SP2-0734: unknown command beginning "restore cl..." - rest of line ignored.
SQL> SP2-0042: unknown command "}" - rest of line ignored.
SP2-0044: For a list of known commands enter HELP
and to leave enter EXIT.
SQL> SP2-0734: unknown command beginning "executing ..." - rest of line ignored.
SQL> SQL> SP2-0734: unknown command beginning "Starting r..." - rest of line ignored.
SQL> SQL> SP2-0734: unknown command beginning "channel t1..." - rest of line ignored.
SQL> SP2-0734: unknown command beginning "channel t1..." - rest of line ignored.
SP2-0044: For a list of known commands enter HELP
and to leave enter EXIT.
SQL> SP2-0734: unknown command beginning "output fil..." - rest of line ignored.
SQL> SP2-0734: unknown command beginning "output fil..." - rest of line ignored.
SQL> SP2-0734: unknown command beginning "Finished r..." - rest of line ignored.
SQL> SQL> SP2-0734: unknown command beginning "contents o..." - rest of line ignored.
SP2-0044: For a list of known commands enter HELP
and to leave enter EXIT.
SQL> SP2-0042: unknown command "{" - rest of line ignored.
SQL> SP2-0734: unknown command beginning "sql clone ..." - rest of line ignored.
SQL> }
executing Memory Script

sql statement: alter database mount standby database
duplicating Online logs to Oracle Managed File (OMF) location
duplicating Datafiles to Oracle Managed File (OMF) location

contents of Memory Script:
{
   set newname forSP2-0042:  clone tempfile  1 to new;
   set newname for clone tempfile  2 to new;
   set newname for clone tempfile  3 to new;
   switch clone tempfile all;
   set newname for clone datafile  1 to new;
   set newname for clone datafile  3 to new;
   set neunknown command "}" - rest of line ignored.
wname for clone datafile  4 to new;
   set newname for clone datafile  5 to new;
   set newname for clone datafile  6 to new;
   set neSQL> wname for clone datafile  7 to new;
   set newname for clone datafile  8 to new;
   set newname for clone datafile  9 to new;
   set newname for clone datafile  10 to new;
SP2-0734: unknown command beginning "executing ..." - rest of line ignored.
SP2-0044: For a list of known commands enter HELP
and to leave enter EXIT.
SQL> SQL> SP2-0734: unknown command beginning "sql statem..." - rest of line ignored.
SQL> SP2-0734: unknown command beginning "duplicatin..." - rest of line ignored.
SQL> SP2-0734: unknown command beginning "duplicatin..." - rest of line ignored.
SQL> SQL> SP2-0734: unknown command beginning "contents o..." - rest of line ignored.
SP2-0044: For a list of known commands enter HELP
and to leave enter EXIT.
SQL> SP2-0042: unknown command "{" - rest of line ignored.
SQL> SP2-0158: unknown SET option "newname"
SQL> SP2-0158: unknown SET option "newname"
SQL> SP2-0158: unknown SET option "newname"
SQL> SP2-0734: unknown command beginning "switch clo..." - rest of line ignored.
SQL> SP2-0158: unknown SET option "newname"
SQL> SP2-0158: unknown SET option "newname"
SQL> SP2-0158: unknown SET option "newname"
SQL> SP2-0158: unknown SET option "newname"
SQL> SP2-0158: unknown SET option "newname"
SQL> SP2-0158: unknown SET option "newname"
SQL> SP2-0158: unknown SET option "newname"
SQL> SP2-0158: unknown SET option "newname"
SQL> SP2-0158: unknown SET option "newname"
SQL>    set newname for clone datafile  11 to new;
   set newname for clone datafile  12 to new;
   restore
   clone database
   ;
}
executing Memory Script

executing command: SET NEWNAME

executing command: SET NEWNAME

executing command: SET NEWNAME

renamed tempfile 1 to /u01/app/oracle/oradata/PRODDBS/datafile/o1_mf_temp_%u_.tmp in control file
renamed tempfile 2 to /u01/app/oracle/oradata/PRODDBS/0AA2E2ACC25E1ED2E0656240ADE77859/datafile/o1_mf_temp_%u_.tmp in control file
renamed tempfile 3 to /u01/app/oracle/oradata/PRODDBS/0AA2FFBBD68925F6E0656240ADE77859/datafile/o1_mf_temp_%u_.tmp in control file

executing command: SET NEWNAME

executing command: SET NEWNAME

executing command: SET NEWNAME

executing command: SET NEWNAME
SP2-0158:
executing command: SET NEWNAME

executing command: SET NEWNAME

executing command: SET NEWNAME

executing command: SET NEWNAME

executing command: SET NEWNAME

executing command: SET NEWNAME

executing command: SET NEWNAME

Starting restore unknown SET option "newname"
at 21-NOV-23

channel t1: starting datafile backup set restore
channel t1: specifying datafile(s) to restore from backup set
channel t1: restoring datafilSQL> e 00001 to /u01/app/oracle/oradata/PRODDBS/datafile/o1_mf_system_%u_.dbf
channel t1: restoring datafile 00007 to /u01/app/oracle/oradata/PRODDBS/datafile/o1_mf_users_%u_.dbf
channel t1: reading from backup piece /u01/rman_bkp/042c1asd_1_1
channel t1: pieceSP2-0158:  handle=/u01/rman_bkp/042c1asd_1_1 tag=TAG20231121T102516
channel t1: restored backup piece 1
channel t1: restore complete, unknown SET option "newname"
elapsed time: 00:00:07
channel t1: starting datafile backup seSQL> t restore
channel t1: specifying datafile(s) to restore from backup set
SP2-0042: unknown command "restore" - rest of line ignored.
SQL> SP2-0734: unknown command beginning "clone data..." - rest of line ignored.
SQL>   1    (DESCRIPTION =
  2      (ADDRESS = (PROTOCOL = TCP)(HOST = 192.168.0.214)(PORT = 1521))
  3*   )
SQL> SP2-0042: unknown command "}" - rest of line ignored.
SQL> SP2-0734: unknown command beginning "executing ..." - rest of line ignored.
SP2-0044: For a list of known commands enter HELP
and to leave enter EXIT.
SQL> SQL> SP2-0734: unknown command beginning "executing ..." - rest of line ignored.
SQL> SQL> SP2-0734: unknown command beginning "executing ..." - rest of line ignored.
SQL> SQL> SP2-0734: unknown command beginning "executing ..." - rest of line ignored.
SQL> SQL> SP2-0734: unknown command beginning "renamed te..." - rest of line ignored.
SP2-0044: For a list of known commands enter HELP
and to leave enter EXIT.
SQL> SP2-0734: unknown command beginning "renamed te..." - rest of line ignored.
SQL> SP2-0734: unknown command beginning "renamed te..." - rest of line ignored.
SQL> SQL> SP2-0734: unknown command beginning "executing ..." - rest of line ignored.
SQL> SQL> SP2-0734: unknown command beginning "executing ..." - rest of line ignored.
SP2-0044: For a list of known commands enter HELP
and to leave enter EXIT.
SQL> SQL> SP2-0734: unknown command beginning "executing ..." - rest of line ignored.
SQL> SQL> SP2-0734: unknown command beginning "executing ..." - rest of line ignored.
SQL> SQL> SP2-0734: unknown command beginning "executing ..." - rest of line ignored.
SQL> SQL> SP2-0734: unknown command beginning "executing ..." - rest of line ignored.
SP2-0044: For a list of known commands enter HELP
and to leave enter EXIT.
SQL> SQL> SP2-0734: unknown command beginning "executing ..." - rest of line ignored.
SQL> SQL> SP2-0734: unknown command beginning "executing ..." - rest of line ignored.
SQL> SQL> SP2-0734: unknown command beginning "executing ..." - rest of line ignored.
SQL> SQL> SP2-0734: unknown command beginning "executing ..." - rest of line ignored.
SP2-0044: For a list of known commands enter HELP
and to leave enter EXIT.
SQL> SQL> SP2-0734: unknown command beginning "executing ..." - rest of line ignored.
SQL> SQL> SP2-0734: unknown command beginning "Starting r..." - rest of line ignored.
SQL> SQL> SP2-0734: unknown command beginning "channel t1..." - rest of line ignored.
SQL> SP2-0734: unknown command beginning "channel t1..." - rest of line ignored.
SP2-0044: For a list of known commands enter HELP
and to leave enter EXIT.
SQL> SP2-0734: unknown command beginning "channel t1..." - rest of line ignored.
SQL> SP2-0734: unknown command beginning "channel t1..." - rest of line ignored.
SQL> SP2-0734: unknown command beginning "channel t1..." - rest of line ignored.
SQL> SP2-0734: unknown command beginning "channel t1..." - rest of line ignored.
SP2-0044: For a list of known commands enter HELP
and to leave enter EXIT.
SQL> SP2-0734: unknown command beginning "channel t1..." - rest of line ignored.
SQL> SP2-0734: unknown command beginning "channel t1..." - rest of line ignored.
SQL> SP2-0734: unknown command beginning "channel t1..." - rest of line ignored.
SQL> SP2-0734: unknown command beginning "channel t1..." - rest of line ignored.
SP2-0044: For a list of known commands enter HELP
and to leave enter EXIT.
SQL> channel t1: restoring datafile 00003 to /u01/app/oracle/oradata/PRODDBS/datafile/o1_mf_sysaux_%u_.dbf
channel t1: restoring datafile 00004 to /u01/app/oracle/oradata/PRODDBS/datafile/o1_mf_undotbs1_%u_.dbf
channel t1: reading from backup piece /u01/rman_bkp/052c1asd_1_1
channel t1: piece handle=/u01/rman_bkp/052c1asd_1_1 tag=TAG20231121T102516
channel t1: restored backup piece 1
channel t1: restore complete, elapsed time: 00:00:03
channel t1: starting datafile backup set restore
channel t1: specifying datafile(s) to restore from backup set
channel t1: restoring datafile 00005 to /u01/app/oracle/oradata/PRODDBS/0AA2E2ACC25E1ED2E0656240ADE77859/datafile/o1_mf_system_%u_.dbf
channel t1: restoring datafile 00008 to /u01/app/oracle/oradata/PRODDBS/0AA2E2SP2-0734: ACC25E1ED2E0656240ADE77859/datafile/o1_mf_undotbs1_%u_.dbf
unknown command beginning "channel t1..." - rest of line ignored.
SQL> SP2-0734: unknown command beginning "channel t1..." - rest of line ignored.
SQL> SP2-0734: unknown command beginning "channel t1..." - rest of line ignored.
SQL> SP2-0734: unknown command beginning "channel t1..." - rest of line ignored.
SP2-0044: For a list of known commands enter HELP
and to leave enter EXIT.
SQL> SP2-0734: unknown command beginning "channel t1..." - rest of line ignored.
SQL> SP2-0734: unknown command beginning "channel t1..." - rest of line ignored.
SQL> SP2-0734: unknown command beginning "channel t1..." - rest of line ignored.
SQL> SP2-0734: unknown command beginning "channel t1..." - rest of line ignored.
SP2-0044: For a list of known commands enter HELP
and to leave enter EXIT.
SQL> SP2-0734: unknown command beginning "channel t1..." - rest of line ignored.
SQL> SP2-0734: unknown command beginning "channel t1..." - rest of line ignored.
SQL> channel t1: reading from backup piece /u01/rman_bkp/072c1asg_1_1
channel t1: piece handle=/u01/rman_bkp/072c1asg_1_1 tag=TAG20231121T102516
channel t1: restored backup piece 1
channel t1: restore complete, elapsed time: 00:00:07
channel t1: starting datafile backup set restore
channel t1: specifying datafile(s) to restore from backup set
channel t1: restoring datafile 00006 to /u01/app/oracle/oradata/PRODDBS/0AA2E2ACC25E1ED2E0656240ADE77859/datafile/o1_mf_sysaux_%u_.dbf
channel t1: reading froSP2-0734: m backup piece /u01/rman_bkp/082c1ash_1_1
channel t1: piece handle=/u01/rman_bkp/082c1ash_1_1 tag=TAG20231121T102516
channel t1: restored backup piece 1
channel t1: restore complete, elapsed time: 00:00:03
channel t1: starting datafile backup set restore
unknown command beginning "channel t1..." - rest of line ignored.
channel t1: specifying datafile(s) to restore from backup set
channel t1: restoring datafile 00009 to /u01/app/oracle/oradata/PRODDBS/0AA2FFBBD68925F6E0656240ADE77859/datafile/o1_mf_system_%u_.dbf
channel t1: restoring datafile 00012 to /SQL> u01/app/oracle/oradata/PRODDBS/0AA2FFBBD68925F6E0656240ADE77859/datafile/o1_mf_users_%u_.dbf
channel t1: reading from backup piece /u01/rman_bkp/092c1ash_1_1
channel t1: piece handle=/u01/rman_bkp/092c1ash_1_1 tag=TAG20231121T102516
channel t1: restored backuSP2-0734: p piece 1
channel t1: restore complete, elapsed time: 00:00:01
channel t1: starting datafile backup set restore
channel t1: specifying datafile(s) to restore from bacunknown command beginning "channel t1..." - rest of line ignored.
kup set
channel t1: restoring datafile 00010 to /u01/app/oracle/oradata/PSP2-0044: RODDBS/0AA2FFBBD68925F6E0656240ADE77859/datafile/o1_mf_sysaux_%u_.dbf
channel t1: restoring datafile 00011 to /u01/app/oracle/oradata/PRODDBSFor a list of known commands enter HELP
/0AA2FFBBD68925F6E0656240ADE77859/datafile/o1_mf_undotbs1_%and to leave enter EXIT.
u_.dbf
SQL> SP2-0734: unknown command beginning "channel t1..." - rest of line ignored.
SQL> SP2-0734: unknown command beginning "channel t1..." - rest of line ignored.
SQL> SP2-0734: unknown command beginning "channel t1..." - rest of line ignored.
SQL> SP2-0734: unknown command beginning "channel t1..." - rest of line ignored.
SP2-0044: For a list of known commands enter HELP
and to leave enter EXIT.
SQL> SP2-0734: unknown command beginning "channel t1..." - rest of line ignored.
SQL> SP2-0734: unknown command beginning "channel t1..." - rest of line ignored.
SQL> SP2-0734: unknown command beginning "channel t1..." - rest of line ignored.
SQL> SP2-0734: unknown command beginning "channel t1..." - rest of line ignored.
SP2-0044: For a list of known commands enter HELP
and to leave enter EXIT.
SQL> SP2-0734: unknown command beginning "channel t1..." - rest of line ignored.
SQL> SP2-0734: unknown command beginning "channel t1..." - rest of line ignored.
SQL> SP2-0734: unknown command beginning "channel t1..." - rest of line ignored.
SQL> SP2-0734: unknown command beginning "channel t1..." - rest of line ignored.
SP2-0044: For a list of known commands enter HELP
and to leave enter EXIT.
SQL> SP2-0734: unknown command beginning "channel t1..." - rest of line ignored.
SQL> SP2-0734: unknown command beginning "channel t1..." - rest of line ignored.
SQL> SP2-0734: unknown command beginning "channel t1..." - rest of line ignored.
SQL> SP2-0734: unknown command beginning "channel t1..." - rest of line ignored.
SP2-0044: For a list of known commands enter HELP
and to leave enter EXIT.
SQL> SP2-0734: unknown command beginning "channel t1..." - rest of line ignored.
SQL> SP2-0734: unknown command beginning "channel t1..." - rest of line ignored.
SQL> SP2-0734: unknown command beginning "channel t1..." - rest of line ignored.
SQL> SP2-0734: unknown command beginning "channel t1..." - rest of line ignored.
SP2-0044: For a list of known commands enter HELP
and to leave enter EXIT.
SQL> SP2-0734: unknown command beginning "channel t1..." - rest of line ignored.
SQL> channel t1: reading from backup piece /u01/rman_bkp/062c1asg_1_1
channel t1: piece handle=/u01/rman_bkp/062c1asg_1_1 tag=TAG20231121T102516
channel t1: restored backup piece 1
channel t1: restore complete, elapsed time: 00:00:03
Finished restore at 21-NSP2-0734: OV-23

contents of Memory Script:
{
   switch clone datafile all;
}
executing Memory Script

datafile 1 switched to datafile copy
input datafile copy RECID=13 STAMP=1153479796 file name=/u01/app/oracle/oradata/PRODDBS/datafile/o1_mf_system_lorj84jk_.dbf
datafile 3 switched to datafile copy
input datafile copy RECID=14 STAMP=1153479796 file name=/u01/app/oracle/oradata/PRODDBS/datafile/o1_mf_sysaux_lorj8cnn_.dbf
datafile 4 switched to datafile copy
input datafile copy RECID=15 STAMP=1153479796 file unknown command beginning "channel t1..." - rest of line ignored.
name=/u01/app/oracle/oradata/PRODDBS/datafile/o1_mf_undotbs1_lorj8cnr_.dbf
SQL> SP2-0734: unknown command beginning "channel t1..." - rest of line ignored.
SQL> SP2-0734: unknown command beginning "channel t1..." - rest of line ignored.
SP2-0044: For a list of known commands enter HELP
and to leave enter EXIT.
SQL> SP2-0734: unknown command beginning "channel t1..." - rest of line ignored.
SQL> SP2-0734: unknown command beginning "Finished r..." - rest of line ignored.
SQL> SQL> SP2-0734: unknown command beginning "contents o..." - rest of line ignored.
SQL> SP2-0042: unknown command "{" - rest of line ignored.
SP2-0044: For a list of known commands enter HELP
and to leave enter EXIT.
SQL> SP2-0734: unknown command beginning "switch clo..." - rest of line ignored.
SQL> SP2-0042: unknown command "}" - rest of line ignored.
SQL> SP2-0734: unknown command beginning "executing ..." - rest of line ignored.
SQL> SQL> SP2-0734: unknown command beginning "datafile 1..." - rest of line ignored.
SP2-0044: For a list of known commands enter HELP
and to leave enter EXIT.
SQL> SQL> SP2-0734: unknown command beginning "datafile 3..." - rest of line ignored.
SQL> SQL> SP2-0734: unknown command beginning "datafile 4..." - rest of line ignored.
SQL> SQL> datafile 5 switched to datafile copy
input datafile copy RECID=16 STAMP=1153479796 file name=/u01/app/oracle/oradata/PRODDBS/0AA2E2ACC25E1ED2E0656240ADE77859/datafile/o1_mf_system_lorj8goq_.dbf
datafile 6 switched to datafile copy
input datafile copy RECID=17 STAMP=1153479796 file name=/u01/app/oracle/oradata/PRODDBS/0AA2E2ACC25E1ED2E0656240ADE77859/datafile/o1_mf_sysaux_lorj8oph_.dbf
datafile 7 switched to datafile copy
input datafile copy RECID=18 STAMP=1153479796 file name=/u01/app/oracle/oradata/PRODDBS/datafile/o1_mf_users_lorj84jt_.dbf
datafile 8 switched to datafile copy
input datafile copy RECID=19 STAMP=1153479796 file name=/u01/app/oracle/oradata/PRODDBS/0AA2E2ACC25E1ED2E0656240ADE77859/datafile/o1_mf_undotbs1_lorj8gow_.dbf
datafile 9 switcSP2-0734: hed to datafile copy
input datafile copy RECID=20 STAMP=1153479796 file name=/u01/app/oracle/oradata/PRODDBS/0AA2FFBBD68925F6E0656240ADE77unknown command beginning "datafile 5..." - rest of line ignored.
859/datafile/o1_mf_system_lorj8rqh_.dbf
datafile 10 switched to datafile copy
input datafile copy RECID=21 STAMP=1153479797 file name=/u01/app/oracle/oradata/PRODDBS/0AA2FFBBD68925F6E0656240ADE77859/datafile/o1_mf_sysaux_lorj8srb_SQL> .dbf
datafile 11 switched to datafile copy
input datafile copy RECID=22 STAMP=1153479797 file name=/u01/app/oracle/oradata/PRODDBS/0AA2FFBBD68925F6E0656240ADE77859/datafile/o1_mf_undotbs1_lorj8srg_.dbf
datafile 12 switched to datafile copy
input datafileSQL>  copy RECID=23 STAMP=1153479797 file name=/u01/app/oracle/oradata/PRODDBS/0AA2FFBBD68925F6E0656240ADE77859/datafile/o1_mf_users_lorj8rqm_.dbf
Finished Duplicate Db at 21-NOV-23
released channel: t1
SP2-0734:
RMAN> exit


Recovery Manager complete.
[oracle@arun dbs]$ sqlplus / as sysdba

SQL*Plus: Release 19.0.0.0.0 - Production on Tue Nov 21 11:05:06 2023
Version 19.3.0.0.0
unknown command beginning "datafile 6..." - rest of line ignored.
SQL> SQL> SP2-0734: unknown command beginning "datafile 7..." - rest of line ignored.
SQL> SQL> SP2-0734: unknown command beginning "datafile 8..." - rest of line ignored.
SQL> SQL> SP2-0734: unknown command beginning "datafile 9..." - rest of line ignored.
SQL> SQL> SP2-0734: unknown command beginning "datafile 1..." - rest of line ignored.
SQL> SQL> SP2-0734: unknown command beginning "datafile 1..." - rest of line ignored.
SQL> SQL> SP2-0734: unknown command beginning "datafile 1..." - rest of line ignored.
SQL> SQL> SP2-0734: unknown command beginning "Finished D..." - rest of line ignored.
SQL> SP2-0734: unknown command beginning "released c..." - rest of line ignored.
SQL> SQL> SP2-0042: unknown command "RMAN> exit" - rest of line ignored.
SQL> SQL> SQL> SP2-0734: unknown command beginning "Recovery M..." - rest of line ignored.
SP2-0044: For a list of known commands enter HELP
and to leave enter EXIT.
SQL> SP2-0734: unknown command beginning "[oracle@ar..." - rest of line ignored.
SQL> SQL> SP2-0734: unknown command beginning "SQL*Plus: ..." - rest of line ignored.
SQL> SP2-0734: unknown command beginning "Version 19..." - rest of line ignored.
SQL>
Copyright (c) 1982, 2019, Oracle.  All rights reserved.

select open_mode from v$database;
select status from v$instance;



Connected to:
Oracle Database 19c Enterprise Edition Release 19.0.0.0.0 - Production
Version 19.3.0.0.0

SQL>
OPEN_MODE
--------------------
MOUNTED

SQL>
STATUS
------------
MOUNTED

SQL> SQL> SQL>
SQL>
SQL>
SQL>
SQL>
SQL>
SQL> select current_scn from v$database
  2  /

CURRENT_SCN
-----------
    2141189

SQL> /

CURRENT_SCN
-------SQL> ----
    2141189

SQL> /

CURRENT_SCN
-----------
    2141189

SQL> /

CURRENT_SCN
-----------
    2141189

SQL> /

CURRENT_SCN
-----------
    2141189

SQL> /
/
CURRENT_SCN
-----------
    2141189

SQL>

CURRENT_SCN
SP2-0734: -----------
    2141189

SQL> archive log list;
Database log mode              Archive Mode
Automatic archival             Enabled
unknown command beginning "Copyright ..." - rest of line ignored.
SP2-0044: For a list of known commands enter HELP
and to leave enter EXIT.
SQL> SQL>
OPEN_MODE
--------------------
READ WRITE

SQL>
STATUS
------------
OPEN

SQL> SQL> SQL> SQL> SP2-0734: unknown command beginning "Connected ..." - rest of line ignored.
SQL> SP2-0734: unknown command beginning "Oracle Dat..." - rest of line ignored.
SQL> SP2-0734: unknown command beginning "Version 19..." - rest of line ignored.
SQL> SQL> SP2-0042: unknown command "SQL>" - rest of line ignored.
SP2-0044: For a list of known commands enter HELP
and to leave enter EXIT.
SQL> SP2-0042: unknown command "OPEN_MODE" - rest of line ignored.
SQL> SQL> SP2-0042: unknown command "MOUNTED" - rest of line ignored.
SQL> SQL> SP2-0042: unknown command "SQL>" - rest of line ignored.
SQL> SP2-0042: unknown command "STATUS" - rest of line ignored.
SQL> SQL> SP2-0042: unknown command "MOUNTED" - rest of line ignored.
SQL> SQL> SP2-0734: unknown command beginning "SQL> SQL> ..." - rest of line ignored.
SQL> SP2-0042: unknown command "SQL>" - rest of line ignored.
SQL> SP2-0042: unknown command "SQL>" - rest of line ignored.
SP2-0044: For a list of known commands enter HELP
and to leave enter EXIT.
SQL> SP2-0042: unknown command "SQL>" - rest of line ignored.
SQL> SP2-0042: unknown command "SQL>" - rest of line ignored.
SQL> SP2-0042: unknown command "SQL>" - rest of line ignored.
SQL> SP2-0734: unknown command beginning "SQL> selec..." - rest of line ignored.
SP2-0044: For a list of known commands enter HELP
and to leave enter EXIT.
SQL> SQL> SQL> SP2-0734: unknown command beginning "CURRENT_SC..." - rest of line ignored.
SQL> SQL> SP2-0226: Invalid line number
SQL> SQL> SP2-0042: unknown command "SQL> /" - rest of line ignored.
SQL> SQL> SP2-0734: unknown command beginning "CURRENT_SC..." - rest of line ignored.
SQL> SQL> SP2-0226: Invalid line number
SQL> SQL> SP2-0042: unknown command "SQL> /" - rest of line ignored.
SQL> SQL> SP2-0734: unknown command beginning "CURRENT_SC..." - rest of line ignored.
SQL> SQL> SP2-0226: Invalid line number
SQL> SQL> SP2-0042: unknown command "SQL> /" - rest of line ignored.
SQL> SQL> SP2-0734: unknown command beginning "CURRENT_SC..." - rest of line ignored.
SQL> SQL> SP2-0226: Invalid line number
SQL> SQL> SP2-0042: unknown command "SQL> /" - rest of line ignored.
SQL> SQL> SP2-0734: unknown command beginning "CURRENT_SC..." - rest of line ignored.
SQL> SQL> SP2-0226: Invalid line number
SQL> SQL> SP2-0042: unknown command "SQL> /" - rest of line ignored.
SQL>  /
 *
ERROR at line 2:
ORA-00933: SQL command not properly ended


SQL> SP2-0734: unknown command beginning "CURRENT_SC..." - rest of line ignored.
SQL> SQL> SP2-0226: Invalid line number
SQL> SQL> SP2-0042: unknown command "SQL>" - rest of line ignored.
SQL> SQL> SP2-0734: unknown command beginning "CURRENT_SC..." - rest of line ignored.
SQL> SQL> SP2-0226: Invalid line number
SQL> SQL> SP2-0734: unknown command beginning "SQL> archi..." - rest of line ignored.
SQL> SP2-0734: unknown command beginning "Database l..." - rest of line ignored.
SQL> SP2-0734: unknown command beginning "Automatic ..." - rest of line ignored.
SQL> Archive destination            USE_DB_RECOVERY_FILE_DEST
Oldest online log sequence     0
Next log sequence to archive   0
Current log sequence           0
SQL> set lines 300 pages 300;
col DB_UNIQUE_NAME for a10;
select name,db_unique_name,open_mode,DATABASE_ROLE,PROTECTION_MODE,SWITCHOVER#,SWITCHOVER_status,current_scn from v$database;
SQL> SQL>
NAME      DB_UNIQUE_ OPEN_MODE            DATABASE_ROLE    PROTECTION_MODE      SWITCHOVER# SWITCHOVER_STATUS         CURRENT_SCN
--------- ---------- -------------------- ---------------- -------------------- ----------- -------------------- -----------
PRODDB    proddbs    MOUNTED              PHYSICAL STANDBY MAXIMUM PERFORMANCE            0 RECOVERY NEEDED       2141189

SQL>
SQL>
SQL>
SQL>
SP2-0734: SQL>
SQL>
---------- --------- --------- ---------
         7 21-NOV-23 21-NOV-23 NO
         8 21-NOV-23 21-NOV-23 NO
         9 21-NOV-23 21-NOV-23 NO
        10 21-NOV-23 21-NOV-23 NO
        10 21-NOV-23 21-NOV-23 NO
        11 21-NOV-23 21-Nunknown command beginning "Archive de..." - rest of line ignored.
OV-23 NO
        11 21-NOV-23 21-NOV-23 NO
        12 21-NOV-23 21-NOV-23 NO
        12 21-NOV-23 2SP2-0044: 1-NOV-23 NO
        13 21-NOV-23 21-NOV-23 NO
        13 21-NOV-23 21-NOV-23 NO
        14 21-NOV-23 21-NOV-23 NO
        14 2For a list of known commands enter HELP
1-NOV-23 21-NOV-23 NO
        15 21-NOV-23and to leave enter EXIT.
 21-NOV-23 NO
        15 21-NOV-23 21-NOV-23 NO
SQL> SQL> SQL> SQL> SQL> SQL> SQL> SQL> SQL> SQL> SQL> SQL> SQL> SQL> SQL> SQL> SQL>
SQL>
SQL>
SQL>SQL>  exit
Disconnected from Oracle Database 19c Enterprise Edition Release 19.0.0.0.0 - Production
Version 19.3.0.0.0
[oracle@arun dbs]$ cd /u01/app/oracle/fast_recovery_area/PRODDB/archivelog/2023_11_21
-bash: cd: /u01/app/oracle/fast_recovery_area/PRODDB/arSP2-0734: chivelog/2023_11_21: No such file or directory
unknown command beginning "Oldest onl..." - rest of line ignored.
SQL> SP2-0734: unknown command beginning "Next log s..." - rest of line ignored.
SQL> SP2-0734: unknown command beginning "Current lo..." - rest of line ignored.
SQL> SP2-0734: unknown command beginning "SQL> set l..." - rest of line ignored.
SP2-0044: For a list of known commands enter HELP
and to leave enter EXIT.
SQL> SQL>
NAME      DB_UNIQUE_ OPEN_MODE            DATABASE_ROLE    PROTECTION_MODE      SWITCHOVER# SWITCHOVER_STATUS   CURRENT_SCN
--------- ---------- -------------------- ---------------- -------------------- ----------- -------------------- -----------
PRODDB    proddb     READ WRITE           PRIMARY          MAXIMUM PERFORMANCE    893505138 FAILED DESTINATION      2196683

SQL> SP2-0042: unknown command "SQL> SQL>" - rest of line ignored.
SQL> SP2-0734: unknown command beginning "NAME      ..." - rest of line ignored.
SQL> SQL> SP2-0734: unknown command beginning "PRODDB    ..." - rest of line ignored.
SQL> SQL> SP2-0042: unknown command "SQL>" - rest of line ignored.
SQL> SP2-0042: unknown command "SQL>" - rest of line ignored.
SQL> SP2-0042: unknown command "SQL>" - rest of line ignored.
SP2-0044: For a list of known commands enter HELP
and to leave enter EXIT.
SQL> SP2-0042: unknown command "SQL>" - rest of line ignored.
SQL> SP2-0042: unknown command "SQL>" - rest of line ignored.
SQL> SP2-0042: unknown command "SQL>" - rest of line ignored.
SQL> SQL> SQL> SQL> SQL> SQL> SQL> SQL> SQL> SQL> SQL> SQL> SQL> SQL> SQL> SQL> SQL> SP2-0734: unknown command beginning "SQL> SQL> ..." - rest of line ignored.
SQL> SP2-0042: unknown command "SQL>" - rest of line ignored.
SQL> SP2-0042: unknown command "SQL>" - rest of line ignored.
SQL> SP2-0042: unknown command "SQL> exit" - rest of line ignored.
SP2-0044: For a list of known commands enter HELP
and to leave enter EXIT.
SQL> SP2-0734: unknown command beginning "Disconnect..." - rest of line ignored.
SQL> SP2-0734: unknown command beginning "Version 19..." - rest of line ignored.
SQL> SP2-0734: unknown command beginning "[oracle@ar..." - rest of line ignored.
SQL> SP2-0734: unknown command beginning "-bash: cd:..." - rest of line ignored.
SP2-0044: For a list of known commands enter HELP
and to leave enter EXIT.
SQL> [oracle@arun dbs]$ cd /u01/app/oracle/fast_recovery_area/PRODDB/archivelog/
[oracle@arun archivelog]$ ls -lrt
total 12
drwxr-x---. 2 oracle oinstall 4096 Oct 19 17:06 2023_10_19
drwxr-x---. 2 oracle oinstall 4096 Oct 27 19:53 2023_10_27
drwxr-x---. 2 oracle oinstall   37 Oct 28 10:45 2023_10_28
drwxr-x---. 2 oracle oinstall   37 Oct 29 10:52 2023_10_29
drwxr-x---. 2 oracle oinstall   37 Nov 13 20:57 2023_11_13
drwxr-x---. 2 oracle oinstall 4096 Nov 14 15:09 2023_11_14
[oracle@arun archivelog]$ SP2-0734: cd ..
[oracle@arun PRODDB]$ ls -lrt
total 8
drwxr-x---. 3 oracle oinstall   24 Nov 14 14:54 backupset
drwxr-x---. 8 oracle oinstall 4096 Nov 14 14:54 autobackup
drwxr-x---. 2 oracle oinstall   27 Nov 15 09:27 onlinelog
drwxr-x---. 8 oracle oinstall 4unknown command beginning "[oracle@ar..." - rest of line ignored.
096 Nov 15 09:27 archivelog
drwxr-x---. 2 oracle oinstall   60 Nov 21 11:02 controlfile
SQL> SP2-0734: unknown command beginning "[oracle@ar..." - rest of line ignored.
SQL> SP2-0042: unknown command "total 12" - rest of line ignored.
SQL> SP2-0734: unknown command beginning "drwxr-x---..." - rest of line ignored.
SP2-0044: For a list of known commands enter HELP
and to leave enter EXIT.
SQL> SP2-0734: unknown command beginning "drwxr-x---..." - rest of line ignored.
SQL> SP2-0734: unknown command beginning "drwxr-x---..." - rest of line ignored.
SQL> SP2-0734: unknown command beginning "drwxr-x---..." - rest of line ignored.
SQL> SP2-0734: unknown command beginning "drwxr-x---..." - rest of line ignored.
SP2-0044: For a list of known commands enter HELP
and to leave enter EXIT.
SQL> SP2-0734: unknown command beginning "drwxr-x---..." - rest of line ignored.
SQL> SP2-0734: unknown command beginning "[oracle@ar..." - rest of line ignored.
SQL> SP2-0734: unknown command beginning "[oracle@ar..." - rest of line ignored.
SQL> SP2-0042: unknown command "total 8" - rest of line ignored.
SP2-0044: For a list of known commands enter HELP
and to leave enter EXIT.
SQL> SP2-0734: unknown command beginning "drwxr-x---..." - rest of line ignored.
SQL> SP2-0734: unknown command beginning "drwxr-x---..." - rest of line ignored.
SQL> SP2-0734: unknown command beginning "drwxr-x---..." - rest of line ignored.
SQL> SP2-0734: unknown command beginning "drwxr-x---..." - rest of line ignored.
SP2-0044: For a list of known commands enter HELP
and to leave enter EXIT.
SQL> SP2-0734: unknown command beginning "drwxr-x---..." - rest of line ignored.
SQL> [oracle@arun PRODDB]$ cd ..
[oracle@arun fast_recovery_area]$ ls -lrt
total 0
drwxr-x---. 7 oracle oinstall 95 Nov 15 09:27 PRODDB
drwxr-x---. 3 oracle oinstall 24 Nov 15 09:28 TESTDB
drwxr-xr-x. 3 oracle oinstall 24 Nov 16 09:48 SBIDEV
drwxr-xr-x. 4 oracle oinstall 42 Nov 21 10:30 CATLOG
drwxr-x---. 4 oracle oinstall 41 Nov 21 11:03 PRODDBS
[oracle@arun fast_recovery_area]$ cd PRODDBS
[oracle@arun PRODDBS]$ ls -lrt
total 4
drwxr-x---. 3 oracle oinstall   24 Nov 21 11:02 archivelog
drwxr-x---. 2 oracle oinstall 4096 Nov 21 11:03 onlinelog
[oracle@arun PRODDBS]$ cd archivelog/2023_11_21/
[oracle@arun 2023_11_21]$ ls -lrt
total 8428
-rw-r-----. 1 oracle oinstall 8608768 Nov 21 11:07 o1_mf_1_10_lorjj27o_.arc
-rw-r-----. 1 oraclSP2-0734: e oinstall    1536 Nov 21 11:07 o1_mf_1_11_lorjj3dc_.arc
-rw-r-----. 1 oracle oinstall    2560 Nov 21 11:07 o1_mf_1_12_lorjj4tm_.arc
-rw-r-----. 1 oracle oinstall    1024 Nov 21 11:07 o1_mf_1_13_lorjj51s_.arc
-rw-r-----. 1 oracle oinstall    2048 Nov 21 11:0unknown command beginning "[oracle@ar..." - rest of line ignored.
7 o1_mf_1_14_lorjj7tm_.arc
-rw-r-----. 1 oracle oinstall    1024 Nov 21 11:07 o1_mf_1_15_lorjj82n_.arc
[oracle@arun 2023_11_21]$
[oracle@arun 2023_1SQL> 1_21]$
[oracle@arun 2023_11_21]$
[oracle@arun 2023_11_21]$
[oracle@arun 2023_11_21]$ ls -lrt
total 8676
-rw-r-----. 1 oracle oinstall 8608768 Nov 21 11:07 o1_mf_1_10_lorjj27o_.arc
-rw-r-----. 1 oracle oinstall    1536 Nov 21 11:07 o1_mf_1_11_lorjjSP2-0734: 3dc_.arc
-rw-r-----. 1 oracle oinstall    2560 Nov 21 11:07 o1_mf_1_12_lorjj4tm_.arc
-rw-r-----. 1 oracle oinstall    1024 Nov 21 11:07 o1_mf_1_13_lorjj51s_.arc
-rw-r-----. 1 oracle oinstall    2048 Nov 21 11:07 o1_mf_1_14_lorjj7tmunknown command beginning "[oracle@ar..." - rest of line ignored.
_.arc
-rw-r-----. 1 oracle oinstall    1024 Nov 21 11:07 o1_mf_1_15_lorjj82n_.arc
SQL> SP2-0042: unknown command "total 0" - rest of line ignored.
SP2-0044: For a list of known commands enter HELP
and to leave enter EXIT.
SQL> SP2-0734: unknown command beginning "drwxr-x---..." - rest of line ignored.
SQL> SP2-0734: unknown command beginning "drwxr-x---..." - rest of line ignored.
SQL> SP2-0734: unknown command beginning "drwxr-xr-x..." - rest of line ignored.
SQL> SP2-0734: unknown command beginning "drwxr-xr-x..." - rest of line ignored.
SP2-0044: For a list of known commands enter HELP
and to leave enter EXIT.
SQL> SP2-0734: unknown command beginning "drwxr-x---..." - rest of line ignored.
SQL> SP2-0734: unknown command beginning "[oracle@ar..." - rest of line ignored.
SQL> SP2-0734: unknown command beginning "[oracle@ar..." - rest of line ignored.
SQL> SP2-0042: unknown command "total 4" - rest of line ignored.
SP2-0044: For a list of known commands enter HELP
and to leave enter EXIT.
SQL> SP2-0734: unknown command beginning "drwxr-x---..." - rest of line ignored.
SQL> SP2-0734: unknown command beginning "drwxr-x---..." - rest of line ignored.
SQL> SP2-0734: unknown command beginning "[oracle@ar..." - rest of line ignored.
SQL> SP2-0734: unknown command beginning "[oracle@ar..." - rest of line ignored.
SP2-0044: For a list of known commands enter HELP
and to leave enter EXIT.
SQL> SP2-0042: unknown command "total 8428" - rest of line ignored.
SQL> SP2-0734: unknown command beginning "-rw-r-----..." - rest of line ignored.
SQL> SP2-0734: unknown command beginning "-rw-r-----..." - rest of line ignored.
SQL> SP2-0734: unknown command beginning "-rw-r-----..." - rest of line ignored.
SP2-0044: For a list of known commands enter HELP
and to leave enter EXIT.
SQL> SP2-0734: unknown command beginning "-rw-r-----..." - rest of line ignored.
SQL> SP2-0734: unknown command beginning "-rw-r-----..." - rest of line ignored.
SQL> SP2-0734: unknown command beginning "-rw-r-----..." - rest of line ignored.
SQL> SP2-0734: unknown command beginning "[oracle@ar..." - rest of line ignored.
SP2-0044: For a list of known commands enter HELP
and to leave enter EXIT.
SQL> SP2-0734: unknown command beginning "[oracle@ar..." - rest of line ignored.
SQL> SP2-0734: unknown command beginning "[oracle@ar..." - rest of line ignored.
SQL> SP2-0734: unknown command beginning "[oracle@ar..." - rest of line ignored.
SQL> SP2-0734: unknown command beginning "[oracle@ar..." - rest of line ignored.
SP2-0044: For a list of known commands enter HELP
and to leave enter EXIT.
SQL> SP2-0042: unknown command "total 8676" - rest of line ignored.
SQL> SP2-0734: unknown command beginning "-rw-r-----..." - rest of line ignored.
SQL> SP2-0734: unknown command beginning "-rw-r-----..." - rest of line ignored.
SQL> SP2-0734: unknown command beginning "-rw-r-----..." - rest of line ignored.
SP2-0044: For a list of known commands enter HELP
and to leave enter EXIT.
SQL> SP2-0734: unknown command beginning "-rw-r-----..." - rest of line ignored.
SQL> SP2-0734: unknown command beginning "-rw-r-----..." - rest of line ignored.
SQL> SP2-0734: unknown command beginning "-rw-r-----..." - rest of line ignored.
SQL> -rw-r-----. 1 oracle oinstall  253440 Nov 21 11:14 o1_mf_1_16_lorjysof_.arc
[oracle@arun 2023_11_21]$ ls -lrt
total 8688
-rw-r-----. 1 oracle oinstall 8608768 Nov 21 11:07 o1_mf_1_10_lorjj27o_.arc
-rw-r-----. 1 oracle oinstall    1536 Nov 21 11:07 o1_mf_1_11_lorjj3dc_.arc
-rw-r-----. 1 oracle oinstall    2560 Nov 21 11:07 o1_mf_1_12_lorjj4tm_.arc
-rw-r-----. 1 oracle oinstall    1024 Nov 21 11:07 o1_mf_1_13_lorjj51s_.arc
-rw-r-----. 1 oracle oinstall    2048 Nov 21 11:07 o1_mf_1_14_lorjj7tm_.arc
-rw-r-----. 1 oracle oinstall    1024 Nov 21 11:07 o1_mf_1_15_lorjj82n_.arc
-rw-r-----. 1 oracle oinstall  253440 Nov 21 11:14 o1_mf_1_16_lorjysof_.arc
-rw-r-----. 1 oracle oinstall    8704 Nov 21 11:15 o1_mf_1_17_lorjz8nc_.arc
[oracle@arun 2023_11_21]$ sqlplus / as sSP2-0734: ysdba

SQL*Plus: Release 19.0.0.0.0 - Production on Tue Nov 21 11:15:24 2023
unknown command beginning "-rw-r-----..." - rest of line ignored.
SP2-0044: For a list of known commands enter HELP
and to leave enter EXIT.
SQL> SP2-0734: unknown command beginning "[oracle@ar..." - rest of line ignored.
SQL> SP2-0042: unknown command "total 8688" - rest of line ignored.
SQL> SP2-0734: unknown command beginning "-rw-r-----..." - rest of line ignored.
SQL> SP2-0734: unknown command beginning "-rw-r-----..." - rest of line ignored.
SP2-0044: For a list of known commands enter HELP
and to leave enter EXIT.
SQL> SP2-0734: unknown command beginning "-rw-r-----..." - rest of line ignored.
SQL> SP2-0734: unknown command beginning "-rw-r-----..." - rest of line ignored.
SQL> SP2-0734: unknown command beginning "-rw-r-----..." - rest of line ignored.
SQL> SP2-0734: unknown command beginning "-rw-r-----..." - rest of line ignored.
SP2-0044: For a list of known commands enter HELP
and to leave enter EXIT.
SQL> SP2-0734: unknown command beginning "-rw-r-----..." - rest of line ignored.
SQL> SP2-0734: unknown command beginning "-rw-r-----..." - rest of line ignored.
SQL> SP2-0734: unknown command beginning "[oracle@ar..." - rest of line ignored.
SQL> SQL> SP2-0734: unknown command beginning "SQL*Plus: ..." - rest of line ignored.
SP2-0044: For a list of known commands enter HELP
and to leave enter EXIT.
SQL> Version 19.3.0.0.0

Copyright (c) 1982, 2019, Oracle.  All rights reserved.







Connected to:
Oracle Database 19c Enterprise Edition Release 19.0.0.0.0 - Production
Version 19.3.0.0.0

SQL> SQL> SQL> SQL> SQL> SQL>
SQL>
SQL>
SQL>
SQL> alter database recover managed standby database disconnect from session;

Database altered.

SQL> select current_scn from v$database;

CURRENT_SCN
-----------
    2141189

SQL> /

CURRENT_SCN
-----------
    2141189

SQL> /

CURRENT_SCN
-----------
    2141189

SQL> /

CURRENT_SCN
-----------
    2141189

SQL> /

CURRENT_SCN
-----------
    2141189

SQL> /

CURRENT_SCN
-----------
    2141189

SQL> /

CURRENT_SCN
-----------
    2141189

SQL> /
/
CURRENT_SCN
-----------
    2141189

SQL>
/
CURRENT_SCN
-----------
    2141189

SQL>

CURRENT_SCN
-----------
    2141189
SP2-0734: unknown command beginning "Version 19..." - rest of line ignored.
SQL> SQL> SP2-0734: unknown command beginning "Copyright ..." - rest of line ignored.
SQL> SQL> SQL> SQL> SQL> SQL> SQL> SQL> SP2-0734: unknown command beginning "Connected ..." - rest of line ignored.
SQL> SP2-0734: unknown command beginning "Oracle Dat..." - rest of line ignored.
SP2-0044: For a list of known commands enter HELP
and to leave enter EXIT.
SQL> SP2-0734: unknown command beginning "Version 19..." - rest of line ignored.
SQL> SQL> SP2-0734: unknown command beginning "SQL> SQL> ..." - rest of line ignored.
SQL> SP2-0042: unknown command "SQL>" - rest of line ignored.
SQL> SP2-0042: unknown command "SQL>" - rest of line ignored.
SP2-0044: For a list of known commands enter HELP
and to leave enter EXIT.
SQL> SP2-0042: unknown command "SQL>" - rest of line ignored.
SQL> SP2-0734: unknown command beginning "SQL> alter..." - rest of line ignored.
SQL> SQL> SP2-0734: unknown command beginning "Database a..." - rest of line ignored.
SQL> SQL> SP2-0734: unknown command beginning "SQL> selec..." - rest of line ignored.
SP2-0044: For a list of known commands enter HELP
and to leave enter EXIT.
SQL> SQL> SP2-0734: unknown command beginning "CURRENT_SC..." - rest of line ignored.
SQL> SQL> SP2-0226: Invalid line number
SQL> SQL> SP2-0042: unknown command "SQL> /" - rest of line ignored.
SQL> SQL> SP2-0734: unknown command beginning "CURRENT_SC..." - rest of line ignored.
SQL> SQL> SP2-0226: Invalid line number
SQL> SQL> SP2-0042: unknown command "SQL> /" - rest of line ignored.
SQL> SQL> SP2-0734: unknown command beginning "CURRENT_SC..." - rest of line ignored.
SQL> SQL> SP2-0226: Invalid line number
SQL> SQL> SP2-0042: unknown command "SQL> /" - rest of line ignored.
SQL> SQL> SP2-0734: unknown command beginning "CURRENT_SC..." - rest of line ignored.
SQL> SQL> SP2-0226: Invalid line number
SQL> SQL> SP2-0042: unknown command "SQL> /" - rest of line ignored.
SQL> SQL> SP2-0734: unknown command beginning "CURRENT_SC..." - rest of line ignored.
SQL> SQL> SP2-0226: Invalid line number
SQL> SQL> SP2-0042: unknown command "SQL> /" - rest of line ignored.
SQL> SQL> SP2-0734: unknown command beginning "CURRENT_SC..." - rest of line ignored.
SQL> SQL> SP2-0226: Invalid line number
SQL> SQL> SP2-0042: unknown command "SQL> /" - rest of line ignored.
SQL> SQL> SP2-0734: unknown command beginning "CURRENT_SC..." - rest of line ignored.
SQL> SQL> SP2-0226: Invalid line number
SQL> SQL> SP2-0042: unknown command "SQL> /" - rest of line ignored.
SQL> 21-NOV-23 21-NOV-23 NO
*
ERROR at line 2:
ORA-00933: SQL command not properly ended


SQL> SP2-0734: unknown command beginning "CURRENT_SC..." - rest of line ignored.
SQL> SQL> SP2-0226: Invalid line number
SQL> SQL> SP2-0042: unknown command "SQL>" - rest of line ignored.
SQL> 21-NOV-23 21-NOV-23 NO
*
ERROR at line 2:
ORA-00933: SQL command not properly ended


SQL> SP2-0734: unknown command beginning "CURRENT_SC..." - rest of line ignored.
SQL> SQL> SP2-0226: Invalid line number
SQL> SQL> SP2-0042: unknown command "SQL>" - rest of line ignored.
SQL> SQL> SP2-0734: unknown command beginning "CURRENT_SC..." - rest of line ignored.
SQL> SQL> SP2-0226: Invalid line number
SQL>
SQL> /

CURRENT_SCN
-----------
    2141189

SQL>
SQL> /

CURRENT_SCN
-----------
    2141189

SQL> /

CURRENT_SCN
-----------
    2141189

SQL> /

CURRENT_SCN
-----------
    2141189

SQL> /

CURRENT_SCN
-----------
    2141189

SQL> /

CURRENT_SCN
-----------
    2141189

SQL> /

CURRENT_SCN
-----------
    2141189

SQL> /

CURRENT_SCN
-----------
    2141189

SQL> /

CURRENT_SCN
-----------
    2141189

SQL> /
/

CURRENT_SCN
-----------
    2141189

SQL>
CURRENT_SCN
-----------
    2141189

SQL> /

CURRENT_SCN
-----------
    2141189

SQL>
SQL>
SQL>
SQL>
SQL> /

CURRENT_SCN
-----------
    2141189

SQL> set lines 300 pages 300;
SELECT sequence#, first_time,SQL>  next_time, applied FROM v$archived_log ORDER BY sequence#;SQL>

 SEQUENCE# FIRST_TIM NEXT_TIME APPLIED
---------- --------- --------- ---------
SP2-0042: unknown command "SQL> /" - rest of line ignored.
SQL> SQL> SP2-0734: unknown command beginning "CURRENT_SC..." - rest of line ignored.
SQL> SQL> SP2-0226: Invalid line number
SQL> SQL> SP2-0042: unknown command "SQL>" - rest of line ignored.
SQL> SP2-0042: unknown command "SQL> /" - rest of line ignored.
SQL> SQL> SP2-0734: unknown command beginning "CURRENT_SC..." - rest of line ignored.
SQL> SQL> SP2-0226: Invalid line number
SQL> SQL> SP2-0042: unknown command "SQL> /" - rest of line ignored.
SQL> SQL> SP2-0734: unknown command beginning "CURRENT_SC..." - rest of line ignored.
SQL> SQL> SP2-0226: Invalid line number
SQL> SQL> SP2-0042: unknown command "SQL> /" - rest of line ignored.
SQL> SQL> SP2-0734: unknown command beginning "CURRENT_SC..." - rest of line ignored.
SQL> SQL> SP2-0226: Invalid line number
SQL> SQL> SP2-0042: unknown command "SQL> /" - rest of line ignored.
SQL> SQL> SP2-0734: unknown command beginning "CURRENT_SC..." - rest of line ignored.
SQL> SQL> SP2-0226: Invalid line number
SQL> SQL> SP2-0042: unknown command "SQL> /" - rest of line ignored.
SQL> SQL> SP2-0734: unknown command beginning "CURRENT_SC..." - rest of line ignored.
SQL> SQL> SP2-0226: Invalid line number
SQL> SQL> SP2-0042: unknown command "SQL> /" - rest of line ignored.
SQL> SQL> SP2-0734: unknown command beginning "CURRENT_SC..." - rest of line ignored.
SQL> SQL> SP2-0226: Invalid line number
SQL> SQL> SP2-0042: unknown command "SQL> /" - rest of line ignored.
SQL> SQL>          9 21-NOV-23 21-NOV-23 YES
        10 21-NOV-23 21-NOV-23 NO
        11 21-NOV-23 21-NOV-23 NO
        12 21-NOV-23 21-NOV-23 NO
        13 21-NOV-23 21-NOV-23 NO
        14 21-NOV-23 21-NOV-23 NO
        15 21-NOV-23 21-NOV-23 NO
        16 21-NOV-23 21-NOV-23 NO
        SP2-0734: 17 21-NOV-23 21-NOV-23 NO
        18 21-NOV-23 21-NOV-23 NO
        19 21-NOV-23 21-NOV-23 NO
        20 21-NOV-23 21-NOV-23 NO
        21 21-NOV-23 21-NOV-23 NO

13 rows selected.

SQL> /

 SEQUENCE# FIRST_TIM NEXT_TIME APPLIED
---------- --------- --------- ---------
    unknown command beginning "CURRENT_SC..." - rest of line ignored.
     9 21-NOV-23 21-NOV-23 YES
        10 21-NOV-23 21-NOV-23 NO
        11 21-NOV-23 2SQL> 1-NOV-23 NO
        12 21-NOV-23 21-NOV-23 NO
        13 21-NOV-23 21-NOV-23 NO
        14 21-NOV-23 21-NOV-23 NO
        15 21-NOV-23 21-NOV-23 NO
        16 21-NOV-23 21-NOV-23 NO
SQL> SP2-0226: Invalid line number
SQL> SQL> SP2-0042: unknown command "SQL> /" - rest of line ignored.
SQL> SQL> SP2-0734: unknown command beginning "CURRENT_SC..." - rest of line ignored.
SQL> SQL> SP2-0226: Invalid line number
SQL> SQL> SP2-0042: unknown command "SQL> /" - rest of line ignored.
SQL> 21-NOV-23 21-NOV-23 NO
*
ERROR at line 2:
ORA-00933: SQL command not properly ended


SQL> SQL> SP2-0734: unknown command beginning "CURRENT_SC..." - rest of line ignored.
SQL> SQL> SP2-0226: Invalid line number
SQL> SQL> SP2-0042: unknown command "SQL>" - rest of line ignored.
SQL> SP2-0734: unknown command beginning "CURRENT_SC..." - rest of line ignored.
SQL> SQL> SP2-0226: Invalid line number
SQL> SQL> SP2-0042: unknown command "SQL> /" - rest of line ignored.
SQL> SQL> SP2-0734: unknown command beginning "CURRENT_SC..." - rest of line ignored.
SQL> SQL> SP2-0226: Invalid line number
SQL> SQL> SP2-0042: unknown command "SQL>" - rest of line ignored.
SQL> SP2-0042: unknown command "SQL>" - rest of line ignored.
SQL> SP2-0042: unknown command "SQL>" - rest of line ignored.
SQL> SP2-0042: unknown command "SQL>" - rest of line ignored.
SP2-0044: For a list of known commands enter HELP
and to leave enter EXIT.
SQL> SP2-0042: unknown command "SQL> /" - rest of line ignored.
SQL> SQL> SP2-0734: unknown command beginning "CURRENT_SC..." - rest of line ignored.
SQL> SQL> SP2-0226: Invalid line number
SQL> SQL> SP2-0734: unknown command beginning "SQL> set l..." - rest of line ignored.
SQL>   2  SQL> SP2-0734: unknown command beginning "SEQUENCE# ..." - rest of line ignored.
SQL> SQL> SQL> SQL> SQL> SQL> SQL> SQL> SQL> SQL> SQL> SQL> SQL> SQL> SQL> SQL> SQL> SQL> SP2-0042: unknown command "SQL> /" - rest of line ignored.
SQL> SQL> SP2-0734: unknown command beginning "SEQUENCE# ..." - rest of line ignored.
SQL> SQL> SQL> SQL> SQL> SQL> SQL> SQL> SQL> SQL>         17 21-NOV-23 21-NOV-23 NO
        18 21-NOV-23 21-NOV-23 NO
        19 21-NOV-23 21-NOV-23 NO
        20 21-NOV-23 21-NOV-23 NO
        21 21-NOV-23 21-NOV-23 NO

13 rows selected.

SQL> /

 SEQUENCE# FIRST_TIM NEXT_TIME APPLIED
---------- --------- --------- ---------
         9 21-NOV-23 21-NOV-23 YES
        10 21-NOV-23 21-NOV-23 NO
        11 21-NOV-23 21-NOV-23 NO
        12 21-NOV-23 21-NOV-23 NO
        13 21-NOV-23 21-NOV-23 NO
        14 21-NOV-23 21-NOV-23 NO
SQL>         15 21-NOV-23 21-NOV-23 NO
        16 21-NOV-23 21-NOV-23 NO
        17 21-NOV-23 21-NOV-23 NO
        18 21-NOV-23 21-NOV-23 NO
        19 21-NOV-23 21-NOV-23 NO
        20 21-NOV-23 21-NOV-23 NO
        21 21-NOV-23 21-NOV-23 NO

13 SQL> rows selected.

SQL> /

 SEQUENCE# FIRST_TIM NEXT_TIME APPLIED
---------- --------- --------- ---------
         9 21-NOV-23 21-NOV-23 YES
        10 21-NOV-23 21-NOV-23 NO
SQL>         11 21-NOV-23 21-NOV-23 NO
        12 21-NOV-23 21-NOV-23 NO
        13 21-NOV-23 21-NOV-23 NO
        14 21-NOV-23 21-NOV-23 NO
        15 21-NOV-23 21-NOV-23 NO
  SQL>       16 21-NOV-23 21-NOV-23 NO
        17 21-NOV-23 21-NOV-23 NO
        18 21-NOV-23 21-NOV-23 NO
        19 21-NOV-23 21-NOV-23 NO
        20 21-NOV-23 21-NOV-23 NO
        21 21-NOV-23 21-NOV-23 NO

13 rows selected.

SQL> /

SQL>  SEQUENCE# FIRST_TIM NEXT_TIME APPLIED
---------- --------- --------- ---------
         9 21-NOV-23 21-NOV-23 YES
        10 21-NOV-23 21-NOV-23 NO
        11 21-NOV-23 21-NOV-23 NO
        12 21-NOV-23 21-NOV-23 NO
        13 21-SQL> NOV-23 21-NOV-23 NO
        14 21-NOV-23 21-NOV-23 NO
        15 21-NOV-23 21-NOV-23 NO
        16 21-NOV-23 21-NOV-23 NO
SQL> SQL> SP2-0042: unknown command "SQL> /" - rest of line ignored.
SQL> SQL> SP2-0734: unknown command beginning "SEQUENCE# ..." - rest of line ignored.
SQL> SQL> SQL> SQL> SQL> SQL> SQL> SQL> SQL> SQL> SQL> SQL> SQL> SQL> SQL> SQL> SQL> SQL> SP2-0042: unknown command "SQL> /" - rest of line ignored.
SQL> SQL> SP2-0734: unknown command beginning "SEQUENCE# ..." - rest of line ignored.
SQL> SQL> SQL> SQL> SQL> SQL> SQL> SQL> SQL> SQL> SQL> SQL> SQL> SQL> SQL> SQL> SQL> SQL> SP2-0042: unknown command "SQL> /" - rest of line ignored.
SQL> SQL> SP2-0734: unknown command beginning "SEQUENCE# ..." - rest of line ignored.
SQL> SQL> SQL> SQL> SQL> SQL> SQL> SQL> SQL> SQL>         17 21-NOV-23 21-NOV-23 NO
        18 21-NOV-23 21-NOV-23 NO
        19 21-NOV-23 21-NOV-23 NO
        20 21-NOV-23 21-NOV-23 NO
        21 21-NOV-23 21-NOV-23 NO

13 rows selected.

SQL> /

 SEQUENCE# FIRST_TIM NEXT_TIME APPLIED
---------- --------- --------- ---------
         9 21-NOV-23 21-NOV-23 YES
        10 21-NOV-23 21-NOV-23 NO
        11 21-NOV-23 21-NOV-23 NO
        12 21-NOV-23 21-NOV-23 NO
        13 21-NOV-23 21-NOV-23 NO
        14 21-NOV-23 21-NOV-23 NO
        15 21-NOV-23 21-NOV-23 NO
        16 21-NOV-23 21-NOV-23 NO
        17 21-NOV-23 21-NOV-23 NO
        18 21-NOV-23 21-NOV-23 NO
        19 21-NOV-23 21-NOV-23 NO
        20 21-NOV-23 21-NOV-23 NO
        21 21-NOV-23 21-NOV-23 NO

13 rows selected.

SQL> /

 SEQUENCE# FIRST_TIM NEXT_TIME APPLIED
---------- --------- --------- ---------
SQL> SQL> SQL> SQL> SQL> SQL> SQL> SQL> SP2-0042: unknown command "SQL> /" - rest of line ignored.
SQL> SQL> SP2-0734: unknown command beginning "SEQUENCE# ..." - rest of line ignored.
SQL> SQL> SQL> SQL> SQL> SQL> SQL> SQL> SQL> SQL> SQL> SQL> SQL> SQL> SQL> SQL> SQL> SQL> SP2-0042: unknown command "SQL> /" - rest of line ignored.
SQL> SQL> SP2-0734: unknown command beginning "SEQUENCE# ..." - rest of line ignored.
SQL> SQL>          9 21-NOV-23 21-NOV-23 YES
        10 21-NOV-23 21-NOV-23 NO
        11 21-NOV-23 21-NOV-23 NO
        12 21-NOV-23 21-NOV-23 NO
        13 21-NOV-23 21-NOV-23 NO
        14 21-NOV-23 21-NOV-23 NO
        15 21-NOV-23 21-NOV-23 NO
        16 21-NOV-23 21-NOV-23 NO
        17 21-NOV-23 21-NOV-23 NO
        18 21-NOV-23 21-NOV-23 NO
        19 21-NOV-23 21-NOV-23 NO
        20 21-NOV-23 21-NOV-23 NO
        21 21-NOV-23 21-NOV-23 NO

13 rows selected.

SQL> /

 SEQUENCE# FISQL> RST_TIM NEXT_TIME APPLIED
---------- --------- --------- ---------
         9 21-NOV-23 21-NOV-23 YES
        10 21-NOV-23 21-NOV-23 NO
        11 21-NOV-23 21-NOV-23 NO
        12 21-NOV-23 21-NOV-23 NO
        13 21-NOV-23 21-NOV-23 NO
        14 2SQL> 1-NOV-23 21-NOV-23 NO
        15 21-NOV-23 21-NOV-23 NO
        16 21-NOV-23 21-NOV-23 NO
SQL> SQL> SQL> SQL> SQL> SQL> SQL> SQL> SQL> SQL> SQL> SQL> SQL> SQL> SP2-0042: unknown command "SQL> /" - rest of line ignored.
SQL> SQL> SP2-0734: unknown command beginning "SEQUENCE# ..." - rest of line ignored.
SQL> SQL> SQL> SQL> SQL> SQL> SQL> SQL> SQL> SQL>         17 21-NOV-23 21-NOV-23 NO
        18 21-NOV-23 21-NOV-23 NO
        19 21-NOV-23 21-NOV-23 NO
        20 21-NOV-23 21-NOV-23 NO
        21 21-NOV-23 21-NOV-23 NO

13 rows selected.

SQL> desc v$managed_standby
 Name                                                                                              Null?     Type
 -----------------------------------------------------------------------------------------------------------------------------------------------------------------------SQL> ------ -------- --------------------------------------------------------------------------------------------------------------------
 PROCESS                                                                                    VARCHAR2(9)
 PID                     SQL>                                                                    VARCHAR2(24)
SQL> SQL> SQL> SQL> SQL> SQL> SP2-0734: unknown command beginning "SQL> desc ..." - rest of line ignored.
SQL> SP2-0734: unknown command beginning "Name      ..." - rest of line ignored.
SQL> SQL> SP2-0734: unknown command beginning "PROCESS   ..." - rest of line ignored.
SQL> SP2-0734: unknown command beginning "PID        ..." - rest of line ignored.
SQL>  STATUS                                                                                     VARCHAR2(12)
 CLIENT_PROCESS                                                                             VARCHAR2(8)
 CLIENT_PID                                                                                 VARCHAR2(40)
 CLIENT_DBID                                                                                VARCHAR2(40)
 GROUP#                                                                                     VARCHAR2(40)
 RESETLOG_ID                                                                                NUMBER
 THREAD#                                                                                    NUMBER
 SEQUENCE#                                                                                  NUMBER
SP2-0734: unknown command beginning "STATUS    ..." - rest of line ignored.
SQL> SP2-0734: unknown command beginning "CLIENT_PRO..." - rest of line ignored.
SP2-0044: For a list of known commands enter HELP
and to leave enter EXIT.
SQL> SP2-0734: unknown command beginning "CLIENT_PID..." - rest of line ignored.
SQL> SP2-0734: unknown command beginning "CLIENT_DBI..." - rest of line ignored.
SQL> SP2-0734: unknown command beginning "GROUP#    ..." - rest of line ignored.
SQL> SP2-0734: unknown command beginning "RESETLOG_I..." - rest of line ignored.
SP2-0044: For a list of known commands enter HELP
and to leave enter EXIT.
SQL> SP2-0734: unknown command beginning "THREAD#   ..." - rest of line ignored.
SQL> SP2-0734: unknown command beginning "SEQUENCE# ..." - rest of line ignored.
SQL>  BLOCK#                                                                                     NUMBER
 BLOCKS                                                                                     NUMBER
 DELAY_MINS                                           SP2-0734:                                       NUMBER
 KNOWN_AGENTS                                                                               NUMBER
 ACTIVE_AGENTS                                                                              NUMBER
 CON_ID       unknown command beginning "BLOCK#    ..." - rest of line ignored.
                                                                              NUMBER

SQL> set lSQL> ines 100
SQL> desc v$managed_standby
 Name                                                  Null?    Type
 ----------------------------------------------------- -------- ------------------------------------
SP2-0734: unknown command beginning "BLOCKS    ..." - rest of line ignored.
SP2-0044: For a list of known commands enter HELP
and to leave enter EXIT.
SQL> SP2-0734: unknown command beginning "DELAY_MINS..." - rest of line ignored.
SQL> SP2-0734: unknown command beginning "KNOWN_AGEN..." - rest of line ignored.
SQL> SP2-0734: unknown command beginning "ACTIVE_AGE..." - rest of line ignored.
SQL> SP2-0734: unknown command beginning "CON_ID    ..." - rest of line ignored.
SP2-0044: For a list of known commands enter HELP
and to leave enter EXIT.
SQL> SQL> SP2-0734: unknown command beginning "SQL> set l..." - rest of line ignored.
SQL> SP2-0734: unknown command beginning "SQL> desc ..." - rest of line ignored.
SQL> SP2-0734: unknown command beginning "Name      ..." - rest of line ignored.
SQL> SQL>  PROCESS                                                        VARCHAR2(9)
 PID                                                            VARCHAR2(24)
 STATUS                                                         VARCHAR2(12)
 CLIENT_PROCESS                                                 VARCHAR2(8)
 CLIENT_PID                                                     VARCHAR2(40)
 CLIENT_DBID                                                    VARCHAR2(40)
 GROUP#                                                         VARCHAR2(40)
 RESETLOG_ID                                                    NUMBER
 THREAD#                                                        NUMBER
 SEQUENCE#                                                      NUMBER
SP2-0734:  BLOCK#                                                         NUMBER
unknown command beginning "PROCESS   ..." - rest of line ignored.
SQL> SP2-0734: unknown command beginning "PID        ..." - rest of line ignored.
SQL> SP2-0734: unknown command beginning "STATUS    ..." - rest of line ignored.
SQL> SP2-0734: unknown command beginning "CLIENT_PRO..." - rest of line ignored.
SP2-0044: For a list of known commands enter HELP
and to leave enter EXIT.
SQL> SP2-0734: unknown command beginning "CLIENT_PID..." - rest of line ignored.
SQL> SP2-0734: unknown command beginning "CLIENT_DBI..." - rest of line ignored.
SQL> SP2-0734: unknown command beginning "GROUP#    ..." - rest of line ignored.
SQL> SP2-0734: unknown command beginning "RESETLOG_I..." - rest of line ignored.
SP2-0044: For a list of known commands enter HELP
and to leave enter EXIT.
SQL> SP2-0734: unknown command beginning "THREAD#   ..." - rest of line ignored.
SQL> SP2-0734: unknown command beginning "SEQUENCE# ..." - rest of line ignored.
SQL> SP2-0734: unknown command beginning "BLOCK#    ..." - rest of line ignored.
SQL>  BLOCKS                                                         NUMBER
 DELAY_MINS                                                     NUMBER
 KNOWN_AGENTS                                                   NUMBER
 ACTIVE_AGENTS                                                  NUMBER
 CON_ID                                                         NUMBER

SQL> select PROCESS,STATUS from v$managed_standby;

PROCESS   STATUS
--------- ------------
ARCH      CLOSING
DGRD      ALLOCATED
DGRD      ALLOCATED
ARCH      CLOSING
ARCH      CLOSING
ARCH      CLOSING
RFS       IDLE
RFS       IDLE
RFS       IDLE
RFS       IDLE
MRP0      WAIT_FOR_GAP
RFS       IDLE

12 rows selected.

SQL> alter database recover managed standby dataSP2-0734: base cance;
alter database recover managed standby database cance
*
ERROR at line 1:
unknown command beginning "BLOCKS    ..." - rest of line ignored.
SP2-0044: For a list of known commands enter HELP
and to leave enter EXIT.
SQL> SP2-0734: unknown command beginning "DELAY_MINS..." - rest of line ignored.
SQL> SP2-0734: unknown command beginning "KNOWN_AGEN..." - rest of line ignored.
SQL> SP2-0734: unknown command beginning "ACTIVE_AGE..." - rest of line ignored.
SQL> SP2-0734: unknown command beginning "CON_ID    ..." - rest of line ignored.
SP2-0044: For a list of known commands enter HELP
and to leave enter EXIT.
SQL> SQL> SP2-0734: unknown command beginning "SQL> selec..." - rest of line ignored.
SQL> SQL> SP2-0734: unknown command beginning "PROCESS   ..." - rest of line ignored.
SQL> SQL> SP2-0734: unknown command beginning "ARCH      ..." - rest of line ignored.
SQL> SP2-0734: unknown command beginning "DGRD      ..." - rest of line ignored.
SQL> SP2-0734: unknown command beginning "DGRD      ..." - rest of line ignored.
SQL> SP2-0734: unknown command beginning "ARCH      ..." - rest of line ignored.
SP2-0044: For a list of known commands enter HELP
and to leave enter EXIT.
SQL> SP2-0734: unknown command beginning "ARCH      ..." - rest of line ignored.
SQL> SP2-0734: unknown command beginning "ARCH      ..." - rest of line ignored.
SQL> SP2-0734: unknown command beginning "RFS        ..." - rest of line ignored.
SQL> SP2-0734: unknown command beginning "RFS        ..." - rest of line ignored.
SP2-0044: For a list of known commands enter HELP
and to leave enter EXIT.
SQL> SP2-0734: unknown command beginning "RFS        ..." - rest of line ignored.
SQL> SP2-0734: unknown command beginning "RFS        ..." - rest of line ignored.
SQL> SP2-0734: unknown command beginning "MRP0      ..." - rest of line ignored.
SQL> SP2-0734: unknown command beginning "RFS        ..." - rest of line ignored.
SP2-0044: For a list of known commands enter HELP
and to leave enter EXIT.
SQL> SQL> SQL> SQL> SP2-0734: unknown command beginning "SQL> alter..." - rest of line ignored.
SQL>   2    3    4  ORA-00274: illegal recovery option CANCE


SQL>  alter database recover managed standby database cancel;




CLOSING
ARCH      CLOSING
ARCH      CLOSING



^C
 alter database recover managed standby database cancel
*
ERROR at line 1:
ORA-01013: user requested cancel of current operation



SQL> SQL>
SQL>
SQL> alter database recover managed standby database cancel;


alter database recover managed standby database disconnect from session;
^Calter database recover managed standby database c  5  ancel
*
ERROR at line 1:
ORA-01013: user requested cancel of current operation



SQL>
SQL>
SQL>
SQL>
SQL>
SQL>
SQL>
SQL> alter database recover managed standby database disconnect from session;
alter database recover managed standby databaseSQL>  disconnect from session
*
ERROR at line 1:
ORA-03135: connection lost contact
SQL> SP2-0734: unknown command beginning "SQL>  alte..." - rest of line ignored.
SQL> SQL> SQL> SQL> SQL> SP2-0042: unknown command "CLOSING" - rest of line ignored.
SQL> SP2-0734: unknown command beginning "ARCH      ..." - rest of line ignored.
SQL> SP2-0734: unknown command beginning "ARCH      ..." - rest of line ignored.
SP2-0044: For a list of known commands enter HELP
and to leave enter EXIT.
SQL> SQL> SQL> SQL> SP2-0042: unknown command "^C" - rest of line ignored.
SQL>   2    3    4    5  SQL> SQL> SQL> SP2-0042: unknown command "SQL> SQL>" - rest of line ignored.
SQL> SP2-0042: unknown command "SQL>" - rest of line ignored.
SQL> SP2-0734: unknown command beginning "SQL> alter..." - rest of line ignored.
SQL> SQL> SQL> Process ID: 6470
Session ID: 26 Serial number: 4150


SQL> exit
Disconnected from Oracle Database 19c Enterprise Edition Release 19.0.0.0.0 - Production
Version 19.3.0.0.0
[oracle@arun 2023_11_21]$ sqlplus / as sysdba

SQL*Plus: Release 19.0.0.0.0 - Production on Tue Nov 21 11:25:47 2023
Version 19.3.0.0.0

Copyright (c) 1982, 2019, Oracle.  All rights reserved.

Connected to an idle instance.

SQL> startup mount;




ORACLE instance started.

Total System Global Area 1543500872 bytes
Fixed Size                  9135176 bytes
Variable Size             889192448 bytes
Database Buffers          637534208 bytes
Redo Buffers                7639040 bytes
Database mounted.
SQL> SQL> SQL> SQL> SQL>







SQL> SQL> SQL> SQL> SQL> SQL> SQL> SQL>

SQL> SQL>
SQL> ALTER DATABASE RECOVER MANAGED STANDBY DATABASE disconnect from session;
alter database recover managed standby database disconnect from session
*
ERROR at line 1:
ORA-01665: control file is not a standby control file


SQL> SP2-0734: unknown command beginning "^Calter da..." - rest of line ignored.
SQL> SP2-0042: unknown command "*" - rest of line ignored.
SQL> SP2-0734: unknown command beginning "ERROR at l..." - rest of line ignored.
SQL> SP2-0734: unknown command beginning "ORA-01013:..." - rest of line ignored.
SP2-0044: For a list of known commands enter HELP
and to leave enter EXIT.
SQL> SQL> SQL> SQL> SP2-0042: unknown command "SQL>" - rest of line ignored.
SQL> SP2-0042: unknown command "SQL>" - rest of line ignored.
SQL> SP2-0042: unknown command "SQL>" - rest of line ignored.
SQL> SP2-0042: unknown command "SQL>" - rest of line ignored.
SP2-0044: For a list of known commands enter HELP
and to leave enter EXIT.
SQL> SP2-0042: unknown command "SQL>" - rest of line ignored.
SQL> SP2-0042: unknown command "SQL>" - rest of line ignored.
SQL> SP2-0042: unknown command "SQL>" - rest of line ignored.
SQL> SP2-0734: unknown command beginning "SQL> alter..." - rest of line ignored.
SP2-0044: For a list of known commands enter HELP
and to leave enter EXIT.
SQL>   2    3    4    5    6    7  SQL> SQL> SP2-0042: unknown command "SQL> exit" - rest of line ignored.
SQL> SP2-0734: unknown command beginning "Disconnect..." - rest of line ignored.
SQL> SP2-0734: unknown command beginning "Version 19..." - rest of line ignored.
SQL> SP2-0734: unknown command beginning "[oracle@ar..." - rest of line ignored.
SP2-0044: For a list of known commands enter HELP
and to leave enter EXIT.
SQL> SQL> SP2-0734: unknown command beginning "SQL*Plus: ..." - rest of line ignored.
SQL> SP2-0734: unknown command beginning "Version 19..." - rest of line ignored.
SQL> SQL> SP2-0734: unknown command beginning "Copyright ..." - rest of line ignored.
SQL> SQL> SP2-0734: unknown command beginning "Connected ..." - rest of line ignored.
SP2-0044: For a list of known commands enter HELP
and to leave enter EXIT.
SQL> SQL> SP2-0734: unknown command beginning "SQL> start..." - rest of line ignored.
SQL> SQL> SQL> SQL> SQL> SP2-0734: unknown command beginning "ORACLE ins..." - rest of line ignored.
SQL> SQL> SP2-0734: unknown command beginning "Total Syst..." - rest of line ignored.
SQL> SP2-0734: unknown command beginning "Fixed Size..." - rest of line ignored.
SP2-0044: For a list of known commands enter HELP
and to leave enter EXIT.
SQL> Usage: VAR[IABLE] [ <variable> [ NUMBER | CHAR | CHAR (n [CHAR|BYTE]) |
                    VARCHAR2 (n [CHAR|BYTE]) | NCHAR | NCHAR (n) |
                    NVARCHAR2 (n) | CLOB | NCLOB | BLOB | BFILE
                    REFCURSOR | BINARY_FLOAT | BINARY_DOUBLE ] ]
SQL> SP2-0734: unknown command beginning "Database B..." - rest of line ignored.
SQL> SP2-0734: unknown command beginning "Redo Buffe..." - rest of line ignored.
SQL> SP2-0734: unknown command beginning "Database m..." - rest of line ignored.
SQL> SP2-0734: unknown command beginning "SQL> SQL> ..." - rest of line ignored.
SP2-0044: For a list of known commands enter HELP
and to leave enter EXIT.
SQL> SQL> SQL> SQL> SQL> SQL> SQL> SQL> SP2-0734: unknown command beginning "SQL> SQL> ..." - rest of line ignored.
SQL> SQL> SP2-0042: unknown command "SQL> SQL>" - rest of line ignored.
SQL> SP2-0734: unknown command beginning "SQL> ALTER..." - rest of line ignored.
SQL>



Database altered.

SQL> SQL> SQL> SQL>
SQL>
SQL>
SQL>
SQL>
SQL> set lines 300 pages 300;
SELECT sequence#, first_time, next_time, applied FROM v$archived_log ORDER BY sequence#;
SQL>
 SEQUENCE# FIRST_TIM NEXT_TIME APPLIED
---------- --------- --------- ---------
         9 21-NOV-23 21-NOV-23 YES
        10 21-NOV-23 21-NOV-23 YES
        11 21-NOV-23 21-NOV-23 NO
        12 21-NOV-23 21-NOV-23 NO
        13 21-NOV-23 21-NOV-23 NO
        14 21-NOV-23 21-NOV-23 NO
        15SQL>  21-NOV-23 21-NOV-23 NO
        16 21-NOV-23 21-NOV-23 NO
        17 21-NOV-23 21-NOV-23 NO
        18 21-NOV-23 21-NOV-23 NO
        19 21-NOV-23 21-NOV-23 NO
        20 21-NOV-23 21-NOV-23 NO
        21 21-NOV-23 21-NOV-23 NO
        22 21-NOV-23 21-NOV-SQL> 23 NO

14 rows selected.

SQL> select current_scn from v$database;

CURRENT_SCN
-----------
    2148941

SQL> /

CURRENT_SCN
-----------
SQL>     2148941

SQL> /

CURRENT_SCN
-----------
    2148941

SQL> set lines 300 pages 300;
SELECT sequence#, first_time, next_time, applied FROM v$archiSQL> ved_log ORDER BY sequence#;
SQL>
 SEQUENCE# FIRST_TIM NEXT_TIME APPLIED
---------- --------- --------- ---------
         9 21-NOV-23 21-NOV-23 YES
        10 21-NOV-23 21-NOV-23 YES
        11 21-NOV-23 21-NOV-23 NO
        12 21-NOV-23 21-NOV-23 SP2-0734: NO
        13 21-NOV-23 21-NOV-23 NO
        14 21-NOV-23 21-NOV-23 NO
        15 21-NOV-23 21-NOV-23 NO
        16 21-NOV-23 21-NOV-23 NO
        17 21-NOV-23 21-NOV-23 NO
        18 21-NOV-23 21-NOV-23 NO
        19 21-NOV-23 21-NOV-23 NO
        20 21-NOV-23 21-NOV-23 NO
        21 21-NOV-23 21-NOV-23 NO
        22 21-NOV-23 21-NOV-23 NO
unknown command beginning "Database a..." - rest of line ignored.
SP2-0044: For a list of known commands enter HELP
and to leave enter EXIT.
SQL> SQL> SP2-0734: unknown command beginning "SQL> SQL> ..." - rest of line ignored.
SQL> SP2-0042: unknown command "SQL>" - rest of line ignored.
SQL> SP2-0042: unknown command "SQL>" - rest of line ignored.
SQL> SP2-0042: unknown command "SQL>" - rest of line ignored.
SP2-0044: For a list of known commands enter HELP
and to leave enter EXIT.
SQL> SP2-0042: unknown command "SQL>" - rest of line ignored.
SQL> SP2-0734: unknown command beginning "SQL> set l..." - rest of line ignored.
SQL>
 SEQUENCE# FIRST_TIM NEXT_TIME APPLIED
---------- --------- --------- ---------
         7 21-NOV-23 21-NOV-23 NO
         8 21-NOV-23 21-NOV-23 NO
         9 21-NOV-23 21-NOV-23 NO
         9 21-NOV-23 21-NOV-23 YES
        10 21-NOV-23 21-NOV-23 NO
        10 21-NOV-23 21-NOV-23 YES
        11 21-NOV-23 21-NOV-23 NO
        11 21-NOV-23 21-NOV-23 YES
        12 21-NOV-23 21-NOV-23 YES
        12 21-NOV-23 21-NOV-23 NO
        13 21-NOV-23 21-NOV-23 NO
        13 21-NOV-23 21-NOV-23 YES
        14 21-NOV-23 21-NOV-23 NO
        14 21-NOV-23 21-NOV-23 YES
        15 21-NOV-23 21-NOV-23 NO
        15 21-NOV-23 21-NOV-23 YES
        16 21-NOV-23 21-NOV-23 YES
        16 21-NOV-23 21-NOV-23 NO
        17 21-NOV-23 21-NOV-23 NO
        17 21-NOV-23 21-NOV-23 YES
        18 21-NOV-23 21-NOV-23 NO
        18 21-NOV-23 21-NOV-23 YES
        19 21-NOV-23 21-NOV-23 NO
        19 21-NOV-23 21-NOV-23 YES
        20 21-NOV-23 21-NOV-23 NO
        20 21-NOV-23 21-NOV-23 YES
        21 21-NOV-23 21-NOV-23 NO
        21 21-NOV-23 21-NOV-23 YES
        22 21-NOV-23 21-NOV-23 NO
        22 21-NOV-23 21-NOV-23 YES

30 rows selected.

SQL> SP2-0042: unknown command "SQL>" - rest of line ignored.
SQL> SP2-0734: unknown command beginning "SEQUENCE# ..." - rest of line ignored.
SQL> SQL> SQL> SQL> SQL> SQL> SQL> SQL> SQL> SQL> SQL> SQL> SQL> SQL> SQL> SQL> SQL> SQL> SQL> SP2-0734: unknown command beginning "SQL> selec..." - rest of line ignored.
SQL> SQL> SP2-0734: unknown command beginning "CURRENT_SC..." - rest of line ignored.
SQL> SQL> SP2-0226: Invalid line number
SQL> SQL> SP2-0042: unknown command "SQL> /" - rest of line ignored.
SQL> SQL> SP2-0734: unknown command beginning "CURRENT_SC..." - rest of line ignored.
SQL> SQL> SP2-0226: Invalid line number
SQL> SQL> SP2-0042: unknown command "SQL> /" - rest of line ignored.
SQL> SQL> SP2-0734: unknown command beginning "CURRENT_SC..." - rest of line ignored.
SQL> SQL> SP2-0226: Invalid line number
SQL> SQL> SP2-0734: unknown command beginning "SQL> set l..." - rest of line ignored.
SQL>
 SEQUENCE# FIRST_TIM NEXT_TIME APPLIED
---------- --------- --------- ---------
         7 21-NOV-23 21-NOV-23 NO
         8 21-NOV-23 21-NOV-23 NO
         9 21-NOV-23 21-NOV-23 NO
         9 21-NOV-23 21-NOV-23 YES
        10 21-NOV-23 21-NOV-23 NO
        10 21-NOV-23 21-NOV-23 YES
        11 21-NOV-23 21-NOV-23 NO
        11 21-NOV-23 21-NOV-23 YES
        12 21-NOV-23 21-NOV-23 YES
        12 21-NOV-23 21-NOV-23 NO
        13 21-NOV-23 21-NOV-23 NO
        13 21-NOV-23 21-NOV-23 YES
        14 21-NOV-23 21-NOV-23 NO
        14 21-NOV-23 21-NOV-23 YES
        15 21-NOV-23 21-NOV-23 NO
        15 21-NOV-23 21-NOV-23 YES
        16 21-NOV-23 21-NOV-23 YES
        16 21-NOV-23 21-NOV-23 NO
        17 21-NOV-23 21-NOV-23 NO
        17 21-NOV-23 21-NOV-23 YES
        18 21-NOV-23 21-NOV-23 NO
        18 21-NOV-23 21-NOV-23 YES
        19 21-NOV-23 21-NOV-23 NO
        19 21-NOV-23 21-NOV-23 YES
        20 21-NOV-23 21-NOV-23 NO
        20 21-NOV-23 21-NOV-23 YES
        21 21-NOV-23 21-NOV-23 NO
        21 21-NOV-23 21-NOV-23 YES
        22 21-NOV-23 21-NOV-23 NO
        22 21-NOV-23 21-NOV-23 YES

30 rows selected.

SQL> SP2-0042: unknown command "SQL>" - rest of line ignored.
SQL> SP2-0734: unknown command beginning "SEQUENCE# ..." - rest of line ignored.
SQL> SQL> SQL> SQL> SQL> SQL> SQL> SQL> SQL> SQL> SQL> SQL> SQL> SQL> SQL> SQL>
14 rows selected.

SQL> /

 SEQUENCE# FIRST_TIM NEXT_TIME APPLIED
---------- --------- --------- ---------
         9 21-NOV-23 21-NOV-23 YES
        10 21-NOV-23 21-NOV-23 YES
        11 21-NOV-23 21-NOV-23 NO
        12 21-NOV-23 21-NOV-23 NO
        13 21-NOV-23 21-NOV-23 NO
        14 21-NOV-23 21-NOV-23 NO
        15 21-NOV-23 21-NOV-23 NO
        16 21-NOV-23 21-NOV-23 NO
        17 21-NOV-23 21-NOV-23 NO
        18 21-NOV-23 21-NOV-23 NO
        19 21-NOV-23 21-NOV-23 NO
        20 21-NOV-23 21-NOV-23 NO
        21 21-NOV-23 21-NOV-23 NO
        22 21-NOV-23 21-NOV-23 NO

14 rows selected.

SQL> /

 SEQUENCE# FIRST_TIM NEXT_TIME APPLIED
---------- --------- --------- ---------
         9 21-NOV-23 21-NOV-23 SQL> YES
        10 21-NOV-23 21-NOV-23 YES
        11 21-NOV-23 21-NOV-23 NO
        12 21-NOV-23 21-NOV-23 NO
SQL> SQL> SP2-0042: unknown command "SQL> /" - rest of line ignored.
SQL> SQL> SP2-0734: unknown command beginning "SEQUENCE# ..." - rest of line ignored.
SQL> SQL> SQL> SQL> SQL> SQL> SQL> SQL> SQL> SQL> SQL> SQL> SQL> SQL> SQL> SQL> SQL> SQL> SQL> SP2-0042: unknown command "SQL> /" - rest of line ignored.
SQL> SQL> SP2-0734: unknown command beginning "SEQUENCE# ..." - rest of line ignored.
SQL> SQL> SQL> SQL> SQL> SQL>         13 21-NOV-23 21-NOV-23 NO
        14 21-NOV-23 21-NOV-23 NO
        15 21-NOV-23 21-NOV-23 NO
        16 21-NOV-23 21-NOV-23 NO
        17 21-NOV-23 21-NOV-23 NO
        18 21-NOV-23 21-NOV-23 NO
        19 21-NOV-23 21-NOV-23 NO
        20 21-NOV-23 21-NOV-23 NO
        21 21-NOV-23 21-NOV-23 NO
        22 21-NOV-23 21-NOV-23 NO

14 rows selected.

SQL> /

 SEQUENCE# FIRST_TIM NEXT_TIME APPLIED
---------- --------- --------- ---------
         9 21-NOV-23 21-NOV-23 YES
SQL>         10 21-NOV-23 21-NOV-23 YES
        11 21-NOV-23 21-NOV-23 NO
        12 21-NOV-23 21-NOV-23 NO
        13 21-NOV-23 21-NOV-23 NO
        14 21-NOV-23 21-NOV-23 NO
        15 21-NOV-23 21-NOV-23 NO
        16 21-NOV-23 21-NOV-23 NO
   SQL>      17 21-NOV-23 21-NOV-23 NO
        18 21-NOV-23 21-NOV-23 NO
        19 21-NOV-23 21-NOV-23 NO
        20 21-NOV-23 21-NOV-23 NO
        21 21-NOV-23 21-NOV-23 NO
     SQL>    22 21-NOV-23 21-NOV-23 NO

14 rows selected.

SQL>
SQL> SQL> SQL> SQL> SQL> SQL> SQL> SQL> SQL> SQL> SP2-0042: unknown command "SQL> /" - rest of line ignored.
SQL> SQL> SP2-0734: unknown command beginning "SEQUENCE# ..." - rest of line ignored.
SQL> SQL> SQL> SQL> SQL> SQL> SQL> SQL> SQL> SQL> SQL> SQL> SQL> SQL> SQL> SQL> SQL> SQL> SQL> SP2-0042: unknown command "SQL>" - rest of line ignored.
SQL> login as: oracle
oracle@192.168.0.214's password:
Last login: Tue Nov 21 10:31:45 2023
[oracle@arun ~]$ cd /u01/rman_bkp/
[oracle@arun rman_bkp]$ ls -lrt
total 1415856
-rw-r-----. 1 oracle oinstall  66135552 Nov 18 12:18 0v2bpkcr_1_1
-rw-r-----. 1 oracle oinstall 108029440 Nov 18 12:18 0u2bpkcr_1_1
-rw-r-----. 1 oracle oinstall    720384 Nov 18 12:18 102bpkcs_1_1
-rw-r-----. 1 oracle oinstall 435470336 Nov 18 12:18 122bpkct_1_1
-rw-r-----. 1 oracle oinstall 828424192 Nov 18 12:18 112bpkctSP2-0734: _1_1
-rw-r-----. 1 oracle oinstall      5632 Nov 18 12:18 132bpkd4_1_1
-rw-r-----. 1 oracle oinstall  11042816 Nov 18 12:18 c-3652303979-20231118-02
[oracle@arun rman_bkp]$ rm *
[oracle@arun rman_bkp]$ ls -lrt
total 0
[oracle@arun rman_bkp]$ vi /etcunknown command beginning "login as: ..." - rest of line ignored.
/oratab
[oracle@arun rman_bkp]$
[oracle@arun rman_bkp]$
[oracle@arun rman_bkp]$
SQL> SP2-0734: unknown command beginning "oracle@192..." - rest of line ignored.
SQL> SP2-0734: unknown command beginning "Last login..." - rest of line ignored.
SP2-0044: For a list of known commands enter HELP
and to leave enter EXIT.
SQL> SP2-0734: unknown command beginning "[oracle@ar..." - rest of line ignored.
SQL> SP2-0734: unknown command beginning "[oracle@ar..." - rest of line ignored.
SQL> SP2-0734: unknown command beginning "total 1415..." - rest of line ignored.
SQL> SP2-0734: unknown command beginning "-rw-r-----..." - rest of line ignored.
SP2-0044: For a list of known commands enter HELP
and to leave enter EXIT.
SQL> SP2-0734: unknown command beginning "-rw-r-----..." - rest of line ignored.
SQL> SP2-0734: unknown command beginning "-rw-r-----..." - rest of line ignored.
SQL> SP2-0734: unknown command beginning "-rw-r-----..." - rest of line ignored.
SQL> SP2-0734: unknown command beginning "-rw-r-----..." - rest of line ignored.
SP2-0044: For a list of known commands enter HELP
and to leave enter EXIT.
SQL> SP2-0734: unknown command beginning "-rw-r-----..." - rest of line ignored.
SQL> SP2-0734: unknown command beginning "-rw-r-----..." - rest of line ignored.
SQL> SP2-0734: unknown command beginning "[oracle@ar..." - rest of line ignored.
SQL> SP2-0734: unknown command beginning "[oracle@ar..." - rest of line ignored.
SP2-0044: For a list of known commands enter HELP
and to leave enter EXIT.
SQL> SP2-0042: unknown command "total 0" - rest of line ignored.
SQL> SP2-0734: unknown command beginning "[oracle@ar..." - rest of line ignored.
SQL> SP2-0734: unknown command beginning "[oracle@ar..." - rest of line ignored.
SQL> SP2-0734: unknown command beginning "[oracle@ar..." - rest of line ignored.
SP2-0044: For a list of known commands enter HELP
and to leave enter EXIT.
SQL> SP2-0734: unknown command beginning "[oracle@ar..." - rest of line ignored.
SQL> [oracle@arun rman_bkp]$
[oracle@arun rman_bkp]$ . oraenv
ORACLE_SID = [catlog] ? proddbs
The Oracle base has been set to /u01/app/oracle
[oracle@arun rman_bkp]$
[oracle@arun rman_bkp]$
[oracle@arun rman_bkp]$
[oracle@arun rman_bkp]$
[oracle@arun rman_bkp]$
[oracle@arun rman_bkp]$
[oracle@arun rman_bkp]$
[oracle@arun rman_bkp]$
[oracle@arun rman_bkp]$
[oracle@arun rman_bkp]$
[oracle@arun rman_bkp]$ cd $ORACLE_HOME
[oracle@arun dbhome_1]$ cd dbs
[oracle@arun dbs]$ ls -lrt
total 88
-rw-r-----. 1 oracle oinstall 2048 Nov 16 15:27 orapwproddb_bkp
-rw-r-----. 1 oracle oinstall   24 Nov 16 15:36 lkCATLOG
-rw-r--r--. 1 oracle oinstall 1126 Nov 17 09:30 initcatlog.ora
-rw-r-----. 1 oracle oinstall 6144 Nov 18 11:41 orapwcatlog
-rw-rw----. 1 oracle oinstall 1544 Nov 18 11:55 hc_gjdq.dat
-rw-rw----. 1 oracle oinstall 1544 Nov 18 11:56 hc_rBbz.dat
-rw-rw----. 1 oracle oinstall 1544 Nov 18 12:03 hc_fyxo.dat
-rw-rw----. 1 oracle oinstall 1544 Nov 18 12:08 hc_qyEt.dat
-rw-rw----. 1 oracle oinstall 1544 Nov 18 12:12 hc_dkpB.dat
-rw-rw----. 1 oracle oinstall 1544 Nov 18 12:23 hc_Dnej.dat
-rw-rw----. 1 oracle oinstall 1544 Nov 18 12:24 hc_sbwB.dat
-rw-rw----. 1 oracle oinstall 1544 Nov 18 12:26 hc_Dgca.dat
-rw-rw----. 1 oracle oinstall 1544 Nov 18 12:27 hc_zyEc.dat
-rw-r-----. 1 oracle oinstall   24 Nov 18 12:28 lkROFX_PITR_CATLOG
-rw-r-----. 1 oracle oinstall 9728 Nov 18 12:30 spfileroFx.ora
-rw-rw----. 1 oracle oinstall 1544 Nov 18 12:30 hc_roFx.dat
-rw-rw----. 1 oracle oinstall 1544 Nov 21 10:30 hc_catlog.dat
-rw-r--r--. 1 oracle oinstall 1422 Nov 21 10:32 initproddb.ora
-rw-r-----. 1 oracle oinstall 2048 Nov 21 10:32 orapwproddb
[oracle@arun dbs]$ rm *
[oracle@arun dbs]$ ls -lrt
total 8
-rw-r--r--. 1 oracle oinstall 1422 Nov 21 10:37 initproddb.ora
-rw-r-----. 1 oracle oinstall 2048 Nov 21 10:37 orapwproddb
[oracle@arun dbs]$ cp initproddb.ora initproddbs.ora
[oracle@arun dbs]$ cp orapwproddb orapwproddbs
[oracle@arun dbs]$ ls -lrt
total 16
-rw-r--r--. 1 oracle oinstall 1422 Nov 21 10:37 initproddb.ora
-rw-r-----. 1 oracle oinstall 2048 Nov 21 10:37 orapwproddb
-rw-r--r--. 1 oracle oinstall 1422 Nov 21 10:38 initproddbs.ora
-rw-r-----. 1 oracle oinstall 2048 Nov 21 10:38 orapwproddbs
[oracle@arun dbs]$ env |grep ORA
ORACLE_SID=proddbs
ORACLE_BASE=/u01/app/oracle
ORACLE_HOME=/u01/app/oracle/product/19.0.0.0/dbhome_1
[oracle@arun dbs]$
[oracle@arun dbs]$
[oracle@arun dbs]$
[oracle@arun dbs]$ vi initproddbs.ora
[oracle@arun dbs]$
[oracle@arun dbs]$
[oracle@arun dbs]$
[oracle@arun dbs]$
[oracle@arun dbs]$
[oracle@arun dbs]$
[oracle@arun dbs]$ sqlplus / as sysdba

SQL*Plus: Release 19.0.0.0.0 - Production on Tue Nov 21 10:43:20 2023
Version 19.3.0.0.0

Copyright (c) 1982, 2019, Oracle.  All rights reserved.

Connected to an idle instance.

SQL> startup nomount;
ORACLE instance started.

Total System Global Area 1543500872 bytes
Fixed Size                  9135176 bytes
Variable Size             889192448 bytes
Database Buffers          637534208 bytes
Redo Buffers                7639040 bytes
SQL> exit
Disconnected from Oracle Database 19c Enterprise Edition Release 19.0.0.0.0 - Production
Version 19.3.0.0.0
[oracle@arun dbs]$ cd ../network/admin/
[oracle@arun admin]$ ls -lrt
total 8
drwxrwxrwx. 2 oracle oinstall  64 Apr 17  2019 samples
-rw-r--r--. 1 oracle oinstall 476 Nov 17 10:05 listener.ora
-rw-r--r--. 1 oracle oinstall 709 Nov 17 10:17 tnsnames.ora
[oracle@arun admin]$ vi listener.ora
[oracle@arun admin]$
[oracle@arun admin]$
[oracle@arun admin]$
[oracle@arun admin]$
[oracle@arun admin]$ cat listener.ora
# listener.ora Network Configuration File: /u01/app/oracle/product/19.0.0.0/dbhome_1/network/in/listener.ora
# Generated by Oracle configuration tools.

SID_LIST_LISTENER =
  (SID_LIST =
    (SID_DESC =
      (GLOBAL_DBNAME = proddb)
      (ORACLE_HOME = /u01/app/oracle/product/19.0.0.0/dbhome_1)
      (SID_NAME = proddbs)
    )
  )

LISTENER =
  (DESCRIPTION =
    (ADDRESS = (PROTOCOL = TCP)(HOST = 192.168.0.214)(PORT = 1521))
  )

ADR_BASE_LISTENER = /u01/app/oracle

[oracle@arun admin]$ lsnrctl start

LSNRCTL for Linux: Version SP2-0734: unknown command beginning "[oracle@ar..." - rest of line ignored.
SQL> SP2-0734: unknown command beginning "[oracle@ar..." - rest of line ignored.
SQL> SP2-0734: unknown command beginning "ORACLE_SID..." - rest of line ignored.
SP2-0044: For a list of known commands enter HELP
and to leave enter EXIT.
SQL> SP2-0734: unknown command beginning "The Oracle..." - rest of line ignored.
SQL> SP2-0734: unknown command beginning "[oracle@ar..." - rest of line ignored.
SQL> SP2-0734: unknown command beginning "[oracle@ar..." - rest of line ignored.
SQL> SP2-0734: unknown command beginning "[oracle@ar..." - rest of line ignored.
SP2-0044: For a list of known commands enter HELP
and to leave enter EXIT.
SQL> SP2-0734: unknown command beginning "[oracle@ar..." - rest of line ignored.
SQL> SP2-0734: unknown command beginning "[oracle@ar..." - rest of line ignored.
SQL> SP2-0734: unknown command beginning "[oracle@ar..." - rest of line ignored.
SQL> SP2-0734: unknown command beginning "[oracle@ar..." - rest of line ignored.
SP2-0044: For a list of known commands enter HELP
and to leave enter EXIT.
SQL> SP2-0734: unknown command beginning "[oracle@ar..." - rest of line ignored.
SQL> SP2-0734: unknown command beginning "[oracle@ar..." - rest of line ignored.
SQL> SP2-0734: unknown command beginning "[oracle@ar..." - rest of line ignored.
SQL> SP2-0734: unknown command beginning "[oracle@ar..." - rest of line ignored.
SP2-0044: For a list of known commands enter HELP
and to leave enter EXIT.
SQL> SP2-0734: unknown command beginning "[oracle@ar..." - rest of line ignored.
SQL> SP2-0734: unknown command beginning "[oracle@ar..." - rest of line ignored.
SQL> SP2-0042: unknown command "total 88" - rest of line ignored.
SQL> SP2-0734: unknown command beginning "-rw-r-----..." - rest of line ignored.
SP2-0044: For a list of known commands enter HELP
and to leave enter EXIT.
SQL> SP2-0734: unknown command beginning "-rw-r-----..." - rest of line ignored.
SQL> SP2-0734: unknown command beginning "-rw-r--r--..." - rest of line ignored.
SQL> SP2-0734: unknown command beginning "-rw-r-----..." - rest of line ignored.
SQL> SP2-0734: unknown command beginning "-rw-rw----..." - rest of line ignored.
SP2-0044: For a list of known commands enter HELP
and to leave enter EXIT.
SQL> SP2-0734: unknown command beginning "-rw-rw----..." - rest of line ignored.
SQL> SP2-0734: unknown command beginning "-rw-rw----..." - rest of line ignored.
SQL> SP2-0734: unknown command beginning "-rw-rw----..." - rest of line ignored.
SQL> SP2-0734: unknown command beginning "-rw-rw----..." - rest of line ignored.
SP2-0044: For a list of known commands enter HELP
and to leave enter EXIT.
SQL> SP2-0734: unknown command beginning "-rw-rw----..." - rest of line ignored.
SQL> SP2-0734: unknown command beginning "-rw-rw----..." - rest of line ignored.
SQL> SP2-0734: unknown command beginning "-rw-rw----..." - rest of line ignored.
SQL> SP2-0734: unknown command beginning "-rw-rw----..." - rest of line ignored.
SP2-0044: For a list of known commands enter HELP
and to leave enter EXIT.
SQL> SP2-0734: unknown command beginning "-rw-r-----..." - rest of line ignored.
SQL> SP2-0734: unknown command beginning "-rw-r-----..." - rest of line ignored.
SQL> SP2-0734: unknown command beginning "-rw-rw----..." - rest of line ignored.
SQL> SP2-0734: unknown command beginning "-rw-rw----..." - rest of line ignored.
SP2-0044: For a list of known commands enter HELP
and to leave enter EXIT.
SQL> SP2-0734: unknown command beginning "-rw-r--r--..." - rest of line ignored.
SQL> SP2-0734: unknown command beginning "-rw-r-----..." - rest of line ignored.
SQL> SP2-0734: unknown command beginning "[oracle@ar..." - rest of line ignored.
SQL> SP2-0734: unknown command beginning "[oracle@ar..." - rest of line ignored.
SP2-0044: For a list of known commands enter HELP
and to leave enter EXIT.
SQL> SP2-0042: unknown command "total 8" - rest of line ignored.
SQL> SP2-0734: unknown command beginning "-rw-r--r--..." - rest of line ignored.
SQL> SP2-0734: unknown command beginning "-rw-r-----..." - rest of line ignored.
SQL> SP2-0734: unknown command beginning "[oracle@ar..." - rest of line ignored.
SP2-0044: For a list of known commands enter HELP
and to leave enter EXIT.
SQL> SP2-0734: unknown command beginning "[oracle@ar..." - rest of line ignored.
SQL> SP2-0734: unknown command beginning "[oracle@ar..." - rest of line ignored.
SQL> SP2-0042: unknown command "total 16" - rest of line ignored.
SQL> SP2-0734: unknown command beginning "-rw-r--r--..." - rest of line ignored.
SP2-0044: For a list of known commands enter HELP
and to leave enter EXIT.
SQL> SP2-0734: unknown command beginning "-rw-r-----..." - rest of line ignored.
SQL> SP2-0734: unknown command beginning "-rw-r--r--..." - rest of line ignored.
SQL> SP2-0734: unknown command beginning "-rw-r-----..." - rest of line ignored.
SQL> SP2-0734: unknown command beginning "[oracle@ar..." - rest of line ignored.
SP2-0044: For a list of known commands enter HELP
and to leave enter EXIT.
SQL> SP2-0734: unknown command beginning "ORACLE_SID..." - rest of line ignored.
SQL> SP2-0734: unknown command beginning "ORACLE_BAS..." - rest of line ignored.
SQL> SP2-0734: unknown command beginning "ORACLE_HOM..." - rest of line ignored.
SQL> SP2-0734: unknown command beginning "[oracle@ar..." - rest of line ignored.
SP2-0044: For a list of known commands enter HELP
and to leave enter EXIT.
SQL> SP2-0734: unknown command beginning "[oracle@ar..." - rest of line ignored.
SQL> SP2-0734: unknown command beginning "[oracle@ar..." - rest of line ignored.
SQL> SP2-0734: unknown command beginning "[oracle@ar..." - rest of line ignored.
SQL> SP2-0734: unknown command beginning "[oracle@ar..." - rest of line ignored.
SP2-0044: For a list of known commands enter HELP
and to leave enter EXIT.
SQL> SP2-0734: unknown command beginning "[oracle@ar..." - rest of line ignored.
SQL> SP2-0734: unknown command beginning "[oracle@ar..." - rest of line ignored.
SQL> SP2-0734: unknown command beginning "[oracle@ar..." - rest of line ignored.
SQL> SP2-0734: unknown command beginning "[oracle@ar..." - rest of line ignored.
SP2-0044: For a list of known commands enter HELP
and to leave enter EXIT.
SQL> SP2-0734: unknown command beginning "[oracle@ar..." - rest of line ignored.
SQL> SP2-0734: unknown command beginning "[oracle@ar..." - rest of line ignored.
SQL> SQL> SP2-0734: unknown command beginning "SQL*Plus: ..." - rest of line ignored.
SQL> SP2-0734: unknown command beginning "Version 19..." - rest of line ignored.
SP2-0044: For a list of known commands enter HELP
and to leave enter EXIT.
SQL> SQL> SP2-0734: unknown command beginning "Copyright ..." - rest of line ignored.
SQL> SQL> SP2-0734: unknown command beginning "Connected ..." - rest of line ignored.
SQL> SQL> SP2-0734: unknown command beginning "SQL> start..." - rest of line ignored.
SQL> SP2-0734: unknown command beginning "ORACLE ins..." - rest of line ignored.
SP2-0044: For a list of known commands enter HELP
and to leave enter EXIT.
SQL> SQL> SP2-0734: unknown command beginning "Total Syst..." - rest of line ignored.
SQL> SP2-0734: unknown command beginning "Fixed Size..." - rest of line ignored.
SQL> Usage: VAR[IABLE] [ <variable> [ NUMBER | CHAR | CHAR (n [CHAR|BYTE]) |
                    VARCHAR2 (n [CHAR|BYTE]) | NCHAR | NCHAR (n) |
                    NVARCHAR2 (n) | CLOB | NCLOB | BLOB | BFILE
                    REFCURSOR | BINARY_FLOAT | BINARY_DOUBLE ] ]
SQL> SP2-0734: unknown command beginning "Database B..." - rest of line ignored.
SQL> SP2-0734: unknown command beginning "Redo Buffe..." - rest of line ignored.
SQL> SP2-0042: unknown command "SQL> exit" - rest of line ignored.
SQL> SP2-0734: unknown command beginning "Disconnect..." - rest of line ignored.
SP2-0044: For a list of known commands enter HELP
and to leave enter EXIT.
SQL> SP2-0734: unknown command beginning "Version 19..." - rest of line ignored.
SQL> SP2-0734: unknown command beginning "[oracle@ar..." - rest of line ignored.
SQL> SP2-0734: unknown command beginning "[oracle@ar..." - rest of line ignored.
SQL> SP2-0042: unknown command "total 8" - rest of line ignored.
SP2-0044: For a list of known commands enter HELP
and to leave enter EXIT.
SQL> SP2-0734: unknown command beginning "drwxrwxrwx..." - rest of line ignored.
SQL> SP2-0734: unknown command beginning "-rw-r--r--..." - rest of line ignored.
SQL> SP2-0734: unknown command beginning "-rw-r--r--..." - rest of line ignored.
SQL> SP2-0734: unknown command beginning "[oracle@ar..." - rest of line ignored.
SP2-0044: For a list of known commands enter HELP
and to leave enter EXIT.
SQL> SP2-0734: unknown command beginning "[oracle@ar..." - rest of line ignored.
SQL> SP2-0734: unknown command beginning "[oracle@ar..." - rest of line ignored.
SQL> SP2-0734: unknown command beginning "[oracle@ar..." - rest of line ignored.
SQL> SP2-0734: unknown command beginning "[oracle@ar..." - rest of line ignored.
SP2-0044: For a list of known commands enter HELP
and to leave enter EXIT.
SQL> SP2-0734: unknown command beginning "[oracle@ar..." - rest of line ignored.
SQL> SP2-0734: unknown command beginning "listener.o..." - rest of line ignored.
SQL> SP2-0734: unknown command beginning "Generated ..." - rest of line ignored.
SQL> SQL> SP2-0734: unknown command beginning "SID_LIST_L..." - rest of line ignored.
SP2-0044: For a list of known commands enter HELP
and to leave enter EXIT.
SQL>   2    3    4    5    6    7    8  SQL> SP2-0042: unknown command "LISTENER =" - rest of line ignored.
SQL>   2    3    4  SQL> SP2-0734: unknown command beginning "ADR_BASE_L..." - rest of line ignored.
SQL> SQL> SP2-0734: unknown command beginning "[oracle@ar..." - rest of line ignored.
SQL> SQL> 19.0.0.0.0 - Production on 21-NOV-2023 10:49:04

Copyright (c) 1991, 2019, Oracle.  All rights reserved.





Starting /u01/app/oracle/product/19.0.0.0/dbhome_1/bin/tnslsnr: please wait...




TNSLSNR for Linux: Version 19.0.0.0.0 - Production
System parameter file is /u01/app/oracle/product/19.0.0.0/dbhome_1/network/admin/listener.ora
Log messages written to /u01/app/oracle/diag/tnslsnr/arun/listener/alert/log.xml
Listening on: (DESCRIPTION=(ADDRESS=(PROTOCOL=tcp)(HOST=192.168.0.214)(PORT=1521)))

Connecting to (DESCRIPTION=(ADDRESS=(PROTOCOL=TCP)(HOST=192.168.0.214)(PORT=1521)))
STATUS of the LISTENER
------------------------
Alias                     LISTENER
Version                   TNSLSNR for Linux: Version 19.0.0.0.0 - Production
Start Date                21-NOV-2023 10:49:29
Uptime                    0 days 0 hr. 0 min. 24 sec
Trace Level               off
SP2-0734: unknown command beginning "LSNRCTL fo..." - rest of line ignored.
SQL> SQL> SP2-0734: unknown command beginning "Copyright ..." - rest of line ignored.
SP2-0044: For a list of known commands enter HELP
and to leave enter EXIT.
SQL> SQL> SQL> SQL> SQL> SQL> SP2-0734: unknown command beginning "Starting /..." - rest of line ignored.
SQL> SQL> SQL> SQL> SQL> SP2-0734: unknown command beginning "TNSLSNR fo..." - rest of line ignored.
SQL> SP2-0734: unknown command beginning "System par..." - rest of line ignored.
SQL> SP2-0734: unknown command beginning "Log messag..." - rest of line ignored.
SP2-0044: For a list of known commands enter HELP
and to leave enter EXIT.
SQL> SP2-0734: unknown command beginning "Listening ..." - rest of line ignored.
SQL> SQL> SP2-0734: unknown command beginning "Connecting..." - rest of line ignored.
SQL> SP2-0734: unknown command beginning "STATUS of ..." - rest of line ignored.
SQL> SQL> SP2-0734: unknown command beginning "Alias     ..." - rest of line ignored.
SQL> SP2-0734: unknown command beginning "Version   ..." - rest of line ignored.
SQL> SP2-0310: unable to open file "Date.sql"
SQL> SP2-0734: unknown command beginning "Uptime    ..." - rest of line ignored.
SQL> SP2-0734: unknown command beginning "Trace Leve..." - rest of line ignored.
SQL> Security                  ON: Local OS Authentication
SNMP                      OFF
Listener Parameter File   /u01/app/oracle/product/19.0.0.0/dbhome_1/network/admin/listener.or
Listener Log File         /u01/app/oracle/diag/tnslsnr/arun/listener/alert/log.xml
Listening Endpoints Summary...
  (DESCRIPTION=(ADDRESS=(PROTOCOL=tcp)(HOST=192.168.0.214)(PORT=1521)))
Services Summary...
Service "proddb" has 1 instance(s).
  Instance "proddbs", status UNKNOWN, has 1 handler(s) for this service...
The command completed successfully
[oracle@arun admin]$
[oracle@arun admin]$
[oracle@arun admin]$
[oracle@arun admin]$
[oracle@arun admin]$
[oracle@arun admin]$
[oracle@arun admin]$
[oracle@arun admin]$ vi tnsnames.ora
[oracle@arun admin]$
[oracle@arun admin]$
[oracle@arun admin]$
[oracle@arun admin]$
[oracle@arun admin]$
SP2-0734: unknown command beginning "Security  ..." - rest of line ignored.
SQL> SP2-0734: unknown command beginning "SNMP      ..." - rest of line ignored.
SP2-0044: For a list of known commands enter HELP
and to leave enter EXIT.
SQL> SP2-0734: unknown command beginning "Listener P..." - rest of line ignored.
SQL> SP2-0734: unknown command beginning "Listener L..." - rest of line ignored.
SQL> SP2-0734: unknown command beginning "Listening ..." - rest of line ignored.
SQL>   2    3    4    5    6    7    8    9   10   11   12   13   14   15   16   17   18   19  [oracle@arun admin]$
[oracle@arun admin]$
[oracle@arun admin]$
[oracle@arun admin]$
[oracle@arun admin]$ vi tnsnames.ora
[oracle@arun admin]$
[oracle@arun admin]$
[oracle@arun admin]$
[oracle@arun admin]$
[oracle@arun admin]$
[oracle@arun admin]$
[oracle@arun admin]$ sqlplus sys/proddb123@to_proddb as sysdba

SQL*Plus: Release 19.0.0.0.0 - Production on Tue Nov 21 10:54:11 2023
Version 19.3.0.0.0

Copyright (c) 1982, 2019, Oracle.  All rights reserved.


Connected to:
Oracle Database 19c Enterprise Edition Release 19.0.0.0.0 - Production
Version 19.3.0.0.0

SQL> exit
Disconnected from Oracle Database 19c Enterprise Edition Release 19.0.0.0.0 - Production
Version 19.3.0.0.0
^[[A[oracle@arun admin]$ sqlplus sys/proddb1 20  23@to_proddbs as sysdba

SQL*Plus: Release 19.0.0.0.0 - Production on Tue Nov 21 10:55:06 2023
 21   22   23   24   25   26   27   28   29   30   31  SQL> SP2-0734: unknown command beginning "SQL*Plus: ..." - rest of line ignored.
SQL> SP2-0734: unknown command beginning "Version 19..." - rest of line ignored.
SQL> SQL> SP2-0734: unknown command beginning "Copyright ..." - rest of line ignored.
SQL> SQL> SQL> SP2-0734: unknown command beginning "Connected ..." - rest of line ignored.
SP2-0044: For a list of known commands enter HELP
and to leave enter EXIT.
SQL> SP2-0734: unknown command beginning "Oracle Dat..." - rest of line ignored.
SQL> SP2-0734: unknown command beginning "Version 19..." - rest of line ignored.
SQL> SQL> SP2-0042: unknown command "SQL> exit" - rest of line ignored.
SQL> SP2-0734: unknown command beginning "Disconnect..." - rest of line ignored.
SP2-0044: For a list of known commands enter HELP
and to leave enter EXIT.
SQL> SP2-0734: unknown command beginning "Version 19..." - rest of line ignored.
SQL> SP2-0734: unknown command beginning "^[[A[oracl..." - rest of line ignored.
SQL> SQL> SP2-0734: unknown command beginning "SQL*Plus: ..." - rest of line ignored.
SQL> Version 19.3.0.0.0

Copyright (c) 1982, 2019, Oracle.  All rights reserved.

ERROR:
ORA-12514: TNS:listener does not currently know of service requested in connect
descriptor


Enter user-name:
ERROR:
ORA-01017: invalid username/password; logon SP2-0734: denied


Enter user-name:
ERROR:
ORA-01017: invalid username/password; logon denied


SP2-0157: unable to CONNECT to ORACLE after 3 attempts, exiting SQL*Plus
[oracle@arun admin]$
[oracle@arun admin]$
[oracle@arun admin]$
[oracle@arun admin]$
unknown command beginning "Version 19..." - rest of line ignored.
[oracle@arun admin]$
[oracle@arun admin]$ tnsping to_proddbs

TNS Ping Utility for LinSP2-0044: ux: Version 19.0.0.0.0 - Production on 21-NOV-2023 10:55:38

Copyright (c) 1997, 2019, Oracle.  All rights reserved.

Used parameter files:


Used TNSNAMES adapter to resolve the alias
Attempting to contact (DESCRIPTION = (ADDRESS_LIST = (ADDRESS = (PFor a list of known commands enter HELP
ROTOCOL = TCP)(HOST = 192.10.214)(PORT = 1521))) (CONNECT_DATA = (and to leave enter EXIT.
SERVICE_NAME = proddbs)))
SQL> SQL> SP2-0734: unknown command beginning "Copyright ..." - rest of line ignored.
SQL> SQL> SP2-0042: unknown command "ERROR:" - rest of line ignored.
SQL> SP2-0734: unknown command beginning "ORA-12514:..." - rest of line ignored.
SQL> SP2-0042: unknown command "descriptor" - rest of line ignored.
SP2-0044: For a list of known commands enter HELP
and to leave enter EXIT.
SQL> SQL> SQL> SP2-0734: unknown command beginning "Enter user..." - rest of line ignored.
SQL> SP2-0042: unknown command "ERROR:" - rest of line ignored.
SQL> SP2-0734: unknown command beginning "ORA-01017:..." - rest of line ignored.
SQL> SQL> SQL> SP2-0734: unknown command beginning "Enter user..." - rest of line ignored.
SP2-0044: For a list of known commands enter HELP
and to leave enter EXIT.
SQL> SP2-0042: unknown command "ERROR:" - rest of line ignored.
SQL> SP2-0734: unknown command beginning "ORA-01017:..." - rest of line ignored.
SQL> SQL> SQL> SP2-0734: unknown command beginning "SP2-0157: ..." - rest of line ignored.
SQL> SP2-0734: unknown command beginning "[oracle@ar..." - rest of line ignored.
SP2-0044: For a list of known commands enter HELP
and to leave enter EXIT.
SQL> SP2-0734: unknown command beginning "[oracle@ar..." - rest of line ignored.
SQL> SP2-0734: unknown command beginning "[oracle@ar..." - rest of line ignored.
SQL> SP2-0734: unknown command beginning "[oracle@ar..." - rest of line ignored.
SQL> SP2-0734: unknown command beginning "[oracle@ar..." - rest of line ignored.
SP2-0044: For a list of known commands enter HELP
and to leave enter EXIT.
SQL> SP2-0734: unknown command beginning "[oracle@ar..." - rest of line ignored.
SQL> SQL> SP2-0734: unknown command beginning "TNS Ping U..." - rest of line ignored.
SQL> SQL> SP2-0734: unknown command beginning "Copyright ..." - rest of line ignored.
SQL> SQL> SP2-0734: unknown command beginning "Used param..." - rest of line ignored.
SP2-0044: For a list of known commands enter HELP
and to leave enter EXIT.
SQL> SQL> SQL> SP2-0734: unknown command beginning "Used TNSNA..." - rest of line ignored.
SQL> SP2-0734: unknown command beginning "Attempting..." - rest of line ignored.
SQL>


OK (12290 msec)
[oracle@arun admin]$
[oracle@arun admin]$
[oracle@arun admin]$
[oracle@arun admin]$
[oracle@arun admin]$
[oracle@arun admin]$
[oracle@arun admin]$
[oracle@arun admin]$ vi listener.ora
[oracle@arun admin]$ lsnrctl stop

LSNRCTL for Linux: Version 19.0.0.0.0 - Production on 21-NOV-2023 10:56:30

Copyright (c) 1991, 2019, Oracle.  All rights reserved.

Connecting to (DESCRIPTION=(ADDRESS=(PROTOCOL=TCP)(HOST=192.168.0.214)(PORT=1521)))






The command completed successfully
[oracle@arun admin]$ \
>
[oracle@arun admin]$
[oracle@arun admin]$
[oracle@arun admin]$
[oracle@arun admin]$
[oracle@arun admin]$ lsnrctl start

LSNRCTL for Linux: Version 19.0.0.0.0 - Production on 21-NOV-2023 10:56:44

CopyrighSQL> t (c) 1991, 2019, Oracle.  All rights reserved.

Starting /u01/app/oracle/product/19.0.0.0/dbhome_1/bin/tnslsnr: please wait...
SQL> SQL> SP2-0734: unknown command beginning "OK (12290 ..." - rest of line ignored.
SQL> SP2-0734: unknown command beginning "[oracle@ar..." - rest of line ignored.
SP2-0044: For a list of known commands enter HELP
and to leave enter EXIT.
SQL> SP2-0734: unknown command beginning "[oracle@ar..." - rest of line ignored.
SQL> SP2-0734: unknown command beginning "[oracle@ar..." - rest of line ignored.
SQL> SP2-0734: unknown command beginning "[oracle@ar..." - rest of line ignored.
SQL> SP2-0734: unknown command beginning "[oracle@ar..." - rest of line ignored.
SP2-0044: For a list of known commands enter HELP
and to leave enter EXIT.
SQL> SP2-0734: unknown command beginning "[oracle@ar..." - rest of line ignored.
SQL> SP2-0734: unknown command beginning "[oracle@ar..." - rest of line ignored.
SQL> SP2-0734: unknown command beginning "[oracle@ar..." - rest of line ignored.
SQL> SP2-0734: unknown command beginning "[oracle@ar..." - rest of line ignored.
SP2-0044: For a list of known commands enter HELP
and to leave enter EXIT.
SQL> SQL> SP2-0734: unknown command beginning "LSNRCTL fo..." - rest of line ignored.
SQL> SQL> SP2-0734: unknown command beginning "Copyright ..." - rest of line ignored.
SQL> SQL> SP2-0734: unknown command beginning "Connecting..." - rest of line ignored.
SQL> SQL> SQL> SQL> SQL> SQL> SQL> SP2-0734: unknown command beginning "The comman..." - rest of line ignored.
SP2-0044: For a list of known commands enter HELP
and to leave enter EXIT.
SQL> SP2-0734: unknown command beginning "[oracle@ar..." - rest of line ignored.
SQL> SP2-0042: unknown command ">" - rest of line ignored.
SQL> SP2-0734: unknown command beginning "[oracle@ar..." - rest of line ignored.
SQL> SP2-0734: unknown command beginning "[oracle@ar..." - rest of line ignored.
SP2-0044: For a list of known commands enter HELP
and to leave enter EXIT.
SQL> SP2-0734: unknown command beginning "[oracle@ar..." - rest of line ignored.
SQL> SP2-0734: unknown command beginning "[oracle@ar..." - rest of line ignored.
SQL> SP2-0734: unknown command beginning "[oracle@ar..." - rest of line ignored.
SQL> SQL> SP2-0734: unknown command beginning "LSNRCTL fo..." - rest of line ignored.
SP2-0044: For a list of known commands enter HELP
and to leave enter EXIT.
SQL> SQL> SP2-0734: unknown command beginning "Copyright ..." - rest of line ignored.
SQL> SQL> SP2-0734: unknown command beginning "Starting /..." - rest of line ignored.
SQL>
TNSLSNR for Linux: Version 19.0.0.0.0 - Production
System parameter file is /u01/app/oracle/product/19.0.0.0/dbhome_1/network/admin/listener.ora
Log messages written to /u01/app/oracle/diag/tnslsnr/arun/listener/alert/log.xml
Listening on: (DESCRIPTION=(ADDRESS=(PROTOCOL=tcp)(HOST=192.168.0.214)(PORT=1521)))

Connecting to (DESCRIPTION=(ADDRESS=(PROTOCOL=TCP)(HOST=192.168.0.214)(PORT=1521)))
STATUS of the LISTENER
------------------------
Alias                     LISTENER
Version                   TNSLSNR for Linux: Version 19.0.0.0.0 - Production
Start DatSQL> e                21-NOV-2023 10:57:08
Uptime                    0 days 0 hr. 0 min. 24 sec
Trace Level               off
Security                  ON: Local OS Authentication
SNMP                      OFF
Listener Parameter File   /u01/app/oracle/product/19.0.0.0/dbhome_1/network/admin/listener.or
SP2-0734: unknown command beginning "TNSLSNR fo..." - rest of line ignored.
SQL> SP2-0734: unknown command beginning "System par..." - rest of line ignored.
SP2-0044: For a list of known commands enter HELP
and to leave enter EXIT.
SQL> SP2-0734: unknown command beginning "Log messag..." - rest of line ignored.
SQL> SP2-0734: unknown command beginning "Listening ..." - rest of line ignored.
SQL> SQL> SP2-0734: unknown command beginning "Connecting..." - rest of line ignored.
SQL> SP2-0734: unknown command beginning "STATUS of ..." - rest of line ignored.
SP2-0044: For a list of known commands enter HELP
and to leave enter EXIT.
SQL> SQL> SP2-0734: unknown command beginning "Alias     ..." - rest of line ignored.
SQL> SP2-0734: unknown command beginning "Version   ..." - rest of line ignored.
SQL> SP2-0310: unable to open file "Date.sql"
SQL> SP2-0734: unknown command beginning "Uptime    ..." - rest of line ignored.
SQL> SP2-0734: unknown command beginning "Trace Leve..." - rest of line ignored.
SQL> SP2-0734: unknown command beginning "Security  ..." - rest of line ignored.
SQL> SP2-0734: unknown command beginning "SNMP      ..." - rest of line ignored.
SP2-0044: For a list of known commands enter HELP
and to leave enter EXIT.
SQL> SP2-0734: unknown command beginning "Listener P..." - rest of line ignored.
SQL> Listener Log File         /u01/app/oracle/diag/tnslsnr/arun/listener/alert/log.xml
Listening Endpoints Summary...
  (DESCRIPTION=(ADDRESS=(PROTOCOL=tcp)(HOST=192.168.0.214)(PORT=1521)))
Services Summary...
Service "proddbs" has 1 instance(s).
  Instance "proddbs", status UNKNOWN, has 1 handler(s) for this service...
The command completed successfully
[oracle@arun admin]$
[oracle@arun admin]$
[oracle@arunSP2-0734:  admin]$ sqlplus sys/proddb123@to_proddbs as sysdba

SQL*Plus: Release 19.0.0.0.0 - Production on Tue Nov 21 10:57:26 2023
Version 19.3.0.0.0

Copyright (c) 1982, 2019, Oracle.  All rights reserved.


Connected to:
Oracle Database 19c Enterprise Ediunknown command beginning "Listener L..." - rest of line ignored.
tion Release 19.0.0.0.0 - Production
Version 19.3.0.0.0

SQL> exit
Disconnected from Oracle Database 19c Enterprise Edition Release 19.0.0.0.0 - Production
SQL> SP2-0734: unknown command beginning "Listening ..." - rest of line ignored.
SQL>   2    3    4    5    6    7    8    9  SQL> SP2-0734: unknown command beginning "SQL*Plus: ..." - rest of line ignored.
SQL> SP2-0734: unknown command beginning "Version 19..." - rest of line ignored.
SQL> SQL> SP2-0734: unknown command beginning "Copyright ..." - rest of line ignored.
SQL> SQL> SQL> SP2-0734: unknown command beginning "Connected ..." - rest of line ignored.
SP2-0044: For a list of known commands enter HELP
and to leave enter EXIT.
SQL> SP2-0734: unknown command beginning "Oracle Dat..." - rest of line ignored.
SQL> SP2-0734: unknown command beginning "Version 19..." - rest of line ignored.
SQL> SQL> SP2-0042: unknown command "SQL> exit" - rest of line ignored.
SQL> SP2-0734: unknown command beginning "Disconnect..." - rest of line ignored.
SP2-0044: For a list of known commands enter HELP
and to leave enter EXIT.
SQL> Version 19.3.0.0.0
[oracle@arun admin]$ cat listener.ora
# listener.ora Network Configuration File: /u01/app/oracle/product/19.0.0.0/dbhome_1/network/in/listener.ora
# Generated by Oracle configuration tools.

SID_LIST_LISTENER =
  (SID_LIST =
    (SID_DESC =
      (GLOBAL_DBNAME = proddbs)
      (ORACLE_HOME = /u01/app/oracle/product/19.0.0.0/dbhome_1)
      (SID_NAME = proddbs)
    )
  )

LISTENER =
  (DESCRIPTION =
    (ADDRESS = (PROTOCOL = TCP)(HOST = 192.168.0.214)(PORT = 152SP2-0734: 1))
  )

ADR_BASE_LISTENER = /u01/app/oracle

[oracle@arun admin]$ ps -ef|grep smon
oracle    4328     1  0 10:45 ?        00:00:00 ora_smon_proddbs
oracle    5379  3413  0 10:59 pts/1    00:00:00 grep --color=auto smon
[oracle@arun admin]$ rman auxiliary /
unknown command beginning "Version 19..." - rest of line ignored.

Recovery Manager: Release 19.0.0.0.0 - Production on Tue Nov 21 11:00:05 2023
SQL> SP2-0734: unknown command beginning "[oracle@ar..." - rest of line ignored.
SQL> SP2-0734: unknown command beginning "listener.o..." - rest of line ignored.
SQL> SP2-0734: unknown command beginning "Generated ..." - rest of line ignored.
SP2-0044: For a list of known commands enter HELP
and to leave enter EXIT.
SQL> SQL> SP2-0734: unknown command beginning "SID_LIST_L..." - rest of line ignored.
SQL>   2    3    4    5    6    7    8  SQL> SP2-0042: unknown command "LISTENER =" - rest of line ignored.
SQL>   2    3    4  SQL> SP2-0734: unknown command beginning "ADR_BASE_L..." - rest of line ignored.
SQL> SQL> SP2-0734: unknown command beginning "[oracle@ar..." - rest of line ignored.
SQL> SP2-0734: unknown command beginning "oracle    ..." - rest of line ignored.
SQL> SP2-0734: unknown command beginning "oracle    ..." - rest of line ignored.
SP2-0044: For a list of known commands enter HELP
and to leave enter EXIT.
SQL> SP2-0734: unknown command beginning "[oracle@ar..." - rest of line ignored.
SQL> SQL> SP2-0734: unknown command beginning "Recovery M..." - rest of line ignored.
SQL> Version 19.3.0.0.0

Copyright (c) 1982, 2019, Oracle and/or its affiliates.  All rights reserved.

connected to auxiliary database: PRODDB (not mounted)

RMAN>

RMAN> exit


Recovery Manager complete.
[oracle@arun admin]$ cd ../../dbs
[oracle@arun dbs]$ cat initproddb
cat: initproddb: No such file or directory
[oracle@arun dbs]$ cat initproddb.ora
proddb.__data_transfer_cache_size=0
proddb.__db_cache_size=570425344
proddb.__inmemory_ext_roarea=0
proddb.__inmemory_ext_rwarea=0
pSP2-0734: roddb.__java_pool_size=16777216
proddb.__large_pool_size=16777216
proddb.__oracle_base='/u01/app/oracle'#ORACLE_BASE set from environment
proddb.__pga_aggregate_target=620756992
proddb.__sga_target=922746880
proddb.__shared_io_pool_size=50331648
unknown command beginning "Version 19..." - rest of line ignored.
proddb.__shared_pool_size=251658240
proddb.__streams_pool_size=0
proddb.__unified_pga_pool_size=0
SQL> SQL> SP2-0734: unknown command beginning "Copyright ..." - rest of line ignored.
SP2-0044: For a list of known commands enter HELP
and to leave enter EXIT.
SQL> SQL> SP2-0734: unknown command beginning "connected ..." - rest of line ignored.
SQL> SQL> SP2-0042: unknown command "RMAN>" - rest of line ignored.
SQL> SQL> SP2-0042: unknown command "RMAN> exit" - rest of line ignored.
SQL> SQL> SQL> SP2-0734: unknown command beginning "Recovery M..." - rest of line ignored.
SP2-0044: For a list of known commands enter HELP
and to leave enter EXIT.
SQL> SP2-0734: unknown command beginning "[oracle@ar..." - rest of line ignored.
SQL> SP2-0734: unknown command beginning "[oracle@ar..." - rest of line ignored.
SQL> SP2-0734: unknown command beginning "cat: initp..." - rest of line ignored.
SQL> SP2-0734: unknown command beginning "[oracle@ar..." - rest of line ignored.
SP2-0044: For a list of known commands enter HELP
and to leave enter EXIT.
SQL> SP2-0734: unknown command beginning "proddb.__d..." - rest of line ignored.
SQL> SP2-0734: unknown command beginning "proddb.__d..." - rest of line ignored.
SQL> SP2-0734: unknown command beginning "proddb.__i..." - rest of line ignored.
SQL> SP2-0734: unknown command beginning "proddb.__i..." - rest of line ignored.
SP2-0044: For a list of known commands enter HELP
and to leave enter EXIT.
SQL> SP2-0734: unknown command beginning "proddb.__j..." - rest of line ignored.
SQL> SP2-0734: unknown command beginning "proddb.__l..." - rest of line ignored.
SQL> SP2-0734: unknown command beginning "proddb.__o..." - rest of line ignored.
SQL> SP2-0734: unknown command beginning "proddb.__p..." - rest of line ignored.
SP2-0044: For a list of known commands enter HELP
and to leave enter EXIT.
SQL> SP2-0734: unknown command beginning "proddb.__s..." - rest of line ignored.
SQL> SP2-0734: unknown command beginning "proddb.__s..." - rest of line ignored.
SQL> SP2-0734: unknown command beginning "proddb.__s..." - rest of line ignored.
SQL> SP2-0734: unknown command beginning "proddb.__s..." - rest of line ignored.
SP2-0044: For a list of known commands enter HELP
and to leave enter EXIT.
SQL> SP2-0734: unknown command beginning "proddb.__u..." - rest of line ignored.
SQL> *.audit_file_dest='/u01/app/oracle/admin/proddb/adump'
*.audit_trail='db'
*.compatible='19.0.0'
*.control_files='/u01/app/oracle/oradata/PRODDB/controlfile/o1_mf_lorcnv08_.ctl','/u01/app/ore/fast_recovery_area/PRODDB/controlfile/o1_mf_lorcnv1f_.ctl'
*.db_block_size=8192
*.db_create_file_dest='/u01/app/oracle/oradata'
*.db_name='proddb'
*.db_recovery_file_dest='/u01/app/oracle/fast_recovery_area'
*.db_recovery_file_dest_size=12732m
*.db_unique_name='proddb'
*.diagnostic_dest='/u01/app/oracleSP2-0734: '
*.dispatchers='(PROTOCOL=TCP) (SERVICE=proddbXDB)'
*.enable_pluggable_database=true
*.log_archive_config='DG_CONFIG=(proddb,proddbs)'
*.log_archive_dest_2='SERVICE=to_proddbs LGWR ASYNC VALID_FOR=(ONLINE_LOGFILES,PRIMARY_ROLE) UNIQUE_NAME=proddbs'
unknown command beginning "*.audit_fi..." - rest of line ignored.
*.log_archive_dest_state_2='ENABLE'
*.memory_target=1457m
SQL> SP2-0734: unknown command beginning "*.audit_tr..." - rest of line ignored.
SQL> SP2-0734: unknown command beginning "*.compatib..." - rest of line ignored.
SP2-0044: For a list of known commands enter HELP
and to leave enter EXIT.
SQL> SP2-0734: unknown command beginning "*.control_..." - rest of line ignored.
SQL> SP2-0734: unknown command beginning "*.db_block..." - rest of line ignored.
SQL> SP2-0734: unknown command beginning "*.db_creat..." - rest of line ignored.
SQL> SP2-0734: unknown command beginning "*.db_name=..." - rest of line ignored.
SP2-0044: For a list of known commands enter HELP
and to leave enter EXIT.
SQL> SP2-0734: unknown command beginning "*.db_recov..." - rest of line ignored.
SQL> SP2-0734: unknown command beginning "*.db_recov..." - rest of line ignored.
SQL> SP2-0734: unknown command beginning "*.db_uniqu..." - rest of line ignored.
SQL> SP2-0734: unknown command beginning "*.diagnost..." - rest of line ignored.
SP2-0044: For a list of known commands enter HELP
and to leave enter EXIT.
SQL> SP2-0734: unknown command beginning "*.dispatch..." - rest of line ignored.
SQL> SP2-0734: unknown command beginning "*.enable_p..." - rest of line ignored.
SQL> SP2-0734: unknown command beginning "*.log_arch..." - rest of line ignored.
SQL> SP2-0734: unknown command beginning "*.log_arch..." - rest of line ignored.
SP2-0044: For a list of known commands enter HELP
and to leave enter EXIT.
SQL> SP2-0734: unknown command beginning "*.log_arch..." - rest of line ignored.
SQL> SP2-0734: unknown command beginning "*.memory_t..." - rest of line ignored.
SQL> *.open_cursors=300
*.processes=320
*.remote_login_passwordfile='EXCLUSIVE'
*.standby_file_management='AUTO'
*.undo_tablespace='UNDOTBS1'
[oracle@arun dbs]$ mkdir -p /u01/app/oracle/admin/proddb/adump /u01/app/oracle/oradata/PRODDBntrolfile/ /u01/SP2-0734: app/oracle/fast_recovery_area/PRODDB/controlfile/
[oracle@arun dbs]$ mkdir -p /u01/app/oracle/fast_recovery_area
[oracle@arun dbs]$
[oracle@arun dbs]$
[oracle@arun dbs]$
[oracle@arun dbs]$
[oracle@arun dbs]$
[oracle@arun dbs]$
[oracle@arun dbs]$
unknown command beginning "*.open_cur..." - rest of line ignored.
[oracle@arun dbs]$
[oracle@arun dbs]$
[oracle@arun dbs]$ rman auxiliary /

Recovery Manager: Release 19.0.0.0.0 - Production on Tue Nov 21 11:01:36 2023
Version 19.3.0.0.0

Copyright (c) SQL> 1982, 2019, Oracle and/or its affiliates.  All rights reserved.

connected to auxiliary database: PRODDB (not mounted)

RMAN> run {
SP2-0734: unknown command beginning "*.processe..." - rest of line ignored.
SP2-0044: For a list of known commands enter HELP
and to leave enter EXIT.
SQL> SP2-0734: unknown command beginning "*.remote_l..." - rest of line ignored.
SQL> SP2-0734: unknown command beginning "*.standby_..." - rest of line ignored.
SQL> SP2-0734: unknown command beginning "*.undo_tab..." - rest of line ignored.
SQL> SP2-0734: unknown command beginning "[oracle@ar..." - rest of line ignored.
SP2-0044: For a list of known commands enter HELP
and to leave enter EXIT.
SQL> SP2-0734: unknown command beginning "[oracle@ar..." - rest of line ignored.
SQL> SP2-0734: unknown command beginning "[oracle@ar..." - rest of line ignored.
SQL> SP2-0734: unknown command beginning "[oracle@ar..." - rest of line ignored.
SQL> SP2-0734: unknown command beginning "[oracle@ar..." - rest of line ignored.
SP2-0044: For a list of known commands enter HELP
and to leave enter EXIT.
SQL> SP2-0734: unknown command beginning "[oracle@ar..." - rest of line ignored.
SQL> SP2-0734: unknown command beginning "[oracle@ar..." - rest of line ignored.
SQL> SP2-0734: unknown command beginning "[oracle@ar..." - rest of line ignored.
SQL> SP2-0734: unknown command beginning "[oracle@ar..." - rest of line ignored.
SP2-0044: For a list of known commands enter HELP
and to leave enter EXIT.
SQL> SP2-0734: unknown command beginning "[oracle@ar..." - rest of line ignored.
SQL> SP2-0734: unknown command beginning "[oracle@ar..." - rest of line ignored.
SQL> SP2-0734: unknown command beginning "[oracle@ar..." - rest of line ignored.
SQL> SQL> SP2-0734: unknown command beginning "Recovery M..." - rest of line ignored.
SP2-0044: For a list of known commands enter HELP
and to leave enter EXIT.
SQL> SP2-0734: unknown command beginning "Version 19..." - rest of line ignored.
SQL> SQL> SP2-0734: unknown command beginning "Copyright ..." - rest of line ignored.
SQL> SQL> SP2-0734: unknown command beginning "connected ..." - rest of line ignored.
SQL> SQL> SP2-0734: unknown command beginning "RMAN> run ..." - rest of line ignored.
SP2-0044: For a list of known commands enter HELP
and to leave enter EXIT.
SQL> allocate auxiliary channel t1 type disk;
duplicate target database for standby backup location '/u01/rman_bkp' nofilenamecheck;
}2> 3> 4>

allocated channel: t1
channel t1: SID=1 device type=DISK

Starting Duplicate Db at 21-NOV-23
searching for database ID
found backup of database ID 893522802

contents of Memory Script:
{
   restore clone standby controlfile from  '/u01/rman_bkp/c-893522802-20231121-01';
}
executing Memory Script

Starting restore at 21-NOV-23

channel t1: restoring control file
channel t1: restore complete, elapsed time: 00:00:01
output file name=/u01/app/oracle/oradata/PRODDB/controlfile/o1_mf_lorcnv08_.ctl
output file name=/u01/app/oracle/fast_recovery_area/PRODDB/controlfile/o1_mf_lorcnv1f_.ctl
Finished restore at 21-NOV-23

contents of Memory Script:
{
   sql clone 'alter database mount standby database';
SP2-0734: unknown command beginning "allocate a..." - rest of line ignored.
SQL> SP2-0734: unknown command beginning "duplicate ..." - rest of line ignored.
SQL> SP2-0042: unknown command "}2> 3> 4>" - rest of line ignored.
SQL> SQL> SP2-0734: unknown command beginning "allocated ..." - rest of line ignored.
SP2-0044: For a list of known commands enter HELP
and to leave enter EXIT.
SQL> SP2-0734: unknown command beginning "channel t1..." - rest of line ignored.
SQL> SQL> SP2-0734: unknown command beginning "Starting D..." - rest of line ignored.
SQL> SP2-0734: unknown command beginning "searching ..." - rest of line ignored.
SQL> SP2-0734: unknown command beginning "found back..." - rest of line ignored.
SP2-0044: For a list of known commands enter HELP
and to leave enter EXIT.
SQL> SQL> SP2-0734: unknown command beginning "contents o..." - rest of line ignored.
SQL> SP2-0042: unknown command "{" - rest of line ignored.
SQL> SP2-0734: unknown command beginning "restore cl..." - rest of line ignored.
SQL> SP2-0042: unknown command "}" - rest of line ignored.
SP2-0044: For a list of known commands enter HELP
and to leave enter EXIT.
SQL> SP2-0734: unknown command beginning "executing ..." - rest of line ignored.
SQL> SQL> SP2-0734: unknown command beginning "Starting r..." - rest of line ignored.
SQL> SQL> SP2-0734: unknown command beginning "channel t1..." - rest of line ignored.
SQL> SP2-0734: unknown command beginning "channel t1..." - rest of line ignored.
SP2-0044: For a list of known commands enter HELP
and to leave enter EXIT.
SQL> SP2-0734: unknown command beginning "output fil..." - rest of line ignored.
SQL> SP2-0734: unknown command beginning "output fil..." - rest of line ignored.
SQL> SP2-0734: unknown command beginning "Finished r..." - rest of line ignored.
SQL> SQL> SP2-0734: unknown command beginning "contents o..." - rest of line ignored.
SP2-0044: For a list of known commands enter HELP
and to leave enter EXIT.
SQL> SP2-0042: unknown command "{" - rest of line ignored.
SQL> SP2-0734: unknown command beginning "sql clone ..." - rest of line ignored.
SQL> }
executing Memory Script

sql statement: alter database mount standby database
duplicating Online logs to Oracle Managed File (OMF) location
duplicating Datafiles to Oracle Managed File (OMF) location

contents of Memory Script:
{
   set newname for clone tempfile  1 to new;
   set newname for clone tempfile  2 to new;
   set newname for clone tempfile  3 to new;
   switch clone tempfile all;
   set newname for clone datafile  1 to new;
   set newname for clone datafile  3 to new;
   set newname for clone datafile  4 to new;
   set newname for clone datafile  5 to new;
   set newname for clone datafile  6 to new;
   set newname for clone datafile  7 to new;
   set newname for clone datafile  8 to new;
   set newname for clonSP2-0042: e datafile  9 to new;
   set newname for clone datafile  10 to new;
unknown command "}" - rest of line ignored.
SQL> SP2-0734: unknown command beginning "executing ..." - rest of line ignored.
SP2-0044: For a list of known commands enter HELP
and to leave enter EXIT.
SQL> SQL> SP2-0734: unknown command beginning "sql statem..." - rest of line ignored.
SQL> SP2-0734: unknown command beginning "duplicatin..." - rest of line ignored.
SQL> SP2-0734: unknown command beginning "duplicatin..." - rest of line ignored.
SQL> SQL> SP2-0734: unknown command beginning "contents o..." - rest of line ignored.
SP2-0044: For a list of known commands enter HELP
and to leave enter EXIT.
SQL> SP2-0042: unknown command "{" - rest of line ignored.
SQL> SP2-0158: unknown SET option "newname"
SQL> SP2-0158: unknown SET option "newname"
SQL> SP2-0158: unknown SET option "newname"
SQL> SP2-0734: unknown command beginning "switch clo..." - rest of line ignored.
SQL> SP2-0158: unknown SET option "newname"
SQL> SP2-0158: unknown SET option "newname"
SQL> SP2-0158: unknown SET option "newname"
SQL> SP2-0158: unknown SET option "newname"
SQL> SP2-0158: unknown SET option "newname"
SQL> SP2-0158: unknown SET option "newname"
SQL> SP2-0158: unknown SET option "newname"
SQL> SP2-0158: unknown SET option "newname"
SQL> SP2-0158: unknown SET option "newname"
SQL>    set newname for clone datafile  11 to new;
   set newname for clone datafile  12 to new;
   restore
   clone database
   ;
}
executing Memory Script

executing command: SET NEWNAME

executing command: SET NEWNAME

executing command: SET NEWNAME

renamed tempfile 1 to /u01/app/oracle/oradata/PRODDBS/datafile/o1_mf_temp_%u_.tmp in control file
renamed tempfile 2 to /u01/app/oracle/oradata/PRODDBS/0AA2E2ACC25E1ED2E0656240ADE77859/datafile/o1_mf_temp_%u_.tmp in control file
renamed temSP2-0158: pfile 3 to /u01/app/oracle/oradata/PRODDBS/0AA2FFBBD68925F6E0656240ADE77859/datafile/o1_mf_temp_%u_.tmp in control file

executing command: SET NEWNAME

executing command: SET NEWNAME

executing command: SET NEWNAME

executing command: SET NEWNAME
unknown SET option "newname"

executing command: SET NEWNAME

executing command: SET NEWNAME
SQL> SP2-0158: unknown SET option "newname"
SQL> SP2-0042: unknown command "restore" - rest of line ignored.
SQL> SP2-0734: unknown command beginning "clone data..." - rest of line ignored.
SQL>   1    (DESCRIPTION =
  2      (ADDRESS = (PROTOCOL = TCP)(HOST = 192.168.0.214)(PORT = 1521))
  3*   )
SQL> SP2-0042: unknown command "}" - rest of line ignored.
SQL> SP2-0734: unknown command beginning "executing ..." - rest of line ignored.
SP2-0044: For a list of known commands enter HELP
and to leave enter EXIT.
SQL> SQL> SP2-0734: unknown command beginning "executing ..." - rest of line ignored.
SQL> SQL> SP2-0734: unknown command beginning "executing ..." - rest of line ignored.
SQL> SQL> SP2-0734: unknown command beginning "executing ..." - rest of line ignored.
SQL> SQL> SP2-0734: unknown command beginning "renamed te..." - rest of line ignored.
SP2-0044: For a list of known commands enter HELP
and to leave enter EXIT.
SQL> SP2-0734: unknown command beginning "renamed te..." - rest of line ignored.
SQL> SP2-0734: unknown command beginning "renamed te..." - rest of line ignored.
SQL> SQL> SP2-0734: unknown command beginning "executing ..." - rest of line ignored.
SQL> SQL> SP2-0734: unknown command beginning "executing ..." - rest of line ignored.
SP2-0044: For a list of known commands enter HELP
and to leave enter EXIT.
SQL> SQL> SP2-0734: unknown command beginning "executing ..." - rest of line ignored.
SQL> SQL> SP2-0734: unknown command beginning "executing ..." - rest of line ignored.
SQL> SQL> SP2-0734: unknown command beginning "executing ..." - rest of line ignored.
SQL> SQL> SP2-0734: unknown command beginning "executing ..." - rest of line ignored.
SP2-0044: For a list of known commands enter HELP
and to leave enter EXIT.
SQL>
executing command: SET NEWNAME

executing command: SET NEWNAME

executing command: SET NEWNAME

executing command: SET NEWNAME

executing command: SET NEWNAME

Starting restore at 21-NOV-23

channel t1: starting datafile backup set restore
channel t1: specifying datafile(s) to restore from backup set
channel t1: restoring datafile 00001 to /u01/app/oracle/oradata/PRODDBS/datafile/o1_mf_system_%u_.dbf
channel t1: restoring datafile 00007 to /u01/app/oracle/oradata/PRODDBS/datafile/o1_mf_userSQL> s_%u_.dbf
channel t1: reading from backup piece /u01/rman_bkp/042c1asd_1_1
channel t1: piece handle=/u01/rman_bkp/042c1asd_1_1 tag=TAG20231121T102516
channel t1: restored backup piece 1
channel t1: restore complete, elapsed time: 00:00:07
channel t1: staSP2-0734: rting datafile backup set restore
channel t1: specifying datafile(s) to restore from backup set
unknown command beginning "executing ..." - rest of line ignored.
SQL> SQL> SP2-0734: unknown command beginning "executing ..." - rest of line ignored.
SQL> SQL> SP2-0734: unknown command beginning "executing ..." - rest of line ignored.
SQL> SQL> SP2-0734: unknown command beginning "executing ..." - rest of line ignored.
SP2-0044: For a list of known commands enter HELP
and to leave enter EXIT.
SQL> SQL> SP2-0734: unknown command beginning "executing ..." - rest of line ignored.
SQL> SQL> SP2-0734: unknown command beginning "Starting r..." - rest of line ignored.
SQL> SQL> SP2-0734: unknown command beginning "channel t1..." - rest of line ignored.
SQL> SP2-0734: unknown command beginning "channel t1..." - rest of line ignored.
SP2-0044: For a list of known commands enter HELP
and to leave enter EXIT.
SQL> SP2-0734: unknown command beginning "channel t1..." - rest of line ignored.
SQL> SP2-0734: unknown command beginning "channel t1..." - rest of line ignored.
SQL> SP2-0734: unknown command beginning "channel t1..." - rest of line ignored.
SQL> SP2-0734: unknown command beginning "channel t1..." - rest of line ignored.
SP2-0044: For a list of known commands enter HELP
and to leave enter EXIT.
SQL> SP2-0734: unknown command beginning "channel t1..." - rest of line ignored.
SQL> SP2-0734: unknown command beginning "channel t1..." - rest of line ignored.
SQL> SP2-0734: unknown command beginning "channel t1..." - rest of line ignored.
SQL> SP2-0734: unknown command beginning "channel t1..." - rest of line ignored.
SP2-0044: For a list of known commands enter HELP
and to leave enter EXIT.
SQL> channel t1: restoring datafile 00003 to /u01/app/oracle/oradata/PRODDBS/datafile/o1_mf_sysaux_%u_.dbf
channel t1: restoring datafile 00004 to /u01/app/oracle/oradata/PRODDBS/datafile/o1_mf_undotbs1_%u_.dbf
channel t1: reading from backup piece /u01/rman_bkp/052c1asd_1_1
channel t1: piece handle=/u01/rman_bkp/052c1asd_1_1 tag=TAG20231121T102516
channel t1: restored backup piece 1
channel t1: restore complete, elapsed time: 00:00:03
channel t1: starting datafile backup set restore
channel t1: specifying datafile(s) to restore from backup set
channel t1: restoring datafile 00005 to /u01/app/oracle/oradata/PRODDBS/0AA2E2ACC25E1ED2E0656240ADESP2-0734: 77859/datafile/o1_mf_system_%u_.dbf
channel t1: restoring datafile 00008 to /u01/app/oracle/oradata/PRODDBS/0AA2E2ACC25E1ED2E0656240ADE77859/datafile/o1_mf_undotbs1_%u_.dbf
unknown command beginning "channel t1..." - rest of line ignored.
SQL> SP2-0734: unknown command beginning "channel t1..." - rest of line ignored.
SQL> SP2-0734: unknown command beginning "channel t1..." - rest of line ignored.
SQL> SP2-0734: unknown command beginning "channel t1..." - rest of line ignored.
SP2-0044: For a list of known commands enter HELP
and to leave enter EXIT.
SQL> SP2-0734: unknown command beginning "channel t1..." - rest of line ignored.
SQL> SP2-0734: unknown command beginning "channel t1..." - rest of line ignored.
SQL> SP2-0734: unknown command beginning "channel t1..." - rest of line ignored.
SQL> SP2-0734: unknown command beginning "channel t1..." - rest of line ignored.
SP2-0044: For a list of known commands enter HELP
and to leave enter EXIT.
SQL> SP2-0734: unknown command beginning "channel t1..." - rest of line ignored.
SQL> SP2-0734: unknown command beginning "channel t1..." - rest of line ignored.
SQL> channel t1: reading from backup piece /u01/rman_bkp/072c1asg_1_1
channel t1: piece handle=/u01/rman_bkp/072c1asg_1_1 tag=TAG20231121T102516
channel t1: restored backup piece 1
channel t1: restore complete, elapsed time: 00:00:07
channel t1: starting datafile backup set restore
channel t1: specifying datafile(s) to restore from backup set
channel t1: restoring datafile 00006 to /u01/app/oracle/oradata/PRODDBS/0AA2E2ACC25E1ED2E0656240ADE77859/datafile/o1_mf_sysaux_%u_.dbf
channel t1: reading from backup piece /u01/rman_bkp/082c1ash_1_1
channel t1: piece handle=/u01/rman_bkp/082c1ash_1_1 tag=TAG20231121T102516
channel t1: restored backup piece 1
channel t1: restore complete, elapsed time: 00:00:03
channel t1: starting datafile backup set restore
channel t1: specifying datafile(s) to restore from backup set
SP2-0734: unknown command beginning "channel t1..." - rest of line ignored.
SQL> SP2-0734: unknown command beginning "channel t1..." - rest of line ignored.
SP2-0044: For a list of known commands enter HELP
and to leave enter EXIT.
SQL> SP2-0734: unknown command beginning "channel t1..." - rest of line ignored.
SQL> SP2-0734: unknown command beginning "channel t1..." - rest of line ignored.
SQL> SP2-0734: unknown command beginning "channel t1..." - rest of line ignored.
SQL> SP2-0734: unknown command beginning "channel t1..." - rest of line ignored.
SP2-0044: For a list of known commands enter HELP
and to leave enter EXIT.
SQL> SP2-0734: unknown command beginning "channel t1..." - rest of line ignored.
SQL> SP2-0734: unknown command beginning "channel t1..." - rest of line ignored.
SQL> SP2-0734: unknown command beginning "channel t1..." - rest of line ignored.
SQL> SP2-0734: unknown command beginning "channel t1..." - rest of line ignored.
SP2-0044: For a list of known commands enter HELP
and to leave enter EXIT.
SQL> SP2-0734: unknown command beginning "channel t1..." - rest of line ignored.
SQL> SP2-0734: unknown command beginning "channel t1..." - rest of line ignored.
SQL> SP2-0734: unknown command beginning "channel t1..." - rest of line ignored.
SQL> channel t1: restoring datafile 00009 to /u01/app/oracle/oradata/PRODDBS/0AA2FFBBD68925F6E0656240ADE77859/datafile/o1_mf_system_%u_.dbf
channel t1: restoring datafile 00012 to /u01/app/oracle/oradata/PRODDBS/0AA2FFBBD68925F6E0656240ADE77859/datafile/o1_mf_users_%u_.dbf
channel t1: reading from backup piece /u01/rman_bkp/092c1ash_1_1
channel t1: piece handle=/u01/rman_bkp/092c1ash_1_1 tag=TAG20231121T102516
channel t1: restored backup piece 1
channel t1: restore complete, elapsed time: 00:00:01
channel t1: starting datafile backup set restore
channel t1: specifying datafile(s) to restore from backup set
channel t1: restoring datafile 00010 to /u01/app/oracle/oradata/PRODDBS/0AA2FFBBD68925F6E0656240ADE77859/datafile/o1_mf_sysaux_%u_.dbf
channel t1: restoring datafile 00011 to /u01/app/oracle/oradata/PRODDBS/0AA2FFBBD68925F6E0656240ADE77859/datafile/o1_mf_undotbs1_%u_.dbf
SP2-0734: unknown command beginning "channel t1..." - rest of line ignored.
SP2-0044: For a list of known commands enter HELP
and to leave enter EXIT.
SQL> SP2-0734: unknown command beginning "channel t1..." - rest of line ignored.
SQL> SP2-0734: unknown command beginning "channel t1..." - rest of line ignored.
SQL> SP2-0734: unknown command beginning "channel t1..." - rest of line ignored.
SQL> SP2-0734: unknown command beginning "channel t1..." - rest of line ignored.
SP2-0044: For a list of known commands enter HELP
and to leave enter EXIT.
SQL> SP2-0734: unknown command beginning "channel t1..." - rest of line ignored.
SQL> SP2-0734: unknown command beginning "channel t1..." - rest of line ignored.
SQL> SP2-0734: unknown command beginning "channel t1..." - rest of line ignored.
SQL> SP2-0734: unknown command beginning "channel t1..." - rest of line ignored.
SP2-0044: For a list of known commands enter HELP
and to leave enter EXIT.
SQL> SP2-0734: unknown command beginning "channel t1..." - rest of line ignored.
SQL> channel t1: reading from backup piece /u01/rman_bkp/062c1asg_1_1
channel t1: piece handle=/u01/rman_bkp/062c1asg_1_1 tag=TAG20231121T102516
channel t1: restored backup piece 1
channel t1: restore complete, elapsed time: 00:00:03
Finished restore at 21-NOV-23

contents of Memory Script:
{
   switch clone datafile all;
}
executing Memory Script

datafile 1 switched to datafile copy
input datafile copy RECID=13 STAMP=1153479796 file name=/u01/app/oracle/oradata/PRODDBS/datafile/o1_mf_systSP2-0734: em_lorj84jk_.dbf
datafile 3 switched to datafile copy
input datafile copy RECID=14 STAMP=1153479796 file name=/u01/app/oracle/oradata/PRODDBS/datafile/o1_mf_sysaux_lorj8cnn_.dbf
datafile 4 switched to datafile copy
input datafile copy RECID=15 STAMP=unknown command beginning "channel t1..." - rest of line ignored.
1153479796 file name=/u01/app/oracle/oradata/PRODDBS/datafile/o1_mf_undotbs1_lorj8cnr_.dbf
SQL> SP2-0734: unknown command beginning "channel t1..." - rest of line ignored.
SQL> SP2-0734: unknown command beginning "channel t1..." - rest of line ignored.
SP2-0044: For a list of known commands enter HELP
and to leave enter EXIT.
SQL> SP2-0734: unknown command beginning "channel t1..." - rest of line ignored.
SQL> SP2-0734: unknown command beginning "Finished r..." - rest of line ignored.
SQL> SQL> SP2-0734: unknown command beginning "contents o..." - rest of line ignored.
SQL> SP2-0042: unknown command "{" - rest of line ignored.
SP2-0044: For a list of known commands enter HELP
and to leave enter EXIT.
SQL> SP2-0734: unknown command beginning "switch clo..." - rest of line ignored.
SQL> SP2-0042: unknown command "}" - rest of line ignored.
SQL> SP2-0734: unknown command beginning "executing ..." - rest of line ignored.
SQL> SQL> SP2-0734: unknown command beginning "datafile 1..." - rest of line ignored.
SP2-0044: For a list of known commands enter HELP
and to leave enter EXIT.
SQL> SQL> SP2-0734: unknown command beginning "datafile 3..." - rest of line ignored.
SQL> SQL> SP2-0734: unknown command beginning "datafile 4..." - rest of line ignored.
SQL> SQL> datafile 5 switched to datafile copy
input datafile copy RECID=16 STAMP=1153479796 file name=/u01/app/oracle/oradata/PRODDBS/0AA2E2ACC25E1ED2E0656240ADE77859/datafile/o1_mf_system_lorj8goq_.dbf
datafile 6 switched to datafile copy
input datafile copy RECID=17 STAMP=1153479796 file name=/u01/app/oracle/oradata/PRODDBS/0AA2E2ACC25E1ED2E0656240ADE77859/datafile/o1_mf_sysaux_lorj8oph_.dbf
datafile 7 switched to datafile copy
input datafile copy RECID=18 STAMP=1153479796 file name=/u01/app/oracle/oradata/PRODDBS/datafile/o1_mf_users_lorj84jt_.dbf
datafile 8 switched to datafile copy
input datafile copy RECID=19 STAMP=1153479796 file name=/u01/app/oracle/oradata/PRODDBS/0AA2E2ACC25E1ED2E0656240ADE77859/datafile/o1_mf_undotbs1_lorj8gow_.dbf
datafile SP2-0734: 9 switched to datafile copy
input datafile copy RECID=20 STAMP=1153479796 file name=/u01/app/oracle/oradata/PRODDBS/0AA2FFBBD68925F6E0656240ADE77859/datafile/o1_mf_system_lorj8rqh_.dbf
unknown command beginning "datafile 5..." - rest of line ignored.
SQL> SQL> SP2-0734: unknown command beginning "datafile 6..." - rest of line ignored.
SQL> SQL> SP2-0734: unknown command beginning "datafile 7..." - rest of line ignored.
SQL> SQL> SP2-0734: unknown command beginning "datafile 8..." - rest of line ignored.
SQL> SQL> SP2-0734: unknown command beginning "datafile 9..." - rest of line ignored.
SQL> SQL> datafile 10 switched to datafile copy
input datafile copy RECID=21 STAMP=1153479797 file name=/u01/app/oracle/oradata/PRODDBS/0AA2FFBBD68925F6E0656240ADE77859/datafile/o1_mf_sysaux_lorj8srb_.dbf
datafile 11 switched to datafile copy
input datafile copy RECID=22 STAMP=1153479797 file name=/u01/app/oracle/oradata/PRODDBS/0AA2FFBBD68925F6E0656240ADE77859/datafile/o1_mf_undotbs1_lorj8srg_.dbf
datafile 12 switched to datafile copy
input datafile copy RECID=23 STAMP=1153479797 file name=/u01/app/oracle/oradata/PRODDBS/0AA2FFBBD68925F6E0656240ADE77859/datafile/o1_mf_users_lorj8rqm_.dbf
Finished Duplicate Db at 21-NOV-23
released channel: t1

RMAN> exit


Recovery Manager complete.
[oracle@arun dbs]$ sqlplus / as sysdba

SQL*Plus: Release 19.0.0.SP2-0734: 0.0 - Production on Tue Nov 21 11:05:06 2023
Version 19.3.0.0.0
unknown command beginning "datafile 1..." - rest of line ignored.
SQL> SQL> SP2-0734: unknown command beginning "datafile 1..." - rest of line ignored.
SQL> SQL> SP2-0734: unknown command beginning "datafile 1..." - rest of line ignored.
SQL> SQL> SP2-0734: unknown command beginning "Finished D..." - rest of line ignored.
SQL> SP2-0734: unknown command beginning "released c..." - rest of line ignored.
SQL> SQL> SP2-0042: unknown command "RMAN> exit" - rest of line ignored.
SQL> SQL> SQL> SP2-0734: unknown command beginning "Recovery M..." - rest of line ignored.
SP2-0044: For a list of known commands enter HELP
and to leave enter EXIT.
SQL> SP2-0734: unknown command beginning "[oracle@ar..." - rest of line ignored.
SQL> SQL> SP2-0734: unknown command beginning "SQL*Plus: ..." - rest of line ignored.
SQL> SP2-0734: unknown command beginning "Version 19..." - rest of line ignored.
SQL>
Copyright (c) 1982, 2019, Oracle.  All rights reserved.

select open_mode from v$database;
select status from v$instance;



Connected to:
Oracle Database 19c Enterprise Edition Release 19.0.0.0.0 - Production
Version 19.3.0.0.0

SQL>
OPEN_MODE
--------------------
MOUNTED

SQL>
STATUS
------------
MOUNTED

SQL> SQL> SQL>
SQL>
SQL>
SQL>
SQL>
SQL>
SQL> select current_scn from v$database
  2  /

CURRENT_SCN
-----------
    2141189

SQL> /

CURRENT_SCN
-----------
SQL>     2141189

SQL> /

CURRENT_SCN
-----------
    2141189

SQL> /

CURRENT_SCN
-----------
    2141189

SQL> /

CURRENT_SCN
-----------
    2141189

SQL> /
/
CURRENT_SCN
-----------
    2141189

SQL>

CURRENT_SCN
-----SP2-0734: ------
    2141189

SQL> archive log list;
Database log mode              Archive Mode
Automatic archival             Enabled
unknown command beginning "Copyright ..." - rest of line ignored.
SP2-0044: For a list of known commands enter HELP
and to leave enter EXIT.
SQL> SQL>
OPEN_MODE
--------------------
READ WRITE

SQL>
STATUS
------------
OPEN

SQL> SQL> SQL> SQL> SP2-0734: unknown command beginning "Connected ..." - rest of line ignored.
SQL> SP2-0734: unknown command beginning "Oracle Dat..." - rest of line ignored.
SQL> SP2-0734: unknown command beginning "Version 19..." - rest of line ignored.
SQL> SQL> SP2-0042: unknown command "SQL>" - rest of line ignored.
SP2-0044: For a list of known commands enter HELP
and to leave enter EXIT.
SQL> SP2-0042: unknown command "OPEN_MODE" - rest of line ignored.
SQL> SQL> SP2-0042: unknown command "MOUNTED" - rest of line ignored.
SQL> SQL> SP2-0042: unknown command "SQL>" - rest of line ignored.
SQL> SP2-0042: unknown command "STATUS" - rest of line ignored.
SQL> SQL> SP2-0042: unknown command "MOUNTED" - rest of line ignored.
SQL> SQL> SP2-0734: unknown command beginning "SQL> SQL> ..." - rest of line ignored.
SQL> SP2-0042: unknown command "SQL>" - rest of line ignored.
SQL> SP2-0042: unknown command "SQL>" - rest of line ignored.
SP2-0044: For a list of known commands enter HELP
and to leave enter EXIT.
SQL> SP2-0042: unknown command "SQL>" - rest of line ignored.
SQL> SP2-0042: unknown command "SQL>" - rest of line ignored.
SQL> SP2-0042: unknown command "SQL>" - rest of line ignored.
SQL> SP2-0734: unknown command beginning "SQL> selec..." - rest of line ignored.
SP2-0044: For a list of known commands enter HELP
and to leave enter EXIT.
SQL> SQL> SQL> SP2-0734: unknown command beginning "CURRENT_SC..." - rest of line ignored.
SQL> SQL> SP2-0226: Invalid line number
SQL> SQL> SP2-0042: unknown command "SQL> /" - rest of line ignored.
SQL> SQL> SP2-0734: unknown command beginning "CURRENT_SC..." - rest of line ignored.
SQL> SQL> SP2-0226: Invalid line number
SQL> SQL> SP2-0042: unknown command "SQL> /" - rest of line ignored.
SQL> SQL> SP2-0734: unknown command beginning "CURRENT_SC..." - rest of line ignored.
SQL> SQL> SP2-0226: Invalid line number
SQL> SQL> SP2-0042: unknown command "SQL> /" - rest of line ignored.
SQL> SQL> SP2-0734: unknown command beginning "CURRENT_SC..." - rest of line ignored.
SQL> SQL> SP2-0226: Invalid line number
SQL> SQL> SP2-0042: unknown command "SQL> /" - rest of line ignored.
SQL> SQL> SP2-0734: unknown command beginning "CURRENT_SC..." - rest of line ignored.
SQL> SQL> SP2-0226: Invalid line number
SQL> SQL> SP2-0042: unknown command "SQL> /" - rest of line ignored.
SQL>  /
 *
ERROR at line 2:
ORA-00933: SQL command not properly ended


SQL> SP2-0734: unknown command beginning "CURRENT_SC..." - rest of line ignored.
SQL> SQL> SP2-0226: Invalid line number
SQL> SQL> SP2-0042: unknown command "SQL>" - rest of line ignored.
SQL> SQL> SP2-0734: unknown command beginning "CURRENT_SC..." - rest of line ignored.
SQL> SQL> SP2-0226: Invalid line number
SQL> SQL> SP2-0734: unknown command beginning "SQL> archi..." - rest of line ignored.
SQL> SP2-0734: unknown command beginning "Database l..." - rest of line ignored.
SQL> SP2-0734: unknown command beginning "Automatic ..." - rest of line ignored.
SQL> Archive destination            USE_DB_RECOVERY_FILE_DEST
Oldest online log sequence     0
Next log sequence to archive   0
Current log sequence           0
SQL> set lines 300 pages 300;
col DB_UNIQUE_NAME for a10;
select name,db_unique_name,open_mode,DATABASE_ROLE,PROTECTION_MODE,SWITCHOVER#,SWITCHOVER_status,current_scn from v$database;
SQL> SQL>
NAME      DB_UNIQUE_ OPEN_MODE            DATABASE_ROLE    PROTECTION_MODE      SWITCHOVER# SWITCHOVER_STATUS         CURRENT_SCN
--------- ---------- -------------------- ---------------- -------------------- ----------- -------------------- -----------
PRODDB    proddbs    MOUNTED              PHYSICAL STANDBY MAXIMUM PERFORMANCE            0 RECOVERY NEEDED       2141189

SQL>
SQL>
SQLSP2-0734: >
SQL>
SQL>
SQL>
---------- --------- --------- ---------
         7 21-NOV-23 21-NOV-23 NO
unknown command beginning "Archive de..." - rest of line ignored.
SP2-0044: For a list of known commands enter HELP
and to leave enter EXIT.
SQL> SP2-0734: unknown command beginning "Oldest onl..." - rest of line ignored.
SQL> SP2-0734: unknown command beginning "Next log s..." - rest of line ignored.
SQL> SP2-0734: unknown command beginning "Current lo..." - rest of line ignored.
SQL> SP2-0734: unknown command beginning "SQL> set l..." - rest of line ignored.
SP2-0044: For a list of known commands enter HELP
and to leave enter EXIT.
SQL> SQL>
NAME      DB_UNIQUE_ OPEN_MODE            DATABASE_ROLE    PROTECTION_MODE      SWITCHOVER# SWITCHOVER_STATUS   CURRENT_SCN
--------- ---------- -------------------- ---------------- -------------------- ----------- -------------------- -----------
PRODDB    proddb     READ WRITE           PRIMARY          MAXIMUM PERFORMANCE    893505138 FAILED DESTINATION      2196707

SQL> SP2-0042: unknown command "SQL> SQL>" - rest of line ignored.
SQL> SP2-0734: unknown command beginning "NAME      ..." - rest of line ignored.
SQL> SQL> SP2-0734: unknown command beginning "PRODDB    ..." - rest of line ignored.
SQL> SQL> SP2-0042: unknown command "SQL>" - rest of line ignored.
SQL> SP2-0042: unknown command "SQL>" - rest of line ignored.
SQL> SP2-0042: unknown command "SQL>" - rest of line ignored.
SP2-0044: For a list of known commands enter HELP
and to leave enter EXIT.
SQL> SP2-0042: unknown command "SQL>" - rest of line ignored.
SQL> SP2-0042: unknown command "SQL>" - rest of line ignored.
SQL> SP2-0042: unknown command "SQL>" - rest of line ignored.
SQL> SQL> SQL>          8 21-NOV-23 21-NOV-23 NO
         9 21-NOV-23 21-NOV-23 NO
        10 21-NOV-23 21-NOV-23 NO
        10 21-NOV-23 21-NOV-23 NO
        11 21-NOV-23 21-NOV-23 NO
        11 21-NOV-23 21-NOV-23 NO
        12 21-NOV-23 21-NOV-23 NO
        12 21-NOV-23 21-NOV-23 NO
        13 21-NOV-23 21-NOV-23 NO
        13 21-NOV-23 21-NOV-23 NO
        14 21-NOV-23 21-NOV-23 NO
        14 21-NOV-23 21-NOV-23 NO
        15 21-NOV-23 21-NOV-23 NO
        15 21-NOV-23 21-NOV-23 NO
SQL> SQL> SQL> SQL> SQL> SQL> SQL> SQL> SQL> SQL> SQL> SQL> SQL> SQL> SQL> SQL> SQL>
SQL>
SQL>
SQL> exit
Disconnected from Oracle Database 19c Enterprise Edition Release 19.0.0.0.0 - Production
Version 19.3.0.0.0
[oracle@arun dbs]$ cd /u01/app/oracle/fast_recovery_area/PRODDB/archivelog/2023_11_21
-bash: cd: /u01/app/oracle/fast_recovery_area/PRODDB/archivelog/2023_11_21: No such file or directory
[oracle@arun dbs]$ cd /u01/app/oracle/fast_recovery_area/PRODDB/archivelog/
[oracle@arun archivelog]$ ls -lrt
total 12
drwxr-x---. 2 oracle oinstall 4096 Oct 19 17:06 2023_10_19
drwxr-x---. 2 oracle oinstall 4096 Oct 27 19:53 2023_10_27
drwxr-x---. 2 oracle oinstall   37 Oct 28 10:45 2023_10_28
drwxr-x---. 2 oracle oinstall   37 Oct 29 10:52 2023_10_29
drwxr-x---. 2 oracle oinstall   37 Nov 13 20:57 2023_11_13
drwxr-x---. 2 oracle oinstall 4096 Nov 14 15:09 2023_11_14
[oracle@arun archivelog]$ cd ..
[oracle@arun PRODDB]$ ls -lrt
total 8
drwxr-x---. 3 oracle oinstall   24 Nov 14 14:54 backupset
drwxr-x---. 8 oracle oinstall 4096 Nov 14 14:54 autobackup
drwxr-x---. 2 oracle oinstall   27 Nov 15 09:27 onlinelog
drwxr-x---. 8 oracle oinstall 4096 Nov 15 09:27 archivelog
drwxr-x---. 2 oracle oinstall   60 Nov 21 11:02 controlfile
SQL> SQL> SQL> SQL> SQL> SQL> SQL> SQL> SQL> SQL> SQL> SQL> SQL> SQL> SP2-0734: unknown command beginning "SQL> SQL> ..." - rest of line ignored.
SQL> SP2-0042: unknown command "SQL>" - rest of line ignored.
SQL> SP2-0042: unknown command "SQL>" - rest of line ignored.
SQL> SP2-0042: unknown command "SQL> exit" - rest of line ignored.
SP2-0044: For a list of known commands enter HELP
and to leave enter EXIT.
SQL> SP2-0734: unknown command beginning "Disconnect..." - rest of line ignored.
SQL> SP2-0734: unknown command beginning "Version 19..." - rest of line ignored.
SQL> SP2-0734: unknown command beginning "[oracle@ar..." - rest of line ignored.
SQL> SP2-0734: unknown command beginning "-bash: cd:..." - rest of line ignored.
SP2-0044: For a list of known commands enter HELP
and to leave enter EXIT.
SQL> SP2-0734: unknown command beginning "[oracle@ar..." - rest of line ignored.
SQL> SP2-0734: unknown command beginning "[oracle@ar..." - rest of line ignored.
SQL> SP2-0042: unknown command "total 12" - rest of line ignored.
SQL> SP2-0734: unknown command beginning "drwxr-x---..." - rest of line ignored.
SP2-0044: For a list of known commands enter HELP
and to leave enter EXIT.
SQL> SP2-0734: unknown command beginning "drwxr-x---..." - rest of line ignored.
SQL> SP2-0734: unknown command beginning "drwxr-x---..." - rest of line ignored.
SQL> SP2-0734: unknown command beginning "drwxr-x---..." - rest of line ignored.
SQL> SP2-0734: unknown command beginning "drwxr-x---..." - rest of line ignored.
SP2-0044: For a list of known commands enter HELP
and to leave enter EXIT.
SQL> SP2-0734: unknown command beginning "drwxr-x---..." - rest of line ignored.
SQL> SP2-0734: unknown command beginning "[oracle@ar..." - rest of line ignored.
SQL> SP2-0734: unknown command beginning "[oracle@ar..." - rest of line ignored.
SQL> SP2-0042: unknown command "total 8" - rest of line ignored.
SP2-0044: For a list of known commands enter HELP
and to leave enter EXIT.
SQL> SP2-0734: unknown command beginning "drwxr-x---..." - rest of line ignored.
SQL> SP2-0734: unknown command beginning "drwxr-x---..." - rest of line ignored.
SQL> SP2-0734: unknown command beginning "drwxr-x---..." - rest of line ignored.
SQL> SP2-0734: unknown command beginning "drwxr-x---..." - rest of line ignored.
SP2-0044: For a list of known commands enter HELP
and to leave enter EXIT.
SQL> SP2-0734: unknown command beginning "drwxr-x---..." - rest of line ignored.
SQL> [oracle@arun PRODDB]$ cd ..
[oracle@arun fast_recovery_area]$ ls -lrt
total 0
drwxr-x---. 7 oracle oinstall 95 Nov 15 09:27 PRODDB
drwxr-x---. 3 oracle oinstall 24 Nov 15 09:28 TESTDB
drwxr-xr-x. 3 oracle oinstall 24 Nov 16 09:48 SBIDEV
drwxr-xr-x. 4 oracle oinstall 42 Nov 21 10:30 CATLOG
drwxr-x---. 4 oracle oinstall 41 Nov 21 11:03 PRODDBS
[oracle@arun fast_recovery_area]$ cd PRODDBS
[oracle@arun PRODDBS]$ ls -lrt
total 4
drwxr-x---. 3 oracle oinstall   24 Nov 21 11:02 archivelog
drwxr-x---. 2 oracle oinstall 4096 Nov 21 11:03 onlinelog
[oracle@arun PRODDBS]$ cd archivelog/2023_11_21/
[oracle@arun 2023_11_21]$ ls -lrt
total 8428
-rw-r-----. 1 oracle oinstall 8608768 Nov 21 11:07 o1_mf_1_10_lorjj27o_.arc
-rw-r-----. 1 oracle SP2-0734: oinstall    1536 Nov 21 11:07 o1_mf_1_11_lorjj3dc_.arc
-rw-r-----. 1 oracle oinstall    2560 Nov 21 11:07 o1_mf_1_12_lorjj4tm_.arc
unknown command beginning "[oracle@ar..." - rest of line ignored.
SQL> SP2-0734: unknown command beginning "[oracle@ar..." - rest of line ignored.
SQL> SP2-0042: unknown command "total 0" - rest of line ignored.
SP2-0044: For a list of known commands enter HELP
and to leave enter EXIT.
SQL> SP2-0734: unknown command beginning "drwxr-x---..." - rest of line ignored.
SQL> SP2-0734: unknown command beginning "drwxr-x---..." - rest of line ignored.
SQL> SP2-0734: unknown command beginning "drwxr-xr-x..." - rest of line ignored.
SQL> SP2-0734: unknown command beginning "drwxr-xr-x..." - rest of line ignored.
SP2-0044: For a list of known commands enter HELP
and to leave enter EXIT.
SQL> SP2-0734: unknown command beginning "drwxr-x---..." - rest of line ignored.
SQL> SP2-0734: unknown command beginning "[oracle@ar..." - rest of line ignored.
SQL> SP2-0734: unknown command beginning "[oracle@ar..." - rest of line ignored.
SQL> SP2-0042: unknown command "total 4" - rest of line ignored.
SP2-0044: For a list of known commands enter HELP
and to leave enter EXIT.
SQL> SP2-0734: unknown command beginning "drwxr-x---..." - rest of line ignored.
SQL> SP2-0734: unknown command beginning "drwxr-x---..." - rest of line ignored.
SQL> SP2-0734: unknown command beginning "[oracle@ar..." - rest of line ignored.
SQL> SP2-0734: unknown command beginning "[oracle@ar..." - rest of line ignored.
SP2-0044: For a list of known commands enter HELP
and to leave enter EXIT.
SQL> SP2-0042: unknown command "total 8428" - rest of line ignored.
SQL> SP2-0734: unknown command beginning "-rw-r-----..." - rest of line ignored.
SQL> SP2-0734: unknown command beginning "-rw-r-----..." - rest of line ignored.
SQL> SP2-0734: unknown command beginning "-rw-r-----..." - rest of line ignored.
SP2-0044: For a list of known commands enter HELP
and to leave enter EXIT.
SQL> -rw-r-----. 1 oracle oinstall    1024 Nov 21 11:07 o1_mf_1_13_lorjj51s_.arc
-rw-r-----. 1 oracle oinstall    2048 Nov 21 11:07 o1_mf_1_14_lorjj7tm_.arc
-rw-r-----. 1 oracle oinstall    1024 Nov 21 11:07 o1_mf_1_15_lorjj82n_.arc
[oracle@arun 2023_11_21]$
[oracle@arun 2023_11_21]$
[oracle@arun 2023_11_21]$
[oracle@arun 2023_11_21]$
[oracle@arun 2023_11_21]$ ls -lrt
total 8676
-rw-r-----. 1 oracle oinstall 8608768 Nov 21 11:07 o1_mf_1_10_lorjj27o_.arc
-rw-r-----. 1 oracle oinstall    1536 Nov 21 11:07 o1_mf_1_11_lorjj3dc_.arc
-rw-r-----. 1 oracle oinstall    2560 Nov 21 11:07 o1_mf_1_12_lorjj4tm_.arc
-rw-r-----. 1 oracle oinstall    1024 Nov 21 11:07 o1_mf_1_13_lorjj51s_.arc
-rw-r-----. 1 oracle oinstall    2048 Nov 21 11:07 o1_mf_1_14_lorjj7tm_.arc
-rw-r-----. 1 oracle oinstall    1024 Nov 21 11:07 o1_mf_1_15_lorjj82n_.arc
SP2-0734: unknown command beginning "-rw-r-----..." - rest of line ignored.
SQL> SP2-0734: unknown command beginning "-rw-r-----..." - rest of line ignored.
SQL> SP2-0734: unknown command beginning "-rw-r-----..." - rest of line ignored.
SQL> SP2-0734: unknown command beginning "[oracle@ar..." - rest of line ignored.
SP2-0044: For a list of known commands enter HELP
and to leave enter EXIT.
SQL> SP2-0734: unknown command beginning "[oracle@ar..." - rest of line ignored.
SQL> SP2-0734: unknown command beginning "[oracle@ar..." - rest of line ignored.
SQL> SP2-0734: unknown command beginning "[oracle@ar..." - rest of line ignored.
SQL> SP2-0734: unknown command beginning "[oracle@ar..." - rest of line ignored.
SP2-0044: For a list of known commands enter HELP
and to leave enter EXIT.
SQL> SP2-0042: unknown command "total 8676" - rest of line ignored.
SQL> SP2-0734: unknown command beginning "-rw-r-----..." - rest of line ignored.
SQL> SP2-0734: unknown command beginning "-rw-r-----..." - rest of line ignored.
SQL> SP2-0734: unknown command beginning "-rw-r-----..." - rest of line ignored.
SP2-0044: For a list of known commands enter HELP
and to leave enter EXIT.
SQL> SP2-0734: unknown command beginning "-rw-r-----..." - rest of line ignored.
SQL> SP2-0734: unknown command beginning "-rw-r-----..." - rest of line ignored.
SQL> SP2-0734: unknown command beginning "-rw-r-----..." - rest of line ignored.
SQL> -rw-r-----. 1 oracle oinstall  253440 Nov 21 11:14 o1_mf_1_16_lorjysof_.arc
[oracle@arun 2023_11_21]$ ls -lrt
total 8688
-rw-r-----. 1 oracle oinstall 8608768 Nov 21 11:07 o1_mf_1_10_lorjj27o_.arc
-rw-r-----. 1 oracle oinstall    1536 Nov 21 11:07 o1_mf_1_11_lorjj3dc_.arc
-rw-r-----. 1 oracle oinstall    2560 Nov 21 11:07 o1_mf_1_12_lorjj4tm_.arc
-rw-r-----. 1 oracle oinstall    1024 Nov 21 11:07 o1_mf_1_13_lorjj51s_.arc
-rw-r-----. 1 oracle oinstall    2048 Nov 21 11:07 o1_mf_1_14_lorjj7tm_.arc
-rw-r-----. 1 oracle oinstall    1024 Nov 21 11:07 o1_mf_1_15_lorjj82n_.arc
-rw-r-----. 1 oracle oinstall  253440 Nov 21 11:14 o1_mf_1_16_lorjysof_.arc
-rw-r-----. 1 oracle oinstall    8704 Nov 21 11:15 o1_mf_1_17_lorjz8nc_.arc
[oracle@arun 2023_11_21]$ sqlplus / as sysdba

SQL*Plus: Release 19.0.0.0.0 - Production on Tue Nov 21 11:15:24 2023
SP2-0734: unknown command beginning "-rw-r-----..." - rest of line ignored.
SP2-0044: For a list of known commands enter HELP
and to leave enter EXIT.
SQL> SP2-0734: unknown command beginning "[oracle@ar..." - rest of line ignored.
SQL> SP2-0042: unknown command "total 8688" - rest of line ignored.
SQL> SP2-0734: unknown command beginning "-rw-r-----..." - rest of line ignored.
SQL> SP2-0734: unknown command beginning "-rw-r-----..." - rest of line ignored.
SP2-0044: For a list of known commands enter HELP
and to leave enter EXIT.
SQL> SP2-0734: unknown command beginning "-rw-r-----..." - rest of line ignored.
SQL> SP2-0734: unknown command beginning "-rw-r-----..." - rest of line ignored.
SQL> SP2-0734: unknown command beginning "-rw-r-----..." - rest of line ignored.
SQL> SP2-0734: unknown command beginning "-rw-r-----..." - rest of line ignored.
SP2-0044: For a list of known commands enter HELP
and to leave enter EXIT.
SQL> SP2-0734: unknown command beginning "-rw-r-----..." - rest of line ignored.
SQL> SP2-0734: unknown command beginning "-rw-r-----..." - rest of line ignored.
SQL> SP2-0734: unknown command beginning "[oracle@ar..." - rest of line ignored.
SQL> SQL> SP2-0734: unknown command beginning "SQL*Plus: ..." - rest of line ignored.
SP2-0044: For a list of known commands enter HELP
and to leave enter EXIT.
SQL> Version 19.3.0.0.0

Copyright (c) 1982, 2019, Oracle.  All rights reserved.







Connected to:
Oracle Database 19c Enterprise Edition Release 19.0.0.0.0 - Production
Version 19.3.0.0.0

SQL> SQL> SQL> SQL> SQL> SQL>
SQL>
SQL>
SQL>
SQL> alter database recover managed standby database disconnect from session;

Database altered.

SQL> select current_scn from v$database;

CURRENT_SCN
-----------
    2141189

SQL> /

CURRENT_SCN
-----------
    2141189

SQL> /

CURRENT_SCN
-SP2-0734: ----------
    2141189

SQL> /

CURRENT_SCN
-----------
    2141189

SQL> /

CURRENT_SCN
-----------
    2141189

SQL> /

CURRENT_SCN
-----------
    2141189

SQL> /

CURRENT_SCN
-----------
    2141189

SQL> /
/
CURRENT_SCN
unknown command beginning "Version 19..." - rest of line ignored.
-----------
    2141189

SQL>
/
CURRENT_SCN
-----------
    2141189

SQL>

CURRENT_SCN
-----------
    2141189
SQL> SQL> SP2-0734: unknown command beginning "Copyright ..." - rest of line ignored.
SQL> SQL> SQL> SQL> SQL> SQL> SQL> SQL> SP2-0734: unknown command beginning "Connected ..." - rest of line ignored.
SQL> SP2-0734: unknown command beginning "Oracle Dat..." - rest of line ignored.
SP2-0044: For a list of known commands enter HELP
and to leave enter EXIT.
SQL> SP2-0734: unknown command beginning "Version 19..." - rest of line ignored.
SQL> SQL> SP2-0734: unknown command beginning "SQL> SQL> ..." - rest of line ignored.
SQL> SP2-0042: unknown command "SQL>" - rest of line ignored.
SQL> SP2-0042: unknown command "SQL>" - rest of line ignored.
SP2-0044: For a list of known commands enter HELP
and to leave enter EXIT.
SQL> SP2-0042: unknown command "SQL>" - rest of line ignored.
SQL> SP2-0734: unknown command beginning "SQL> alter..." - rest of line ignored.
SQL> SQL> SP2-0734: unknown command beginning "Database a..." - rest of line ignored.
SQL> SQL> SP2-0734: unknown command beginning "SQL> selec..." - rest of line ignored.
SP2-0044: For a list of known commands enter HELP
and to leave enter EXIT.
SQL> SQL> SP2-0734: unknown command beginning "CURRENT_SC..." - rest of line ignored.
SQL> SQL> SP2-0226: Invalid line number
SQL> SQL> SP2-0042: unknown command "SQL> /" - rest of line ignored.
SQL> SQL> SP2-0734: unknown command beginning "CURRENT_SC..." - rest of line ignored.
SQL> SQL> SP2-0226: Invalid line number
SQL> SQL> SP2-0042: unknown command "SQL> /" - rest of line ignored.
SQL> SQL> SP2-0734: unknown command beginning "CURRENT_SC..." - rest of line ignored.
SQL> SQL> SP2-0226: Invalid line number
SQL> SQL> SP2-0042: unknown command "SQL> /" - rest of line ignored.
SQL> SQL> SP2-0734: unknown command beginning "CURRENT_SC..." - rest of line ignored.
SQL> SQL> SP2-0226: Invalid line number
SQL> SQL> SP2-0042: unknown command "SQL> /" - rest of line ignored.
SQL> SQL> SP2-0734: unknown command beginning "CURRENT_SC..." - rest of line ignored.
SQL> SQL> SP2-0226: Invalid line number
SQL> SQL> SP2-0042: unknown command "SQL> /" - rest of line ignored.
SQL> SQL> SP2-0734: unknown command beginning "CURRENT_SC..." - rest of line ignored.
SQL> SQL> SP2-0226: Invalid line number
SQL> SQL> SP2-0042: unknown command "SQL> /" - rest of line ignored.
SQL> SQL> SP2-0734: unknown command beginning "CURRENT_SC..." - rest of line ignored.
SQL> SQL> SP2-0226: Invalid line number
SQL> SQL> SP2-0042: unknown command "SQL> /" - rest of line ignored.
SQL> 21-NOV-23 21-NOV-23 NO
*
ERROR at line 2:
ORA-00933: SQL command not properly ended


SQL> SP2-0734: unknown command beginning "CURRENT_SC..." - rest of line ignored.
SQL> SQL> SP2-0226: Invalid line number
SQL> SQL> SP2-0042: unknown command "SQL>" - rest of line ignored.
SQL> 21-NOV-23 21-NOV-23 NO
*
ERROR at line 2:
ORA-00933: SQL command not properly ended


SQL> SP2-0734: unknown command beginning "CURRENT_SC..." - rest of line ignored.
SQL> SQL> SP2-0226: Invalid line number
SQL> SQL> SP2-0042: unknown command "SQL>" - rest of line ignored.
SQL> SQL> SP2-0734: unknown command beginning "CURRENT_SC..." - rest of line ignored.
SQL> SQL> SP2-0226: Invalid line number
SQL>
SQL> /

CURRENT_SCN
-----------
    2141189

SQL>
SQL> /

CURRENT_SCN
-----------
    2141189

SQL> /

CURRENT_SCN
-----------
    2141189

SQL> /

CURRENT_SCN
-----------
    2141189

SQL> /

CURRENT_SCN
-----------SQL>
    2141189

SQL> /

CURRENT_SCN
-----------
    2141189

SQL> /

CURRENT_SCN
-----------
    2141189

SQL> /

CURRENT_SCN
-----------
    2141189

SQL> /

CURRENT_SCN
-----------
    2141189

SQL> /
/

CURRENT_SCN
SP2-0042: -----------
    2141189

SQL>
CURRENT_SCN
-----------
    2141189

SQL> /

CURRENT_SCN
-----------
    2141189

SQL>
SQL>
SQL>
SQL>
SQL> /

CURRENT_SCN
-----------
    2141189

SQL> set lines 300 pages 300;
SELECT sequenceunknown command "SQL> /" - rest of line ignored.
#, first_time, next_time, applied FROM v$archived_log ORDER BY sequence#;SQL>

 SEQUENCE# FIRST_TIM NSQL> EXT_TIME APPLIED
---------- --------- --------- ---------
SQL> SP2-0734: unknown command beginning "CURRENT_SC..." - rest of line ignored.
SQL> SQL> SP2-0226: Invalid line number
SQL> SQL> SP2-0042: unknown command "SQL>" - rest of line ignored.
SQL> SP2-0042: unknown command "SQL> /" - rest of line ignored.
SQL> SQL> SP2-0734: unknown command beginning "CURRENT_SC..." - rest of line ignored.
SQL> SQL> SP2-0226: Invalid line number
SQL> SQL> SP2-0042: unknown command "SQL> /" - rest of line ignored.
SQL> SQL> SP2-0734: unknown command beginning "CURRENT_SC..." - rest of line ignored.
SQL> SQL> SP2-0226: Invalid line number
SQL> SQL> SP2-0042: unknown command "SQL> /" - rest of line ignored.
SQL> SQL> SP2-0734: unknown command beginning "CURRENT_SC..." - rest of line ignored.
SQL> SQL> SP2-0226: Invalid line number
SQL> SQL> SP2-0042: unknown command "SQL> /" - rest of line ignored.
SQL> SQL> SP2-0734: unknown command beginning "CURRENT_SC..." - rest of line ignored.
SQL> SQL> SP2-0226: Invalid line number
SQL> SQL> SP2-0042: unknown command "SQL> /" - rest of line ignored.
SQL> SQL> SP2-0734: unknown command beginning "CURRENT_SC..." - rest of line ignored.
SQL> SQL> SP2-0226: Invalid line number
SQL> SQL> SP2-0042: unknown command "SQL> /" - rest of line ignored.
SQL> SQL> SP2-0734: unknown command beginning "CURRENT_SC..." - rest of line ignored.
SQL> SQL> SP2-0226: Invalid line number
SQL> SQL> SP2-0042: unknown command "SQL> /" - rest of line ignored.
SQL> SQL> SP2-0734: unknown command beginning "CURRENT_SC..." - rest of line ignored.
SQL> SQL> SP2-0226: Invalid line number
SQL> SQL> SP2-0042: unknown command "SQL> /" - rest of line ignored.
SQL> SQL> SP2-0734: unknown command beginning "CURRENT_SC..." - rest of line ignored.
SQL> SQL> SP2-0226: Invalid line number
SQL> SQL> SP2-0042: unknown command "SQL> /" - rest of line ignored.
SQL> 21-NOV-23 21-NOV-23 NO
*
ERROR at line 2:
ORA-00933: SQL command not properly ended


SQL> SQL> SP2-0734: unknown command beginning "CURRENT_SC..." - rest of line ignored.
SQL> SQL> SP2-0226: Invalid line number
SQL> SQL> SP2-0042: unknown command "SQL>" - rest of line ignored.
SQL> SP2-0734: unknown command beginning "CURRENT_SC..." - rest of line ignored.
SQL> SQL> SP2-0226: Invalid line number
SQL> SQL> SP2-0042: unknown command "SQL> /" - rest of line ignored.
SQL> SQL> SP2-0734: unknown command beginning "CURRENT_SC..." - rest of line ignored.
SQL> SQL> SP2-0226: Invalid line number
SQL> SQL> SP2-0042: unknown command "SQL>" - rest of line ignored.
SQL> SP2-0042: unknown command "SQL>" - rest of line ignored.
SQL> SP2-0042: unknown command "SQL>" - rest of line ignored.
SQL> SP2-0042: unknown command "SQL>" - rest of line ignored.
SP2-0044: For a list of known commands enter HELP
and to leave enter EXIT.
SQL> SP2-0042: unknown command "SQL> /" - rest of line ignored.
SQL> SQL> SP2-0734: unknown command beginning "CURRENT_SC..." - rest of line ignored.
SQL> SQL> SP2-0226: Invalid line number
SQL> SQL> SP2-0734: unknown command beginning "SQL> set l..." - rest of line ignored.
SQL>   2  SQL> SP2-0734: unknown command beginning "SEQUENCE# ..." - rest of line ignored.
SQL> SQL>          9 21-NOV-23 21-NOV-23 YES
        10 21-NOV-23 21-NOV-23 NO
        11 21-NOV-23 21-NOV-23 NO
        12 21-NOV-23 21-NOV-23 NO
        13 21-NOV-23 21-NOV-23 NO
        14 21-NOV-23 21-NOV-23 NO
        15 21-NOV-23 21-NOV-23 NO
        16 21-NOV-23 21-NOV-23 NO
        17 21-NOV-23 21-NOV-23 NO
        18 21-NOV-23 21-NOV-23 NO
        19 21-NOV-23 21-NOV-23 NO
        20 21-NOV-23 21-NOV-23 NO
        21 21-NOV-23 21-NOV-23 NO

13 rows selected.

SQL> /

 SEQUENCE# FIRST_TIM NEXTSQL> _TIME APPLIED
---------- --------- --------- ---------
         9 21-NOV-23 21-NOV-23 YES
        10 21-NOV-23 21-NOV-23 NO
        11 21-NOV-23 21-NOV-23 NO
        12 21-NOV-23 21-NOV-23 NO
        13 21-NOV-23 21-NOV-23 NO
        14 21-NOV-2SQL> 3 21-NOV-23 NO
        15 21-NOV-23 21-NOV-23 NO
        16 21-NOV-23 21-NOV-23 NO
SQL> SQL> SQL> SQL> SQL> SQL> SQL> SQL> SQL> SQL> SQL> SQL> SQL> SQL> SP2-0042: unknown command "SQL> /" - rest of line ignored.
SQL> SQL> SP2-0734: unknown command beginning "SEQUENCE# ..." - rest of line ignored.
SQL> SQL> SQL> SQL> SQL> SQL> SQL> SQL> SQL> SQL>         17 21-NOV-23 21-NOV-23 NO
        18 21-NOV-23 21-NOV-23 NO
        19 21-NOV-23 21-NOV-23 NO
        20 21-NOV-23 21-NOV-23 NO
        21 21-NOV-23 21-NOV-23 NO

13 rows selected.

SQL> /

 SEQUENCE# FIRST_TIM NEXT_TIME APPLIED
---------- --------- --------- ---------
         9 21-NOV-23 21-NOV-23 YES
        10 21-NOV-23 21-NOV-23 NO
        11 21-NOV-23 21-NOV-23 NO
        12 21-NOV-23 21-NOV-23 NO
        13 21-NOV-23 21-NOV-23 NO
        14 21-NOV-23 21-NOV-23 NO
        15 21-NOV-23 21-NOV-23 NO
        16 21-NOV-23 21-NOV-23 NO
        17 21-NOV-23 21-NOV-23 NO
        18 21-NOV-23 21-NOV-23 NO
        19 21-NOV-23 21-NOV-23 NO
        20 21-NOV-23 21-NOV-23 NO
        21 21-NOV-23 21-NOV-23 NO

13 rows selected.

SQL> /

 SEQUENCE# FIRST_TIM NEXT_TIME APPLIED
---------- --------- --------- ---------
         9 21-NOV-23 21-NOV-23 YES
        10 21-NOV-23 21-NOV-23 NO
        11 21-NOV-23 21-NOV-23 NO
        12 21-NOV-23 21-NOV-23 NO
SQL>         13 21-NOV-23 21-NOV-23 NO
        14 21-NOV-23 21-NOV-23 NO
        15 21-NOV-23 21-NOV-23 NO
        16 21-NOV-23 21-NOV-23 NO
        17 21-NOV-23 21-NOV-23 NO
        18 21-NOV-23 21-NOV-23 NO
        19 21-NOV-23 21-NOV-23 NO
   SQL>      20 21-NOV-23 21-NOV-23 NO
        21 21-NOV-23 21-NOV-23 NO

13 rows selected.

SQL> /

 SEQUENCE# FIRST_TIM NEXT_TIME APPLIED
---------- --------- --------- ---------
         9 21-NOV-23 21-NOV-23 YES
        10 21-NOV-23 21-NOV-23 NO
  SQL>       11 21-NOV-23 21-NOV-23 NO
        12 21-NOV-23 21-NOV-23 NO
        13 21-NOV-23 21-NOV-23 NO
        14 21-NOV-23 21-NOV-23 NO
        15 21-NOV-23 21-NOV-23 NO
        16 21-NOV-23 21-NOV-23 NO
SQL> SQL> SQL> SQL> SQL> SP2-0042: unknown command "SQL> /" - rest of line ignored.
SQL> SQL> SP2-0734: unknown command beginning "SEQUENCE# ..." - rest of line ignored.
SQL> SQL> SQL> SQL> SQL> SQL> SQL> SQL> SQL> SQL> SQL> SQL> SQL> SQL> SQL> SQL> SQL> SQL> SP2-0042: unknown command "SQL> /" - rest of line ignored.
SQL> SQL> SP2-0734: unknown command beginning "SEQUENCE# ..." - rest of line ignored.
SQL> SQL> SQL> SQL> SQL> SQL> SQL> SQL> SQL> SQL> SQL> SQL> SQL> SQL> SQL> SQL> SQL> SQL> SP2-0042: unknown command "SQL> /" - rest of line ignored.
SQL> SQL> SP2-0734: unknown command beginning "SEQUENCE# ..." - rest of line ignored.
SQL> SQL> SQL> SQL> SQL> SQL> SQL> SQL> SQL> SQL>         17 21-NOV-23 21-NOV-23 NO
        18 21-NOV-23 21-NOV-23 NO
        19 21-NOV-23 21-NOV-23 NO
        20 21-NOV-23 21-NOV-23 NO
        21 21-NOV-23 21-NOV-23 NO

13 rows selected.

SQL> /

 SEQUENCE# FIRST_TIM NEXT_TIME APPLIED
---------- --------- --------- ---------
         9 21-NOV-23 21-NOV-23 YES
        10 21-NOV-23 21-NOV-23 NO
        11 21-NOV-23 21-NOV-23 NO
        12 21-NOV-23 21-NOV-23 NO
        13 21-NOV-23 21-NOV-23 NO
SQL>         14 21-NOV-23 21-NOV-23 NO
        15 21-NOV-23 21-NOV-23 NO
        16 21-NOV-23 21-NOV-23 NO
        17 21-NOV-23 21-NOV-23 NO
        18 21-NOV-23 21-NOV-23 NO
        19 21-NOV-23 21-NOV-23 NO
        20 21-NOV-23 21-NOV-23 NO
     SQL>    21 21-NOV-23 21-NOV-23 NO

13 rows selected.

SQL> /

 SEQUENCE# FIRST_TIM NEXT_TIME APPLIED
---------- --------- --------- ---------
SQL> SQL> SQL> SQL> SQL> SQL> SP2-0042: unknown command "SQL> /" - rest of line ignored.
SQL> SQL> SP2-0734: unknown command beginning "SEQUENCE# ..." - rest of line ignored.
SQL> SQL> SQL> SQL> SQL> SQL> SQL> SQL> SQL> SQL> SQL> SQL> SQL> SQL> SQL> SQL> SQL> SQL> SP2-0042: unknown command "SQL> /" - rest of line ignored.
SQL> SQL> SP2-0734: unknown command beginning "SEQUENCE# ..." - rest of line ignored.
SQL> SQL>          9 21-NOV-23 21-NOV-23 YES
        10 21-NOV-23 21-NOV-23 NO
        11 21-NOV-23 21-NOV-23 NO
        12 21-NOV-23 21-NOV-23 NO
        13 21-NOV-23 21-NOV-23 NO
        14 21-NOV-23 21-NOV-23 NO
        15 21-NOV-23 21-NOV-23 NO
        16 21-NOV-23 21-NOV-23 NO
        17 21-NOV-23 21-NOV-23 NO
        18 21-NOV-23 21-NOV-23 NO
        19 21-NOV-23 21-NOV-23 NO
        20 21-NOV-23 21-NOV-23 NO
        21 21-NOV-23 21-NOV-23 NO

13 rows selected.

SQL> /

 SEQUENCE# FIRST_TIM NEXT_TIME APPLIED
---------- --------- --------- ---------
         9 21-NOV-23 21-NOV-23 YES
        10 21-NOV-23 21-NOV-23 NO
        11 21-NOV-23 21-NOV-23 NO
        12 21-NOV-23 21-NOV-23 NO
        13 21-NOV-23 21-NOV-23 NO
        14 21-NOV-23 21-NOV-23 NO
        15 21-NOV-23 21-NOV-23 NO
        16 21-NOV-23 21-NOV-23 NO
        17 21-NOV-23 21-NOV-23 NO
        18 21-NOV-23 21-NOV-23 NO
        19 21-NOV-23 21-NOV-23 NO
        20 21-NOV-23 21-NOV-23 NO
      SQL>   21 21-NOV-23 21-NOV-23 NO

13 rows selected.

SQL> desc v$managed_standby
 Name                                                                                              Null?     Type
 ------------------------------------------------------------SQL> ----------------------------------------------------------------------------------------------------------------- -------- --------------------------------------------------------------------------------------------------------------------SQL>
 PROCESS                                                                                    VARCHAR2(9)
 PID                                                        SQL>                                 VARCHAR2(24)
SQL> SQL> SQL> SQL> SQL> SQL> SQL> SQL> SQL> SQL> SQL> SQL> SP2-0042: unknown command "SQL> /" - rest of line ignored.
SQL> SQL> SP2-0734: unknown command beginning "SEQUENCE# ..." - rest of line ignored.
SQL> SQL> SQL> SQL> SQL> SQL> SQL> SQL> SQL> SQL> SQL> SQL> SQL> SQL> SQL> SQL> SQL> SQL> SP2-0734: unknown command beginning "SQL> desc ..." - rest of line ignored.
SQL> SP2-0734: unknown command beginning "Name      ..." - rest of line ignored.
SQL> SQL> SP2-0734: unknown command beginning "PROCESS   ..." - rest of line ignored.
SQL> SP2-0734: unknown command beginning "PID        ..." - rest of line ignored.
SQL>  STATUS                                                                                     VARCHAR2(12)
 CLIENT_PROCESS                                                                             VARCHAR2(8)
 CLIENT_PID                                                                                 VARCHAR2(40)
 CLIENT_DBID                                                                                VARCHAR2(40)
 GROUP#                                                                                     VARCHAR2(40)
 RESETLOG_ID                                                                                NUMBER
 THREAD#                                                                                    NUMBER
 SEQUENCE#                            SP2-0734:                                                       NUMBER
unknown command beginning "STATUS    ..." - rest of line ignored.
SQL> SP2-0734: unknown command beginning "CLIENT_PRO..." - rest of line ignored.
SP2-0044: For a list of known commands enter HELP
and to leave enter EXIT.
SQL> SP2-0734: unknown command beginning "CLIENT_PID..." - rest of line ignored.
SQL> SP2-0734: unknown command beginning "CLIENT_DBI..." - rest of line ignored.
SQL> SP2-0734: unknown command beginning "GROUP#    ..." - rest of line ignored.
SQL> SP2-0734: unknown command beginning "RESETLOG_I..." - rest of line ignored.
SP2-0044: For a list of known commands enter HELP
and to leave enter EXIT.
SQL> SP2-0734: unknown command beginning "THREAD#   ..." - rest of line ignored.
SQL> SP2-0734: unknown command beginning "SEQUENCE# ..." - rest of line ignored.
SQL>  BLOCK#                                                                                     NUMBER
 BLOCKS                                                                                     NUMBER
 DELAY_MINS                                                                                 NUMBER
 KNOWN_AGENTS                                                                               NUMBER
 ACTIVE_AGENTS                                                                              NUMBER
 CON_ID                                                                                     NUMBER

SQL> set lines 100
SQL> desc v$managed_standby
 Name                                                  Null?    Type
 ---------------------------------------SP2-0734: -------------- -------- ------------------------------------
unknown command beginning "BLOCK#    ..." - rest of line ignored.
SQL> SP2-0734: unknown command beginning "BLOCKS    ..." - rest of line ignored.
SP2-0044: For a list of known commands enter HELP
and to leave enter EXIT.
SQL> SP2-0734: unknown command beginning "DELAY_MINS..." - rest of line ignored.
SQL> SP2-0734: unknown command beginning "KNOWN_AGEN..." - rest of line ignored.
SQL> SP2-0734: unknown command beginning "ACTIVE_AGE..." - rest of line ignored.
SQL> SP2-0734: unknown command beginning "CON_ID    ..." - rest of line ignored.
SP2-0044: For a list of known commands enter HELP
and to leave enter EXIT.
SQL> SQL> SP2-0734: unknown command beginning "SQL> set l..." - rest of line ignored.
SQL> SP2-0734: unknown command beginning "SQL> desc ..." - rest of line ignored.
SQL> SP2-0734: unknown command beginning "Name      ..." - rest of line ignored.
SQL> SQL>  PROCESS                                                        VARCHAR2(9)
 PID                                                            VARCHAR2(24)
 STATUS                                                         VARCHAR2(12)
 CLIENT_PROCESS                                                 VARCHAR2(8)
 CLIENT_PID                                                     VARCHAR2(40)
 CLIENT_DBID        SP2-0734:                                             VARCHAR2(40)
 GROUP#                                                         VARCHAR2(40)
 RESETLOG_ID                                                    NUMBER
 THREAD#                                            unknown command beginning "PROCESS   ..." - rest of line ignored.
            NUMBER
 SEQUENCE#                                                      NUMBER
 BLOCK#                                                         NUMBER
SQL> SP2-0734: unknown command beginning "PID        ..." - rest of line ignored.
SQL> SP2-0734: unknown command beginning "STATUS    ..." - rest of line ignored.
SQL> SP2-0734: unknown command beginning "CLIENT_PRO..." - rest of line ignored.
SP2-0044: For a list of known commands enter HELP
and to leave enter EXIT.
SQL> SP2-0734: unknown command beginning "CLIENT_PID..." - rest of line ignored.
SQL> SP2-0734: unknown command beginning "CLIENT_DBI..." - rest of line ignored.
SQL> SP2-0734: unknown command beginning "GROUP#    ..." - rest of line ignored.
SQL> SP2-0734: unknown command beginning "RESETLOG_I..." - rest of line ignored.
SP2-0044: For a list of known commands enter HELP
and to leave enter EXIT.
SQL> SP2-0734: unknown command beginning "THREAD#   ..." - rest of line ignored.
SQL> SP2-0734: unknown command beginning "SEQUENCE# ..." - rest of line ignored.
SQL> SP2-0734: unknown command beginning "BLOCK#    ..." - rest of line ignored.
SQL>  BLOCKS                                                         NUMBER
 DELAY_MINS                                                     NUMBER
 KNOWN_AGENTS                                                   NUMBER
 ACTIVE_AGENTS                                                  NUMBER
 CON_ID                                                         NUMBER

SQL> select PROCESS,STATUS from v$managed_standby;

PROCESS   STATUS
--------- ------------
ARCH      CLOSING
DGRD      ALLOCATED
DGRD      ALLOCATED
ARCH      CLOSING
ARCH      CLOSING
ARCH      CLOSING
RFS       IDLE
RFS       IDLE
RFS       IDLE
RFS       IDLE
MRP0      WAIT_FOR_GAP
RFS       IDLE

12 rows selected.

SQL> alter database recover managed standby dataSP2-0734: base cance;
alter database recover managed standby database cance
*
ERROR at line 1:
unknown command beginning "BLOCKS    ..." - rest of line ignored.
SP2-0044: For a list of known commands enter HELP
and to leave enter EXIT.
SQL> SP2-0734: unknown command beginning "DELAY_MINS..." - rest of line ignored.
SQL> SP2-0734: unknown command beginning "KNOWN_AGEN..." - rest of line ignored.
SQL> SP2-0734: unknown command beginning "ACTIVE_AGE..." - rest of line ignored.
SQL> SP2-0734: unknown command beginning "CON_ID    ..." - rest of line ignored.
SP2-0044: For a list of known commands enter HELP
and to leave enter EXIT.
SQL> SQL> SP2-0734: unknown command beginning "SQL> selec..." - rest of line ignored.
SQL> SQL> SP2-0734: unknown command beginning "PROCESS   ..." - rest of line ignored.
SQL> SQL> SP2-0734: unknown command beginning "ARCH      ..." - rest of line ignored.
SQL> SP2-0734: unknown command beginning "DGRD      ..." - rest of line ignored.
SQL> SP2-0734: unknown command beginning "DGRD      ..." - rest of line ignored.
SQL> SP2-0734: unknown command beginning "ARCH      ..." - rest of line ignored.
SP2-0044: For a list of known commands enter HELP
and to leave enter EXIT.
SQL> SP2-0734: unknown command beginning "ARCH      ..." - rest of line ignored.
SQL> SP2-0734: unknown command beginning "ARCH      ..." - rest of line ignored.
SQL> SP2-0734: unknown command beginning "RFS        ..." - rest of line ignored.
SQL> SP2-0734: unknown command beginning "RFS        ..." - rest of line ignored.
SP2-0044: For a list of known commands enter HELP
and to leave enter EXIT.
SQL> SP2-0734: unknown command beginning "RFS        ..." - rest of line ignored.
SQL> SP2-0734: unknown command beginning "RFS        ..." - rest of line ignored.
SQL> SP2-0734: unknown command beginning "MRP0      ..." - rest of line ignored.
SQL> SP2-0734: unknown command beginning "RFS        ..." - rest of line ignored.
SP2-0044: For a list of known commands enter HELP
and to leave enter EXIT.
SQL> SQL> SQL> SQL> SP2-0734: unknown command beginning "SQL> alter..." - rest of line ignored.
SQL>   2    3    4  ORA-00274: illegal recovery option CANCE


SQL>  alter database recover managed standby database cancel;




CLOSING
ARCH      CLOSING
ARCH      CLOSING



^C
 alter database recover managed standby database cancel
*
ERROR at line 1:
ORA-01013: user requested cancel of current operation



SQL> SQL>
SQL>
SQL> alter database recover managed standby database cancel;


alter database recover managed standby databa  5  se disconnect from session;
^Calter database recover managed standby database cancel
*
ERROR at line 1:
ORA-01013: user requested cancel of current operation



SQL>
SQL>
SQL>
SQL>
SQL>
SQL>
SQL>
SQL> alter database recover managed standby database disconnect from session;
alter dSQL> atabase recover managed standby database disconnect from session
*
ERROR at line 1:
ORA-03135: connection lost contact
SQL> SP2-0734: unknown command beginning "SQL>  alte..." - rest of line ignored.
SQL> SQL> SQL> SQL> SQL> SP2-0042: unknown command "CLOSING" - rest of line ignored.
SQL> SP2-0734: unknown command beginning "ARCH      ..." - rest of line ignored.
SQL> SP2-0734: unknown command beginning "ARCH      ..." - rest of line ignored.
SP2-0044: For a list of known commands enter HELP
and to leave enter EXIT.
SQL> SQL> SQL> SQL> SP2-0042: unknown command "^C" - rest of line ignored.
SQL>   2    3    4    5  SQL> SQL> SQL> SP2-0042: unknown command "SQL> SQL>" - rest of line ignored.
SQL> SP2-0042: unknown command "SQL>" - rest of line ignored.
SQL> SP2-0734: unknown command beginning "SQL> alter..." - rest of line ignored.
SQL> SQL> SQL> alter database recover managed standby database disconnect from session
*
ERROR at line 1:
ORA-01665: control file is not a standby control file


SQL> SP2-0734: unknown command beginning "^Calter da..." - rest of line ignored.
SQL> SP2-0042: unknown command "*" - rest of line ignored.
SQL> SP2-0734: unknown command beginning "ERROR at l..." - rest of line ignored.
SQL> SP2-0734: unknown command beginning "ORA-01013:..." - rest of line ignored.
SP2-0044: For a list of known commands enter HELP
and to leave enter EXIT.
SQL> SQL> SQL> SQL> SP2-0042: unknown command "SQL>" - rest of line ignored.
SQL> SP2-0042: unknown command "SQL>" - rest of line ignored.
SQL> SP2-0042: unknown command "SQL>" - rest of line ignored.
SQL> SP2-0042: unknown command "SQL>" - rest of line ignored.
SP2-0044: For a list of known commands enter HELP
and to leave enter EXIT.
SQL> SP2-0042: unknown command "SQL>" - rest of line ignored.
SQL> SP2-0042: unknown command "SQL>" - rest of line ignored.
SQL> SP2-0042: unknown command "SQL>" - rest of line ignored.
SQL> SP2-0734: unknown command beginning "SQL> alter..." - rest of line ignored.
SP2-0044: For a list of known commands enter HELP
and to leave enter EXIT.
SQL>   2    3    4    5  Process ID: 6470
Session ID: 26 Serial number: 4150


SQL> exit
Disconnected from Oracle Database 19c Enterprise Edition Release 19.0.0.0.0 - Production
Version 19.3.0.0.0
[oracle@arun 2023_11_21]$ sqlplus / as sysdba

SQL*Plus: Release 19.0.0.0.0 - Production on Tue Nov 21 11:25:47 2023
Version 19.3.0.0.0

Copyright (c) 1982, 2019, Oracle.  All rights reserved.

Connected to an idle instance.

SQL> startup mount;




ORACLE instance started.

Total System Global Area 1543500872 bytes
Fixed Size                  9135176 bytes
Variable Size             889192448 bytes
Database Buffers          637534208 bytes
Redo Buffers                7639040 bytes
Database mounted.
SQL> SQL> SQL>  6   SQL> SQL>







SQL> SQL> SQL> SQL> SQL> SQL> SQL> SQL>

SQL> SQL>
SQL> ALTER DATABASE RECOVER MANAGED STANDBY DATABASE disconnect from session;
  7  SQL> SQL> SP2-0042: unknown command "SQL> exit" - rest of line ignored.
SQL> SP2-0734: unknown command beginning "Disconnect..." - rest of line ignored.
SQL> SP2-0734: unknown command beginning "Version 19..." - rest of line ignored.
SQL> SP2-0734: unknown command beginning "[oracle@ar..." - rest of line ignored.
SP2-0044: For a list of known commands enter HELP
and to leave enter EXIT.
SQL> SQL> SP2-0734: unknown command beginning "SQL*Plus: ..." - rest of line ignored.
SQL> SP2-0734: unknown command beginning "Version 19..." - rest of line ignored.
SQL> SQL> SP2-0734: unknown command beginning "Copyright ..." - rest of line ignored.
SQL> SQL> SP2-0734: unknown command beginning "Connected ..." - rest of line ignored.
SP2-0044: For a list of known commands enter HELP
and to leave enter EXIT.
SQL> SQL> SP2-0734: unknown command beginning "SQL> start..." - rest of line ignored.
SQL> SQL> SQL> SQL> SQL> SP2-0734: unknown command beginning "ORACLE ins..." - rest of line ignored.
SQL> SQL> SP2-0734: unknown command beginning "Total Syst..." - rest of line ignored.
SQL> SP2-0734: unknown command beginning "Fixed Size..." - rest of line ignored.
SP2-0044: For a list of known commands enter HELP
and to leave enter EXIT.
SQL> Usage: VAR[IABLE] [ <variable> [ NUMBER | CHAR | CHAR (n [CHAR|BYTE]) |
                    VARCHAR2 (n [CHAR|BYTE]) | NCHAR | NCHAR (n) |
                    NVARCHAR2 (n) | CLOB | NCLOB | BLOB | BFILE
                    REFCURSOR | BINARY_FLOAT | BINARY_DOUBLE ] ]
SQL> SP2-0734: unknown command beginning "Database B..." - rest of line ignored.
SQL> SP2-0734: unknown command beginning "Redo Buffe..." - rest of line ignored.
SQL> SP2-0734: unknown command beginning "Database m..." - rest of line ignored.
SQL> SP2-0734: unknown command beginning "SQL> SQL> ..." - rest of line ignored.
SP2-0044: For a list of known commands enter HELP
and to leave enter EXIT.
SQL> SQL> SQL> SQL> SQL> SQL> SQL> SQL> SP2-0734: unknown command beginning "SQL> SQL> ..." - rest of line ignored.
SQL> SQL> SP2-0042: unknown command "SQL> SQL>" - rest of line ignored.
SQL> SP2-0734: unknown command beginning "SQL> ALTER..." - rest of line ignored.
SQL>



Database altered.

SQL> SQL> SQL> SQL>
SQL>
SQL>
SQL>
SQL>
SQL> set lines 300 pages 300;
SELECT sequence#, first_time, next_time, applied FROM v$archived_log ORDER BY sequence#;
SQL>
 SEQUENCE# FIRST_TIM NEXT_TIME APPLIED
---------- --------- ---SQL> ------ ---------
         9 21-NOV-23 21-NOV-23 YES
        10 21-NOV-23 21-NOV-23 YES
        11 21-NOV-23 21-NOV-23 NO
        12 21-NOV-23 21-NOV-23 NO
        13 21-NOV-23 21-NOV-23 NO
        14 21-NOV-23 21-NOV-23 NO
        15 21-NOV-23 21-NOV-2SQL> 3 NO
        16 21-NOV-23 21-NOV-23 NO
        17 21-NOV-23 21-NOV-23 NO
        18 21-NOV-23 21-NOV-23 NO
        19 21-NOSQL> V-23 21-NOV-23 NO
        20 21-NOV-23 21-NOV-23 NO
        21 21-NOV-23 21-NOV-23 NO
        22 21-NOV-23 21-NOV-23 NO
SQL>
14 rows selected.

SQL> select current_scn from v$database;
SP2-0734: unknown command beginning "Database a..." - rest of line ignored.
SP2-0044: For a list of known commands enter HELP
and to leave enter EXIT.
SQL> SQL> SP2-0734: unknown command beginning "SQL> SQL> ..." - rest of line ignored.
SQL> SP2-0042: unknown command "SQL>" - rest of line ignored.
SQL> SP2-0042: unknown command "SQL>" - rest of line ignored.
SQL> SP2-0042: unknown command "SQL>" - rest of line ignored.
SP2-0044: For a list of known commands enter HELP
and to leave enter EXIT.
SQL> SP2-0042: unknown command "SQL>" - rest of line ignored.
SQL> SP2-0734: unknown command beginning "SQL> set l..." - rest of line ignored.
SQL>
 SEQUENCE# FIRST_TIM NEXT_TIME APPLIED
---------- --------- --------- ---------
         7 21-NOV-23 21-NOV-23 NO
         8 21-NOV-23 21-NOV-23 NO
         9 21-NOV-23 21-NOV-23 NO
         9 21-NOV-23 21-NOV-23 YES
        10 21-NOV-23 21-NOV-23 NO
        10 21-NOV-23 21-NOV-23 YES
        11 21-NOV-23 21-NOV-23 NO
        11 21-NOV-23 21-NOV-23 YES
        12 21-NOV-23 21-NOV-23 YES
        12 21-NOV-23 21-NOV-23 NO
        13 21-NOV-23 21-NOV-23 NO
        13 21-NOV-23 21-NOV-23 YES
        14 21-NOV-23 21-NOV-23 NO
        14 21-NOV-23 21-NOV-23 YES
        15 21-NOV-23 21-NOV-23 NO
        15 21-NOV-23 21-NOV-23 YES
        16 21-NOV-23 21-NOV-23 YES
        16 21-NOV-23 21-NOV-23 NO
        17 21-NOV-23 21-NOV-23 NO
        17 21-NOV-23 21-NOV-23 YES
        18 21-NOV-23 21-NOV-23 NO
        18 21-NOV-23 21-NOV-23 YES
        19 21-NOV-23 21-NOV-23 NO
        19 21-NOV-23 21-NOV-23 YES
        20 21-NOV-23 21-NOV-23 NO
        20 21-NOV-23 21-NOV-23 YES
        21 21-NOV-23 21-NOV-23 NO
        21 21-NOV-23 21-NOV-23 YES
        22 21-NOV-23 21-NOV-23 NO
        22 21-NOV-23 21-NOV-23 YES

30 rows selected.

SQL> SP2-0042: unknown command "SQL>" - rest of line ignored.
SQL> SP2-0734: unknown command beginning "SEQUENCE# ..." - rest of line ignored.
SQL> SQL> SQL> SQL> SQL> SQL> SQL> SQL> SQL> SQL> SQL> SQL> SQL> SQL> SQL> SQL> SQL> SQL> SQL> SP2-0734: unknown command beginning "SQL> selec..." - rest of line ignored.
SQL>
CURRENT_SCN
-----------
    2148941

SQL> /

CURRENT_SCN
-----------
    2148941

SQL> /

CURRENT_SCN
-----------
    2148941

SQL> set lines 300 pages 300;
SELECT sequence#, first_time, next_time, applied FROM v$archived_log ORDER BY sequence#;
SQL>
 SEQUENCE# FIRST_TIM NEXT_TIME APPLIED
---------- --------- --------- ---------
         9 21-NOV-23 21-NOV-23 YES
        10 21-NOV-23 21-NOV-23 YES
        11 21-NOV-23 21-NOV-23 NO
        12 21-NOV-23 21-NOV-23 NO
        13 21-NOV-23 21-NOV-23 NO
        14 21-NOV-23 21-NOV-23 NO
        15 21-NOV-23 21-NOV-23 NO
        16 21-NOV-23 21-NOV-23 NO
        17 21-NOV-23 21-NOV-23 NO
        18 21-NOV-23 21-NOV-23 NO
        19 21-NOV-23 21-NOV-23 NO
        20 21-NOV-SQL> 23 21-NOV-23 NO
        21 21-NOV-23 21-NOV-23 NO
        22 21-NOV-23 21-NOV-23 NO
SP2-0734: unknown command beginning "CURRENT_SC..." - rest of line ignored.
SQL> SQL> SP2-0226: Invalid line number
SQL> SQL> SP2-0042: unknown command "SQL> /" - rest of line ignored.
SQL> SQL> SP2-0734: unknown command beginning "CURRENT_SC..." - rest of line ignored.
SQL> SQL> SP2-0226: Invalid line number
SQL> SQL> SP2-0042: unknown command "SQL> /" - rest of line ignored.
SQL> SQL> SP2-0734: unknown command beginning "CURRENT_SC..." - rest of line ignored.
SQL> SQL> SP2-0226: Invalid line number
SQL> SQL> SP2-0734: unknown command beginning "SQL> set l..." - rest of line ignored.
SQL>
 SEQUENCE# FIRST_TIM NEXT_TIME APPLIED
---------- --------- --------- ---------
         7 21-NOV-23 21-NOV-23 NO
         8 21-NOV-23 21-NOV-23 NO
         9 21-NOV-23 21-NOV-23 NO
         9 21-NOV-23 21-NOV-23 YES
        10 21-NOV-23 21-NOV-23 NO
        10 21-NOV-23 21-NOV-23 YES
        11 21-NOV-23 21-NOV-23 NO
        11 21-NOV-23 21-NOV-23 YES
        12 21-NOV-23 21-NOV-23 YES
        12 21-NOV-23 21-NOV-23 NO
        13 21-NOV-23 21-NOV-23 NO
        13 21-NOV-23 21-NOV-23 YES
        14 21-NOV-23 21-NOV-23 NO
        14 21-NOV-23 21-NOV-23 YES
        15 21-NOV-23 21-NOV-23 NO
        15 21-NOV-23 21-NOV-23 YES
        16 21-NOV-23 21-NOV-23 YES
        16 21-NOV-23 21-NOV-23 NO
        17 21-NOV-23 21-NOV-23 NO
        17 21-NOV-23 21-NOV-23 YES
        18 21-NOV-23 21-NOV-23 NO
        18 21-NOV-23 21-NOV-23 YES
        19 21-NOV-23 21-NOV-23 NO
        19 21-NOV-23 21-NOV-23 YES
        20 21-NOV-23 21-NOV-23 NO
        20 21-NOV-23 21-NOV-23 YES
        21 21-NOV-23 21-NOV-23 NO
        21 21-NOV-23 21-NOV-23 YES
        22 21-NOV-23 21-NOV-23 NO
        22 21-NOV-23 21-NOV-23 YES

30 rows selected.

SQL> SP2-0042: unknown command "SQL>" - rest of line ignored.
SQL> SP2-0734: unknown command beginning "SEQUENCE# ..." - rest of line ignored.
SQL> SQL> SQL> SQL> SQL> SQL> SQL> SQL> SQL> SQL> SQL> SQL> SQL> SQL> SQL> SQL>
14 rows selected.

SQL> /

 SEQUENCE# FIRST_TIM NEXT_TIME APPLIED
---------- --------- --------- ---------
         9 21-NOV-23 21-NOV-23 YES
        10 21-NOV-23 21-NOV-23 YES
        11 21-NOV-23 21-NOV-23 NO
        12 21-NOV-23 21-NOV-23 NO
        13 21-NOV-23 21-NOV-23 NO
        14 21-NOV-23 21-NOV-23 NO
        15 21-NOV-23 21-NOV-23 NO
        16 21-NOV-23 21-NOV-23 NO
        17 21-NOV-23 21-NOV-23 NO
        18 21-NOV-23 21-NOV-23 NO
        19 21-NOV-23 21-NOV-23 NO
        20 21-NOV-23 21-NOV-23 NO
        21 21-NOV-23 21-NOV-23 NO
        22 21-NOV-23 21-NOV-23 NO

14 rows selected.

SQL> /

 SEQUENCE# FIRST_TIM NEXT_TIME APPLIED
---------- --------- --------- ---------
         9 21-NOV-23 21-NOV-23 YES
SQL>         10 21-NOV-23 21-NOV-23 YES
        11 21-NOV-23 21-NOV-23 NO
        12 21-NOV-23 21-NOV-23 NO
SQL> SQL> SP2-0042: unknown command "SQL> /" - rest of line ignored.
SQL> SQL> SP2-0734: unknown command beginning "SEQUENCE# ..." - rest of line ignored.
SQL> SQL> SQL> SQL> SQL> SQL> SQL> SQL> SQL> SQL> SQL> SQL> SQL> SQL> SQL> SQL> SQL> SQL> SQL> SP2-0042: unknown command "SQL> /" - rest of line ignored.
SQL> SQL> SP2-0734: unknown command beginning "SEQUENCE# ..." - rest of line ignored.
SQL> SQL> SQL> SQL> SQL> SQL>         13 21-NOV-23 21-NOV-23 NO
        14 21-NOV-23 21-NOV-23 NO
        15 21-NOV-23 21-NOV-23 NO
        16 21-NOV-23 21-NOV-23 NO
        17 21-NOV-23 21-NOV-23 NO
        18 21-NOV-23 21-NOV-23 NO
        19 21-NOV-23 21-NOV-23 NO
        20 21-NOV-23 21-NOV-23 NO
        21 21-NOV-23 21-NOV-23 NO
        22 21-NOV-23 21-NOV-23 NO

14 rows selected.

SQL> /

 SEQUENCE# FIRST_TIM NEXT_TIME APPLIED
---------- --------- --------- ---------
         9 21-NOV-23 21-NOV-23 YES
SQL>         10 21-NOV-23 21-NOV-23 YES
        11 21-NOV-23 21-NOV-23 NO
        12 21-NOV-23 21-NOV-23 NO
        13 21-NOV-23 21-NOV-23 NO
        14 21-NOV-23 21-NOV-23 NO
        15 21-NOV-23 21-NOV-23 NO
        16 21-NOV-23 21-NOV-23 NO
        17 21-NOV-23 21-NOV-23 NO
     SQL>    18 21-NOV-23 21-NOV-23 NO
        19 21-NOV-23 21-NOV-23 NO
SQL> SQL> SQL> SQL> SQL> SQL> SQL> SQL> SQL> SQL> SQL> SP2-0042: unknown command "SQL> /" - rest of line ignored.
SQL> SQL> SP2-0734: unknown command beginning "SEQUENCE# ..." - rest of line ignored.
SQL> SQL> SQL> SQL> SQL> SQL> SQL> SQL> SQL> SQL> SQL> SQL> SQL>         20 21-NOV-23 21-NOV-23 NO
        21 21-NOV-23 21-NOV-23 NO
        22 21-NOV-23 21-NOV-23 NO

14 rows selected.

SQL>
SQL> SQL> SQL> SQL> SQL> SQL> SP2-0042: unknown command "SQL>" - rest of line ignored.
SQL>









=======STANDBY ======
login as: oracle
oracle@192.168.0.214's password:
Last login: Tue Nov 21 10:31:45 2023
[oracle@arun ~]$ cd /u01/rman_bkp/
[oracle@arun rman_bkp]$ ls -lrt
total 1415856
-rw-r-----. 1 oracle oinstall  66135552 Nov 18 12:18 0v2bpkcr_1_1
-rw-r-----. 1 oracle oinstall 108029440 Nov 18 12:18 0u2bpkcr_1_1
-rw-r-----. 1 oracle oinstall    720384 Nov 18 12:18 102bpkcs_1_1
-rw-r-----. 1 oracle oinstall 435470336 Nov 18 12:18 122bpkct_1_1
-rw-r-----. 1 oracle oinstall 828424192 Nov 18 12:18 112bpkct_1_1
-rw-r-----. 1 oracle oinstall      5632 Nov 18 12:18 132bpkd4_1_1
-rw-r-----. 1 oracle oinstall  11042816 Nov 18 12:18 c-3652303979-20231118-02
[oracle@arun rman_bkp]$ rm *
[oracle@arun rman_bkp]$ ls -lrt
total 0
[oracle@arun rman_bkp]$ vi /etc/oratab
[oracle@arun rman_bkp]$
[oracle@arun rman_bkp]$
[oracle@arun rman_bkp]$
[oracle@arun rman_bkp]$
[oracle@arun rman_bkp]$ . oraenv
ORACLE_SID = [catlog] ? proddbs
The Oracle base has been set to /u01/app/oracle
[oracle@arun rman_bkp]$
[oracle@arun rman_bkp]$
[oracle@arun rman_bkp]$
[oracle@arun rman_bkp]$
[oracle@arun rman_bkp]$
[oracle@arun rman_bkp]$
[oracle@arun rman_bkp]$
[oracle@arun rman_bkp]$
[oracle@arun rman_bkp]$
[oracle@arun rman_bkp]$
[oracle@arun rman_bkp]$ cd $ORACLE_HOME
[oracle@arun dbhome_1]$ cd dbs
[oracle@arun dbs]$ ls -lrt
total 88
-rw-r-----. 1 oracle oinstall 2048 Nov 16 15:27 orapwproddb_bkp
-rw-r-----. 1 oracle oinstall   24 Nov 16 15:36 lkCATLOG
-rw-r--r--. 1 oracle oinstall 1126 Nov 17 09:30 initcatlog.ora
-rw-r-----. 1 oracle oinstall 6144 Nov 18 11:41 orapwcatlog
-rw-rw----. 1 oracle oinstall 1544 Nov 18 11:55 hc_gjdq.dat
-rw-rw----. 1 oracle oinstall 1544 Nov 18 11:56 hc_rBbz.dat
-rw-rw----. 1 oracle oinstall 1544 Nov 18 12:03 hc_fyxo.dat
-rw-rw----. 1 oracle oinstall 1544 Nov 18 12:08 hc_qyEt.dat
-rw-rw----. 1 oracle oinstall 1544 Nov 18 12:12 hc_dkpB.dat
-rw-rw----. 1 oracle oinstall 1544 Nov 18 12:23 hc_Dnej.dat
-rw-rw----. 1 oracle oinstall 1544 Nov 18 12:24 hc_sbwB.dat
-rw-rw----. 1 oracle oinstall 1544 Nov 18 12:26 hc_Dgca.dat
-rw-rw----. 1 oracle oinstall 1544 Nov 18 12:27 hc_zyEc.dat
-rw-r-----. 1 oracle oinstall   24 Nov 18 12:28 lkROFX_PITR_CATLOG
-rw-r-----. 1 oracle oinstall 9728 Nov 18 12:30 spfileroFx.ora
-rw-rw----. 1 oracle oinstall 1544 Nov 18 12:30 hc_roFx.dat
-rw-rw----. 1 oracle oinstall 1544 Nov 21 10:30 hc_catlog.dat
-rw-r--r--. 1 oracle oinstall 1422 Nov 21 10:32 initproddb.ora
-rw-r-----. 1 oracle oinstall 2048 Nov 21 10:32 orapwproddb
[oracle@arun dbs]$ rm *
[oracle@arun dbs]$ ls -lrt
total 8
-rw-r--r--. 1 oracle oinstall 1422 Nov 21 10:37 initproddb.ora
-rw-r-----. 1 oracle oinstall 2048 Nov 21 10:37 orapwproddb
[oracle@arun dbs]$ cp initproddb.ora initproddbs.ora
[oracle@arun dbs]$ cp orapwproddb orapwproddbs
[oracle@arun dbs]$ ls -lrt
total 16
-rw-r--r--. 1 oracle oinstall 1422 Nov 21 10:37 initproddb.ora
-rw-r-----. 1 oracle oinstall 2048 Nov 21 10:37 orapwproddb
-rw-r--r--. 1 oracle oinstall 1422 Nov 21 10:38 initproddbs.ora
-rw-r-----. 1 oracle oinstall 2048 Nov 21 10:38 orapwproddbs
[oracle@arun dbs]$ env |grep ORA
ORACLE_SID=proddbs
ORACLE_BASE=/u01/app/oracle
ORACLE_HOME=/u01/app/oracle/product/19.0.0.0/dbhome_1
[oracle@arun dbs]$
[oracle@arun dbs]$
[oracle@arun dbs]$
[oracle@arun dbs]$ vi initproddbs.ora
[oracle@arun dbs]$
[oracle@arun dbs]$
[oracle@arun dbs]$
[oracle@arun dbs]$
[oracle@arun dbs]$
[oracle@arun dbs]$
[oracle@arun dbs]$ sqlplus / as sysdba

SQL*Plus: Release 19.0.0.0.0 - Production on Tue Nov 21 10:43:20 2023
Version 19.3.0.0.0

Copyright (c) 1982, 2019, Oracle.  All rights reserved.

Connected to an idle instance.

SQL> startup nomount;
ORACLE instance started.

Total System Global Area 1543500872 bytes
Fixed Size                  9135176 bytes
Variable Size             889192448 bytes
Database Buffers          637534208 bytes
Redo Buffers                7639040 bytes
SQL> exit
Disconnected from Oracle Database 19c Enterprise Edition Release 19.0.0.0.0 - Production
Version 19.3.0.0.0
[oracle@arun dbs]$ cd ../network/admin/
[oracle@arun admin]$ ls -lrt
total 8
drwxrwxrwx. 2 oracle oinstall  64 Apr 17  2019 samples
-rw-r--r--. 1 oracle oinstall 476 Nov 17 10:05 listener.ora
-rw-r--r--. 1 oracle oinstall 709 Nov 17 10:17 tnsnames.ora
[oracle@arun admin]$ vi listener.ora
[oracle@arun admin]$
[oracle@arun admin]$
[oracle@arun admin]$
[oracle@arun admin]$
[oracle@arun admin]$ cat listener.ora
# listener.ora Network Configuration File: /u01/app/oracle/product/19.0.0.0/dbhome_1/network/in/listener.ora
# Generated by Oracle configuration tools.

SID_LIST_LISTENER =
  (SID_LIST =
    (SID_DESC =
      (GLOBAL_DBNAME = proddb)
      (ORACLE_HOME = /u01/app/oracle/product/19.0.0.0/dbhome_1)
      (SID_NAME = proddbs)
    )
  )

LISTENER =
  (DESCRIPTION =
    (ADDRESS = (PROTOCOL = TCP)(HOST = 192.168.0.214)(PORT = 1521))
  )

ADR_BASE_LISTENER = /u01/app/oracle

[oracle@arun admin]$ lsnrctl start

LSNRCTL for Linux: Version 19.0.0.0.0 - Production on 21-NOV-2023 10:49:04

Copyright (c) 1991, 2019, Oracle.  All rights reserved.





Starting /u01/app/oracle/product/19.0.0.0/dbhome_1/bin/tnslsnr: please wait...




TNSLSNR for Linux: Version 19.0.0.0.0 - Production
System parameter file is /u01/app/oracle/product/19.0.0.0/dbhome_1/network/admin/listener.ora
Log messages written to /u01/app/oracle/diag/tnslsnr/arun/listener/alert/log.xml
Listening on: (DESCRIPTION=(ADDRESS=(PROTOCOL=tcp)(HOST=192.168.0.214)(PORT=1521)))

Connecting to (DESCRIPTION=(ADDRESS=(PROTOCOL=TCP)(HOST=192.168.0.214)(PORT=1521)))
STATUS of the LISTENER
------------------------
Alias                     LISTENER
Version                   TNSLSNR for Linux: Version 19.0.0.0.0 - Production
Start Date                21-NOV-2023 10:49:29
Uptime                    0 days 0 hr. 0 min. 24 sec
Trace Level               off
Security                  ON: Local OS Authentication
SNMP                      OFF
Listener Parameter File   /u01/app/oracle/product/19.0.0.0/dbhome_1/network/admin/listener.or
Listener Log File         /u01/app/oracle/diag/tnslsnr/arun/listener/alert/log.xml
Listening Endpoints Summary...
  (DESCRIPTION=(ADDRESS=(PROTOCOL=tcp)(HOST=192.168.0.214)(PORT=1521)))
Services Summary...
Service "proddb" has 1 instance(s).
  Instance "proddbs", status UNKNOWN, has 1 handler(s) for this service...
The command completed successfully
[oracle@arun admin]$
[oracle@arun admin]$
[oracle@arun admin]$
[oracle@arun admin]$
[oracle@arun admin]$
[oracle@arun admin]$
[oracle@arun admin]$
[oracle@arun admin]$ vi tnsnames.ora
[oracle@arun admin]$
[oracle@arun admin]$
[oracle@arun admin]$
[oracle@arun admin]$
[oracle@arun admin]$
[oracle@arun admin]$
[oracle@arun admin]$
[oracle@arun admin]$
[oracle@arun admin]$
[oracle@arun admin]$ vi tnsnames.ora
[oracle@arun admin]$
[oracle@arun admin]$
[oracle@arun admin]$
[oracle@arun admin]$
[oracle@arun admin]$
[oracle@arun admin]$
[oracle@arun admin]$ sqlplus sys/proddb123@to_proddb as sysdba

SQL*Plus: Release 19.0.0.0.0 - Production on Tue Nov 21 10:54:11 2023
Version 19.3.0.0.0

Copyright (c) 1982, 2019, Oracle.  All rights reserved.


Connected to:
Oracle Database 19c Enterprise Edition Release 19.0.0.0.0 - Production
Version 19.3.0.0.0

SQL> exit
Disconnected from Oracle Database 19c Enterprise Edition Release 19.0.0.0.0 - Production
Version 19.3.0.0.0
^[[A[oracle@arun admin]$ sqlplus sys/proddb123@to_proddbs as sysdba

SQL*Plus: Release 19.0.0.0.0 - Production on Tue Nov 21 10:55:06 2023
Version 19.3.0.0.0

Copyright (c) 1982, 2019, Oracle.  All rights reserved.

ERROR:
ORA-12514: TNS:listener does not currently know of service requested in connect
descriptor


Enter user-name:
ERROR:
ORA-01017: invalid username/password; logon denied


Enter user-name:
ERROR:
ORA-01017: invalid username/password; logon denied


SP2-0157: unable to CONNECT to ORACLE after 3 attempts, exiting SQL*Plus
[oracle@arun admin]$
[oracle@arun admin]$
[oracle@arun admin]$
[oracle@arun admin]$
[oracle@arun admin]$
[oracle@arun admin]$ tnsping to_proddbs

TNS Ping Utility for Linux: Version 19.0.0.0.0 - Production on 21-NOV-2023 10:55:38

Copyright (c) 1997, 2019, Oracle.  All rights reserved.

Used parameter files:


Used TNSNAMES adapter to resolve the alias
Attempting to contact (DESCRIPTION = (ADDRESS_LIST = (ADDRESS = (PROTOCOL = TCP)(HOST = 192.10.214)(PORT = 1521))) (CONNECT_DATA = (SERVICE_NAME = proddbs)))



OK (12290 msec)
[oracle@arun admin]$
[oracle@arun admin]$
[oracle@arun admin]$
[oracle@arun admin]$
[oracle@arun admin]$
[oracle@arun admin]$
[oracle@arun admin]$
[oracle@arun admin]$ vi listener.ora
[oracle@arun admin]$ lsnrctl stop

LSNRCTL for Linux: Version 19.0.0.0.0 - Production on 21-NOV-2023 10:56:30

Copyright (c) 1991, 2019, Oracle.  All rights reserved.

Connecting to (DESCRIPTION=(ADDRESS=(PROTOCOL=TCP)(HOST=192.168.0.214)(PORT=1521)))






The command completed successfully
[oracle@arun admin]$ \
>
[oracle@arun admin]$
[oracle@arun admin]$
[oracle@arun admin]$
[oracle@arun admin]$
[oracle@arun admin]$ lsnrctl start

LSNRCTL for Linux: Version 19.0.0.0.0 - Production on 21-NOV-2023 10:56:44

Copyright (c) 1991, 2019, Oracle.  All rights reserved.

Starting /u01/app/oracle/product/19.0.0.0/dbhome_1/bin/tnslsnr: please wait...

TNSLSNR for Linux: Version 19.0.0.0.0 - Production
System parameter file is /u01/app/oracle/product/19.0.0.0/dbhome_1/network/admin/listener.ora
Log messages written to /u01/app/oracle/diag/tnslsnr/arun/listener/alert/log.xml
Listening on: (DESCRIPTION=(ADDRESS=(PROTOCOL=tcp)(HOST=192.168.0.214)(PORT=1521)))

Connecting to (DESCRIPTION=(ADDRESS=(PROTOCOL=TCP)(HOST=192.168.0.214)(PORT=1521)))
STATUS of the LISTENER
------------------------
Alias                     LISTENER
Version                   TNSLSNR for Linux: Version 19.0.0.0.0 - Production
Start Date                21-NOV-2023 10:57:08
Uptime                    0 days 0 hr. 0 min. 24 sec
Trace Level               off
Security                  ON: Local OS Authentication
SNMP                      OFF
Listener Parameter File   /u01/app/oracle/product/19.0.0.0/dbhome_1/network/admin/listener.or
Listener Log File         /u01/app/oracle/diag/tnslsnr/arun/listener/alert/log.xml
Listening Endpoints Summary...
  (DESCRIPTION=(ADDRESS=(PROTOCOL=tcp)(HOST=192.168.0.214)(PORT=1521)))
Services Summary...
Service "proddbs" has 1 instance(s).
  Instance "proddbs", status UNKNOWN, has 1 handler(s) for this service...
The command completed successfully
[oracle@arun admin]$
[oracle@arun admin]$
[oracle@arun admin]$ sqlplus sys/proddb123@to_proddbs as sysdba

SQL*Plus: Release 19.0.0.0.0 - Production on Tue Nov 21 10:57:26 2023
Version 19.3.0.0.0

Copyright (c) 1982, 2019, Oracle.  All rights reserved.


Connected to:
Oracle Database 19c Enterprise Edition Release 19.0.0.0.0 - Production
Version 19.3.0.0.0

SQL> exit
Disconnected from Oracle Database 19c Enterprise Edition Release 19.0.0.0.0 - Production
Version 19.3.0.0.0
[oracle@arun admin]$ cat listener.ora
# listener.ora Network Configuration File: /u01/app/oracle/product/19.0.0.0/dbhome_1/network/in/listener.ora
# Generated by Oracle configuration tools.

SID_LIST_LISTENER =
  (SID_LIST =
    (SID_DESC =
      (GLOBAL_DBNAME = proddbs)
      (ORACLE_HOME = /u01/app/oracle/product/19.0.0.0/dbhome_1)
      (SID_NAME = proddbs)
    )
  )

LISTENER =
  (DESCRIPTION =
    (ADDRESS = (PROTOCOL = TCP)(HOST = 192.168.0.214)(PORT = 1521))
  )

ADR_BASE_LISTENER = /u01/app/oracle

[oracle@arun admin]$ ps -ef|grep smon
oracle    4328     1  0 10:45 ?        00:00:00 ora_smon_proddbs
oracle    5379  3413  0 10:59 pts/1    00:00:00 grep --color=auto smon
[oracle@arun admin]$ rman auxiliary /

Recovery Manager: Release 19.0.0.0.0 - Production on Tue Nov 21 11:00:05 2023
Version 19.3.0.0.0

Copyright (c) 1982, 2019, Oracle and/or its affiliates.  All rights reserved.

connected to auxiliary database: PRODDB (not mounted)

RMAN>

RMAN> exit


Recovery Manager complete.
[oracle@arun admin]$ cd ../../dbs
[oracle@arun dbs]$ cat initproddb
cat: initproddb: No such file or directory
[oracle@arun dbs]$ cat initproddb.ora
proddb.__data_transfer_cache_size=0
proddb.__db_cache_size=570425344
proddb.__inmemory_ext_roarea=0
proddb.__inmemory_ext_rwarea=0
proddb.__java_pool_size=16777216
proddb.__large_pool_size=16777216
proddb.__oracle_base='/u01/app/oracle'#ORACLE_BASE set from environment
proddb.__pga_aggregate_target=620756992
proddb.__sga_target=922746880
proddb.__shared_io_pool_size=50331648
proddb.__shared_pool_size=251658240
proddb.__streams_pool_size=0
proddb.__unified_pga_pool_size=0
*.audit_file_dest='/u01/app/oracle/admin/proddb/adump'
*.audit_trail='db'
*.compatible='19.0.0'
*.control_files='/u01/app/oracle/oradata/PRODDB/controlfile/o1_mf_lorcnv08_.ctl','/u01/app/ore/fast_recovery_area/PRODDB/controlfile/o1_mf_lorcnv1f_.ctl'
*.db_block_size=8192
*.db_create_file_dest='/u01/app/oracle/oradata'
*.db_name='proddb'
*.db_recovery_file_dest='/u01/app/oracle/fast_recovery_area'
*.db_recovery_file_dest_size=12732m
*.db_unique_name='proddb'
*.diagnostic_dest='/u01/app/oracle'
*.dispatchers='(PROTOCOL=TCP) (SERVICE=proddbXDB)'
*.enable_pluggable_database=true
*.log_archive_config='DG_CONFIG=(proddb,proddbs)'
*.log_archive_dest_2='SERVICE=to_proddbs LGWR ASYNC VALID_FOR=(ONLINE_LOGFILES,PRIMARY_ROLE) UNIQUE_NAME=proddbs'
*.log_archive_dest_state_2='ENABLE'
*.memory_target=1457m
*.open_cursors=300
*.processes=320
*.remote_login_passwordfile='EXCLUSIVE'
*.standby_file_management='AUTO'
*.undo_tablespace='UNDOTBS1'
[oracle@arun dbs]$ mkdir -p /u01/app/oracle/admin/proddb/adump /u01/app/oracle/oradata/PRODDBntrolfile/ /u01/app/oracle/fast_recovery_area/PRODDB/controlfile/
[oracle@arun dbs]$ mkdir -p /u01/app/oracle/fast_recovery_area
[oracle@arun dbs]$
[oracle@arun dbs]$
[oracle@arun dbs]$
[oracle@arun dbs]$
[oracle@arun dbs]$
[oracle@arun dbs]$
[oracle@arun dbs]$
[oracle@arun dbs]$
[oracle@arun dbs]$
[oracle@arun dbs]$ rman auxiliary /

Recovery Manager: Release 19.0.0.0.0 - Production on Tue Nov 21 11:01:36 2023
Version 19.3.0.0.0

Copyright (c) 1982, 2019, Oracle and/or its affiliates.  All rights reserved.

connected to auxiliary database: PRODDB (not mounted)

RMAN> run {
allocate auxiliary channel t1 type disk;
duplicate target database for standby backup location '/u01/rman_bkp' nofilenamecheck;
}2> 3> 4>

allocated channel: t1
channel t1: SID=1 device type=DISK

Starting Duplicate Db at 21-NOV-23
searching for database ID
found backup of database ID 893522802

contents of Memory Script:
{
   restore clone standby controlfile from  '/u01/rman_bkp/c-893522802-20231121-01';
}
executing Memory Script

Starting restore at 21-NOV-23

channel t1: restoring control file
channel t1: restore complete, elapsed time: 00:00:01
output file name=/u01/app/oracle/oradata/PRODDB/controlfile/o1_mf_lorcnv08_.ctl
output file name=/u01/app/oracle/fast_recovery_area/PRODDB/controlfile/o1_mf_lorcnv1f_.ctl
Finished restore at 21-NOV-23

contents of Memory Script:
{
   sql clone 'alter database mount standby database';
}
executing Memory Script

sql statement: alter database mount standby database
duplicating Online logs to Oracle Managed File (OMF) location
duplicating Datafiles to Oracle Managed File (OMF) location

contents of Memory Script:
{
   set newname for clone tempfile  1 to new;
   set newname for clone tempfile  2 to new;
   set newname for clone tempfile  3 to new;
   switch clone tempfile all;
   set newname for clone datafile  1 to new;
   set newname for clone datafile  3 to new;
   set newname for clone datafile  4 to new;
   set newname for clone datafile  5 to new;
   set newname for clone datafile  6 to new;
   set newname for clone datafile  7 to new;
   set newname for clone datafile  8 to new;
   set newname for clone datafile  9 to new;
   set newname for clone datafile  10 to new;
   set newname for clone datafile  11 to new;
   set newname for clone datafile  12 to new;
   restore
   clone database
   ;
}
executing Memory Script

executing command: SET NEWNAME

executing command: SET NEWNAME

executing command: SET NEWNAME

renamed tempfile 1 to /u01/app/oracle/oradata/PRODDBS/datafile/o1_mf_temp_%u_.tmp in control file
renamed tempfile 2 to /u01/app/oracle/oradata/PRODDBS/0AA2E2ACC25E1ED2E0656240ADE77859/datafile/o1_mf_temp_%u_.tmp in control file
renamed tempfile 3 to /u01/app/oracle/oradata/PRODDBS/0AA2FFBBD68925F6E0656240ADE77859/datafile/o1_mf_temp_%u_.tmp in control file

executing command: SET NEWNAME

executing command: SET NEWNAME

executing command: SET NEWNAME

executing command: SET NEWNAME

executing command: SET NEWNAME

executing command: SET NEWNAME

executing command: SET NEWNAME

executing command: SET NEWNAME

executing command: SET NEWNAME

executing command: SET NEWNAME

executing command: SET NEWNAME

Starting restore at 21-NOV-23

channel t1: starting datafile backup set restore
channel t1: specifying datafile(s) to restore from backup set
channel t1: restoring datafile 00001 to /u01/app/oracle/oradata/PRODDBS/datafile/o1_mf_system_%u_.dbf
channel t1: restoring datafile 00007 to /u01/app/oracle/oradata/PRODDBS/datafile/o1_mf_users_%u_.dbf
channel t1: reading from backup piece /u01/rman_bkp/042c1asd_1_1
channel t1: piece handle=/u01/rman_bkp/042c1asd_1_1 tag=TAG20231121T102516
channel t1: restored backup piece 1
channel t1: restore complete, elapsed time: 00:00:07
channel t1: starting datafile backup set restore
channel t1: specifying datafile(s) to restore from backup set
channel t1: restoring datafile 00003 to /u01/app/oracle/oradata/PRODDBS/datafile/o1_mf_sysaux_%u_.dbf
channel t1: restoring datafile 00004 to /u01/app/oracle/oradata/PRODDBS/datafile/o1_mf_undotbs1_%u_.dbf
channel t1: reading from backup piece /u01/rman_bkp/052c1asd_1_1
channel t1: piece handle=/u01/rman_bkp/052c1asd_1_1 tag=TAG20231121T102516
channel t1: restored backup piece 1
channel t1: restore complete, elapsed time: 00:00:03
channel t1: starting datafile backup set restore
channel t1: specifying datafile(s) to restore from backup set
channel t1: restoring datafile 00005 to /u01/app/oracle/oradata/PRODDBS/0AA2E2ACC25E1ED2E0656240ADE77859/datafile/o1_mf_system_%u_.dbf
channel t1: restoring datafile 00008 to /u01/app/oracle/oradata/PRODDBS/0AA2E2ACC25E1ED2E0656240ADE77859/datafile/o1_mf_undotbs1_%u_.dbf
channel t1: reading from backup piece /u01/rman_bkp/072c1asg_1_1
channel t1: piece handle=/u01/rman_bkp/072c1asg_1_1 tag=TAG20231121T102516
channel t1: restored backup piece 1
channel t1: restore complete, elapsed time: 00:00:07
channel t1: starting datafile backup set restore
channel t1: specifying datafile(s) to restore from backup set
channel t1: restoring datafile 00006 to /u01/app/oracle/oradata/PRODDBS/0AA2E2ACC25E1ED2E0656240ADE77859/datafile/o1_mf_sysaux_%u_.dbf
channel t1: reading from backup piece /u01/rman_bkp/082c1ash_1_1
channel t1: piece handle=/u01/rman_bkp/082c1ash_1_1 tag=TAG20231121T102516
channel t1: restored backup piece 1
channel t1: restore complete, elapsed time: 00:00:03
channel t1: starting datafile backup set restore
channel t1: specifying datafile(s) to restore from backup set
channel t1: restoring datafile 00009 to /u01/app/oracle/oradata/PRODDBS/0AA2FFBBD68925F6E0656240ADE77859/datafile/o1_mf_system_%u_.dbf
channel t1: restoring datafile 00012 to /u01/app/oracle/oradata/PRODDBS/0AA2FFBBD68925F6E0656240ADE77859/datafile/o1_mf_users_%u_.dbf
channel t1: reading from backup piece /u01/rman_bkp/092c1ash_1_1
channel t1: piece handle=/u01/rman_bkp/092c1ash_1_1 tag=TAG20231121T102516
channel t1: restored backup piece 1
channel t1: restore complete, elapsed time: 00:00:01
channel t1: starting datafile backup set restore
channel t1: specifying datafile(s) to restore from backup set
channel t1: restoring datafile 00010 to /u01/app/oracle/oradata/PRODDBS/0AA2FFBBD68925F6E0656240ADE77859/datafile/o1_mf_sysaux_%u_.dbf
channel t1: restoring datafile 00011 to /u01/app/oracle/oradata/PRODDBS/0AA2FFBBD68925F6E0656240ADE77859/datafile/o1_mf_undotbs1_%u_.dbf
channel t1: reading from backup piece /u01/rman_bkp/062c1asg_1_1
channel t1: piece handle=/u01/rman_bkp/062c1asg_1_1 tag=TAG20231121T102516
channel t1: restored backup piece 1
channel t1: restore complete, elapsed time: 00:00:03
Finished restore at 21-NOV-23

contents of Memory Script:
{
   switch clone datafile all;
}
executing Memory Script

datafile 1 switched to datafile copy
input datafile copy RECID=13 STAMP=1153479796 file name=/u01/app/oracle/oradata/PRODDBS/datafile/o1_mf_system_lorj84jk_.dbf
datafile 3 switched to datafile copy
input datafile copy RECID=14 STAMP=1153479796 file name=/u01/app/oracle/oradata/PRODDBS/datafile/o1_mf_sysaux_lorj8cnn_.dbf
datafile 4 switched to datafile copy
input datafile copy RECID=15 STAMP=1153479796 file name=/u01/app/oracle/oradata/PRODDBS/datafile/o1_mf_undotbs1_lorj8cnr_.dbf
datafile 5 switched to datafile copy
input datafile copy RECID=16 STAMP=1153479796 file name=/u01/app/oracle/oradata/PRODDBS/0AA2E2ACC25E1ED2E0656240ADE77859/datafile/o1_mf_system_lorj8goq_.dbf
datafile 6 switched to datafile copy
input datafile copy RECID=17 STAMP=1153479796 file name=/u01/app/oracle/oradata/PRODDBS/0AA2E2ACC25E1ED2E0656240ADE77859/datafile/o1_mf_sysaux_lorj8oph_.dbf
datafile 7 switched to datafile copy
input datafile copy RECID=18 STAMP=1153479796 file name=/u01/app/oracle/oradata/PRODDBS/datafile/o1_mf_users_lorj84jt_.dbf
datafile 8 switched to datafile copy
input datafile copy RECID=19 STAMP=1153479796 file name=/u01/app/oracle/oradata/PRODDBS/0AA2E2ACC25E1ED2E0656240ADE77859/datafile/o1_mf_undotbs1_lorj8gow_.dbf
datafile 9 switched to datafile copy
input datafile copy RECID=20 STAMP=1153479796 file name=/u01/app/oracle/oradata/PRODDBS/0AA2FFBBD68925F6E0656240ADE77859/datafile/o1_mf_system_lorj8rqh_.dbf
datafile 10 switched to datafile copy
input datafile copy RECID=21 STAMP=1153479797 file name=/u01/app/oracle/oradata/PRODDBS/0AA2FFBBD68925F6E0656240ADE77859/datafile/o1_mf_sysaux_lorj8srb_.dbf
datafile 11 switched to datafile copy
input datafile copy RECID=22 STAMP=1153479797 file name=/u01/app/oracle/oradata/PRODDBS/0AA2FFBBD68925F6E0656240ADE77859/datafile/o1_mf_undotbs1_lorj8srg_.dbf
datafile 12 switched to datafile copy
input datafile copy RECID=23 STAMP=1153479797 file name=/u01/app/oracle/oradata/PRODDBS/0AA2FFBBD68925F6E0656240ADE77859/datafile/o1_mf_users_lorj8rqm_.dbf
Finished Duplicate Db at 21-NOV-23
released channel: t1

RMAN> exit


Recovery Manager complete.
[oracle@arun dbs]$ sqlplus / as sysdba

SQL*Plus: Release 19.0.0.0.0 - Production on Tue Nov 21 11:05:06 2023
Version 19.3.0.0.0

Copyright (c) 1982, 2019, Oracle.  All rights reserved.

select open_mode from v$database;
select status from v$instance;



Connected to:
Oracle Database 19c Enterprise Edition Release 19.0.0.0.0 - Production
Version 19.3.0.0.0

SQL>
OPEN_MODE
--------------------
MOUNTED

SQL>
STATUS
------------
MOUNTED

SQL> SQL> SQL>
SQL>
SQL>
SQL>
SQL>
SQL>
SQL> select current_scn from v$database
  2  /

CURRENT_SCN
-----------
    2141189

SQL> /

CURRENT_SCN
-----------
    2141189

SQL> /

CURRENT_SCN
-----------
    2141189

SQL> /

CURRENT_SCN
-----------
    2141189

SQL> /

CURRENT_SCN
-----------
    2141189

SQL> /
/
CURRENT_SCN
-----------
    2141189

SQL>

CURRENT_SCN
-----------
    2141189

SQL> archive log list;
Database log mode              Archive Mode
Automatic archival             Enabled
Archive destination            USE_DB_RECOVERY_FILE_DEST
Oldest online log sequence     0
Next log sequence to archive   0
Current log sequence           0
SQL> set lines 300 pages 300;
col DB_UNIQUE_NAME for a10;
select name,db_unique_name,open_mode,DATABASE_ROLE,PROTECTION_MODE,SWITCHOVER#,SWITCHOVER_status,current_scn from v$database;
SQL> SQL>
NAME      DB_UNIQUE_ OPEN_MODE            DATABASE_ROLE    PROTECTION_MODE      SWITCHOVER# SWITCHOVER_STATUS         CURRENT_SCN
--------- ---------- -------------------- ---------------- -------------------- ----------- -------------------- -----------
PRODDB    proddbs    MOUNTED              PHYSICAL STANDBY MAXIMUM PERFORMANCE            0 RECOVERY NEEDED       2141189

SQL>
SQL>
SQL>
SQL>
SQL>
SQL>
---------- --------- --------- ---------
         7 21-NOV-23 21-NOV-23 NO
         8 21-NOV-23 21-NOV-23 NO
         9 21-NOV-23 21-NOV-23 NO
        10 21-NOV-23 21-NOV-23 NO
        10 21-NOV-23 21-NOV-23 NO
        11 21-NOV-23 21-NOV-23 NO
        11 21-NOV-23 21-NOV-23 NO
        12 21-NOV-23 21-NOV-23 NO
        12 21-NOV-23 21-NOV-23 NO
        13 21-NOV-23 21-NOV-23 NO
        13 21-NOV-23 21-NOV-23 NO
        14 21-NOV-23 21-NOV-23 NO
        14 21-NOV-23 21-NOV-23 NO
        15 21-NOV-23 21-NOV-23 NO
        15 21-NOV-23 21-NOV-23 NO
SQL> SQL> SQL> SQL> SQL> SQL> SQL> SQL> SQL> SQL> SQL> SQL> SQL> SQL> SQL> SQL> SQL>
SQL>
SQL>
SQL> exit
Disconnected from Oracle Database 19c Enterprise Edition Release 19.0.0.0.0 - Production
Version 19.3.0.0.0
[oracle@arun dbs]$ cd /u01/app/oracle/fast_recovery_area/PRODDB/archivelog/2023_11_21
-bash: cd: /u01/app/oracle/fast_recovery_area/PRODDB/archivelog/2023_11_21: No such file or directory
[oracle@arun dbs]$ cd /u01/app/oracle/fast_recovery_area/PRODDB/archivelog/
[oracle@arun archivelog]$ ls -lrt
total 12
drwxr-x---. 2 oracle oinstall 4096 Oct 19 17:06 2023_10_19
drwxr-x---. 2 oracle oinstall 4096 Oct 27 19:53 2023_10_27
drwxr-x---. 2 oracle oinstall   37 Oct 28 10:45 2023_10_28
drwxr-x---. 2 oracle oinstall   37 Oct 29 10:52 2023_10_29
drwxr-x---. 2 oracle oinstall   37 Nov 13 20:57 2023_11_13
drwxr-x---. 2 oracle oinstall 4096 Nov 14 15:09 2023_11_14
[oracle@arun archivelog]$ cd ..
[oracle@arun PRODDB]$ ls -lrt
total 8
drwxr-x---. 3 oracle oinstall   24 Nov 14 14:54 backupset
drwxr-x---. 8 oracle oinstall 4096 Nov 14 14:54 autobackup
drwxr-x---. 2 oracle oinstall   27 Nov 15 09:27 onlinelog
drwxr-x---. 8 oracle oinstall 4096 Nov 15 09:27 archivelog
drwxr-x---. 2 oracle oinstall   60 Nov 21 11:02 controlfile
[oracle@arun PRODDB]$ cd ..
[oracle@arun fast_recovery_area]$ ls -lrt
total 0
drwxr-x---. 7 oracle oinstall 95 Nov 15 09:27 PRODDB
drwxr-x---. 3 oracle oinstall 24 Nov 15 09:28 TESTDB
drwxr-xr-x. 3 oracle oinstall 24 Nov 16 09:48 SBIDEV
drwxr-xr-x. 4 oracle oinstall 42 Nov 21 10:30 CATLOG
drwxr-x---. 4 oracle oinstall 41 Nov 21 11:03 PRODDBS
[oracle@arun fast_recovery_area]$ cd PRODDBS
[oracle@arun PRODDBS]$ ls -lrt
total 4
drwxr-x---. 3 oracle oinstall   24 Nov 21 11:02 archivelog
drwxr-x---. 2 oracle oinstall 4096 Nov 21 11:03 onlinelog
[oracle@arun PRODDBS]$ cd archivelog/2023_11_21/
[oracle@arun 2023_11_21]$ ls -lrt
total 8428
-rw-r-----. 1 oracle oinstall 8608768 Nov 21 11:07 o1_mf_1_10_lorjj27o_.arc
-rw-r-----. 1 oracle oinstall    1536 Nov 21 11:07 o1_mf_1_11_lorjj3dc_.arc
-rw-r-----. 1 oracle oinstall    2560 Nov 21 11:07 o1_mf_1_12_lorjj4tm_.arc
-rw-r-----. 1 oracle oinstall    1024 Nov 21 11:07 o1_mf_1_13_lorjj51s_.arc
-rw-r-----. 1 oracle oinstall    2048 Nov 21 11:07 o1_mf_1_14_lorjj7tm_.arc
-rw-r-----. 1 oracle oinstall    1024 Nov 21 11:07 o1_mf_1_15_lorjj82n_.arc
[oracle@arun 2023_11_21]$
[oracle@arun 2023_11_21]$
[oracle@arun 2023_11_21]$
[oracle@arun 2023_11_21]$
[oracle@arun 2023_11_21]$ ls -lrt
total 8676
-rw-r-----. 1 oracle oinstall 8608768 Nov 21 11:07 o1_mf_1_10_lorjj27o_.arc
-rw-r-----. 1 oracle oinstall    1536 Nov 21 11:07 o1_mf_1_11_lorjj3dc_.arc
-rw-r-----. 1 oracle oinstall    2560 Nov 21 11:07 o1_mf_1_12_lorjj4tm_.arc
-rw-r-----. 1 oracle oinstall    1024 Nov 21 11:07 o1_mf_1_13_lorjj51s_.arc
-rw-r-----. 1 oracle oinstall    2048 Nov 21 11:07 o1_mf_1_14_lorjj7tm_.arc
-rw-r-----. 1 oracle oinstall    1024 Nov 21 11:07 o1_mf_1_15_lorjj82n_.arc
-rw-r-----. 1 oracle oinstall  253440 Nov 21 11:14 o1_mf_1_16_lorjysof_.arc
[oracle@arun 2023_11_21]$ ls -lrt
total 8688
-rw-r-----. 1 oracle oinstall 8608768 Nov 21 11:07 o1_mf_1_10_lorjj27o_.arc
-rw-r-----. 1 oracle oinstall    1536 Nov 21 11:07 o1_mf_1_11_lorjj3dc_.arc
-rw-r-----. 1 oracle oinstall    2560 Nov 21 11:07 o1_mf_1_12_lorjj4tm_.arc
-rw-r-----. 1 oracle oinstall    1024 Nov 21 11:07 o1_mf_1_13_lorjj51s_.arc
-rw-r-----. 1 oracle oinstall    2048 Nov 21 11:07 o1_mf_1_14_lorjj7tm_.arc
-rw-r-----. 1 oracle oinstall    1024 Nov 21 11:07 o1_mf_1_15_lorjj82n_.arc
-rw-r-----. 1 oracle oinstall  253440 Nov 21 11:14 o1_mf_1_16_lorjysof_.arc
-rw-r-----. 1 oracle oinstall    8704 Nov 21 11:15 o1_mf_1_17_lorjz8nc_.arc
[oracle@arun 2023_11_21]$ sqlplus / as sysdba

SQL*Plus: Release 19.0.0.0.0 - Production on Tue Nov 21 11:15:24 2023
Version 19.3.0.0.0

Copyright (c) 1982, 2019, Oracle.  All rights reserved.







Connected to:
Oracle Database 19c Enterprise Edition Release 19.0.0.0.0 - Production
Version 19.3.0.0.0

SQL> SQL> SQL> SQL> SQL> SQL>
SQL>
SQL>
SQL>
SQL> alter database recover managed standby database disconnect from session;

Database altered.

SQL> select current_scn from v$database;

CURRENT_SCN
-----------
    2141189

SQL> /

CURRENT_SCN
-----------
    2141189

SQL> /

CURRENT_SCN
-----------
    2141189

SQL> /

CURRENT_SCN
-----------
    2141189

SQL> /

CURRENT_SCN
-----------
    2141189

SQL> /

CURRENT_SCN
-----------
    2141189

SQL> /

CURRENT_SCN
-----------
    2141189

SQL> /
/
CURRENT_SCN
-----------
    2141189

SQL>
/
CURRENT_SCN
-----------
    2141189

SQL>

CURRENT_SCN
-----------
    2141189

SQL> /

CURRENT_SCN
-----------
    2141189

SQL>
SQL> /

CURRENT_SCN
-----------
    2141189

SQL> /

CURRENT_SCN
-----------
    2141189

SQL> /

CURRENT_SCN
-----------
    2141189

SQL> /

CURRENT_SCN
-----------
    2141189

SQL> /

CURRENT_SCN
-----------
    2141189

SQL> /

CURRENT_SCN
-----------
    2141189

SQL> /

CURRENT_SCN
-----------
    2141189

SQL> /

CURRENT_SCN
-----------
    2141189

SQL> /
/

CURRENT_SCN
-----------
    2141189

SQL>
CURRENT_SCN
-----------
    2141189

SQL> /

CURRENT_SCN
-----------
    2141189

SQL>
SQL>
SQL>
SQL>
SQL> /

CURRENT_SCN
-----------
    2141189

SQL> set lines 300 pages 300;
SELECT sequence#, first_time, next_time, applied FROM v$archived_log ORDER BY sequence#;SQL>

 SEQUENCE# FIRST_TIM NEXT_TIME APPLIED
---------- --------- --------- ---------
         9 21-NOV-23 21-NOV-23 YES
        10 21-NOV-23 21-NOV-23 NO
        11 21-NOV-23 21-NOV-23 NO
        12 21-NOV-23 21-NOV-23 NO
        13 21-NOV-23 21-NOV-23 NO
        14 21-NOV-23 21-NOV-23 NO
        15 21-NOV-23 21-NOV-23 NO
        16 21-NOV-23 21-NOV-23 NO
        17 21-NOV-23 21-NOV-23 NO
        18 21-NOV-23 21-NOV-23 NO
        19 21-NOV-23 21-NOV-23 NO
        20 21-NOV-23 21-NOV-23 NO
        21 21-NOV-23 21-NOV-23 NO

13 rows selected.

SQL> /

 SEQUENCE# FIRST_TIM NEXT_TIME APPLIED
---------- --------- --------- ---------
         9 21-NOV-23 21-NOV-23 YES
        10 21-NOV-23 21-NOV-23 NO
        11 21-NOV-23 21-NOV-23 NO
        12 21-NOV-23 21-NOV-23 NO
        13 21-NOV-23 21-NOV-23 NO
        14 21-NOV-23 21-NOV-23 NO
        15 21-NOV-23 21-NOV-23 NO
        16 21-NOV-23 21-NOV-23 NO
        17 21-NOV-23 21-NOV-23 NO
        18 21-NOV-23 21-NOV-23 NO
        19 21-NOV-23 21-NOV-23 NO
        20 21-NOV-23 21-NOV-23 NO
        21 21-NOV-23 21-NOV-23 NO

13 rows selected.

SQL> /

 SEQUENCE# FIRST_TIM NEXT_TIME APPLIED
---------- --------- --------- ---------
         9 21-NOV-23 21-NOV-23 YES
        10 21-NOV-23 21-NOV-23 NO
        11 21-NOV-23 21-NOV-23 NO
        12 21-NOV-23 21-NOV-23 NO
        13 21-NOV-23 21-NOV-23 NO
        14 21-NOV-23 21-NOV-23 NO
        15 21-NOV-23 21-NOV-23 NO
        16 21-NOV-23 21-NOV-23 NO
        17 21-NOV-23 21-NOV-23 NO
        18 21-NOV-23 21-NOV-23 NO
        19 21-NOV-23 21-NOV-23 NO
        20 21-NOV-23 21-NOV-23 NO
        21 21-NOV-23 21-NOV-23 NO

13 rows selected.

SQL> /

 SEQUENCE# FIRST_TIM NEXT_TIME APPLIED
---------- --------- --------- ---------
         9 21-NOV-23 21-NOV-23 YES
        10 21-NOV-23 21-NOV-23 NO
        11 21-NOV-23 21-NOV-23 NO
        12 21-NOV-23 21-NOV-23 NO
        13 21-NOV-23 21-NOV-23 NO
        14 21-NOV-23 21-NOV-23 NO
        15 21-NOV-23 21-NOV-23 NO
        16 21-NOV-23 21-NOV-23 NO
        17 21-NOV-23 21-NOV-23 NO
        18 21-NOV-23 21-NOV-23 NO
        19 21-NOV-23 21-NOV-23 NO
        20 21-NOV-23 21-NOV-23 NO
        21 21-NOV-23 21-NOV-23 NO

13 rows selected.

SQL> /

 SEQUENCE# FIRST_TIM NEXT_TIME APPLIED
---------- --------- --------- ---------
         9 21-NOV-23 21-NOV-23 YES
        10 21-NOV-23 21-NOV-23 NO
        11 21-NOV-23 21-NOV-23 NO
        12 21-NOV-23 21-NOV-23 NO
        13 21-NOV-23 21-NOV-23 NO
        14 21-NOV-23 21-NOV-23 NO
        15 21-NOV-23 21-NOV-23 NO
        16 21-NOV-23 21-NOV-23 NO
        17 21-NOV-23 21-NOV-23 NO
        18 21-NOV-23 21-NOV-23 NO
        19 21-NOV-23 21-NOV-23 NO
        20 21-NOV-23 21-NOV-23 NO
        21 21-NOV-23 21-NOV-23 NO

13 rows selected.

SQL> /

 SEQUENCE# FIRST_TIM NEXT_TIME APPLIED
---------- --------- --------- ---------
         9 21-NOV-23 21-NOV-23 YES
        10 21-NOV-23 21-NOV-23 NO
        11 21-NOV-23 21-NOV-23 NO
        12 21-NOV-23 21-NOV-23 NO
        13 21-NOV-23 21-NOV-23 NO
        14 21-NOV-23 21-NOV-23 NO
        15 21-NOV-23 21-NOV-23 NO
        16 21-NOV-23 21-NOV-23 NO
        17 21-NOV-23 21-NOV-23 NO
        18 21-NOV-23 21-NOV-23 NO
        19 21-NOV-23 21-NOV-23 NO
        20 21-NOV-23 21-NOV-23 NO
        21 21-NOV-23 21-NOV-23 NO

13 rows selected.

SQL> /

 SEQUENCE# FIRST_TIM NEXT_TIME APPLIED
---------- --------- --------- ---------
         9 21-NOV-23 21-NOV-23 YES
        10 21-NOV-23 21-NOV-23 NO
        11 21-NOV-23 21-NOV-23 NO
        12 21-NOV-23 21-NOV-23 NO
        13 21-NOV-23 21-NOV-23 NO
        14 21-NOV-23 21-NOV-23 NO
        15 21-NOV-23 21-NOV-23 NO
        16 21-NOV-23 21-NOV-23 NO
        17 21-NOV-23 21-NOV-23 NO
        18 21-NOV-23 21-NOV-23 NO
        19 21-NOV-23 21-NOV-23 NO
        20 21-NOV-23 21-NOV-23 NO
        21 21-NOV-23 21-NOV-23 NO

13 rows selected.

SQL> /

 SEQUENCE# FIRST_TIM NEXT_TIME APPLIED
---------- --------- --------- ---------
         9 21-NOV-23 21-NOV-23 YES
        10 21-NOV-23 21-NOV-23 NO
        11 21-NOV-23 21-NOV-23 NO
        12 21-NOV-23 21-NOV-23 NO
        13 21-NOV-23 21-NOV-23 NO
        14 21-NOV-23 21-NOV-23 NO
        15 21-NOV-23 21-NOV-23 NO
        16 21-NOV-23 21-NOV-23 NO
        17 21-NOV-23 21-NOV-23 NO
        18 21-NOV-23 21-NOV-23 NO
        19 21-NOV-23 21-NOV-23 NO
        20 21-NOV-23 21-NOV-23 NO
        21 21-NOV-23 21-NOV-23 NO

13 rows selected.

SQL> desc v$managed_standby
 Name                                                                                              Null?     Type
 ----------------------------------------------------------------------------------------------------------------------------------------------------------------------------- -------- --------------------------------------------------------------------------------------------------------------------
 PROCESS                                                                                    VARCHAR2(9)
 PID                                                                                        VARCHAR2(24)
 STATUS                                                                                     VARCHAR2(12)
 CLIENT_PROCESS                                                                             VARCHAR2(8)
 CLIENT_PID                                                                                 VARCHAR2(40)
 CLIENT_DBID                                                                                VARCHAR2(40)
 GROUP#                                                                                     VARCHAR2(40)
 RESETLOG_ID                                                                                NUMBER
 THREAD#                                                                                    NUMBER
 SEQUENCE#                                                                                  NUMBER
 BLOCK#                                                                                     NUMBER
 BLOCKS                                                                                     NUMBER
 DELAY_MINS                                                                                 NUMBER
 KNOWN_AGENTS                                                                               NUMBER
 ACTIVE_AGENTS                                                                              NUMBER
 CON_ID                                                                                     NUMBER

SQL> set lines 100
SQL> desc v$managed_standby
 Name                                                  Null?    Type
 ----------------------------------------------------- -------- ------------------------------------
 PROCESS                                                        VARCHAR2(9)
 PID                                                            VARCHAR2(24)
 STATUS                                                         VARCHAR2(12)
 CLIENT_PROCESS                                                 VARCHAR2(8)
 CLIENT_PID                                                     VARCHAR2(40)
 CLIENT_DBID                                                    VARCHAR2(40)
 GROUP#                                                         VARCHAR2(40)
 RESETLOG_ID                                                    NUMBER
 THREAD#                                                        NUMBER
 SEQUENCE#                                                      NUMBER
 BLOCK#                                                         NUMBER
 BLOCKS                                                         NUMBER
 DELAY_MINS                                                     NUMBER
 KNOWN_AGENTS                                                   NUMBER
 ACTIVE_AGENTS                                                  NUMBER
 CON_ID                                                         NUMBER

SQL> select PROCESS,STATUS from v$managed_standby;

PROCESS   STATUS
--------- ------------
ARCH      CLOSING
DGRD      ALLOCATED
DGRD      ALLOCATED
ARCH      CLOSING
ARCH      CLOSING
ARCH      CLOSING
RFS       IDLE
RFS       IDLE
RFS       IDLE
RFS       IDLE
MRP0      WAIT_FOR_GAP
RFS       IDLE

12 rows selected.

SQL> alter database recover managed standby database cance;
alter database recover managed standby database cance
*
ERROR at line 1:
ORA-00274: illegal recovery option CANCE


SQL>  alter database recover managed standby database cancel;




CLOSING
ARCH      CLOSING
ARCH      CLOSING



^C
 alter database recover managed standby database cancel
*
ERROR at line 1:
ORA-01013: user requested cancel of current operation



SQL> SQL>
SQL>
SQL> alter database recover managed standby database cancel;


alter database recover managed standby database disconnect from session;
^Calter database recover managed standby database cancel
*
ERROR at line 1:
ORA-01013: user requested cancel of current operation



SQL>
SQL>
SQL>
SQL>
SQL>
SQL>
SQL>
SQL> alter database recover managed standby database disconnect from session;
alter database recover managed standby database disconnect from session
*
ERROR at line 1:
ORA-03135: connection lost contact
Process ID: 6470
Session ID: 26 Serial number: 4150


SQL> exit
Disconnected from Oracle Database 19c Enterprise Edition Release 19.0.0.0.0 - Production
Version 19.3.0.0.0
[oracle@arun 2023_11_21]$ sqlplus / as sysdba

SQL*Plus: Release 19.0.0.0.0 - Production on Tue Nov 21 11:25:47 2023
Version 19.3.0.0.0

Copyright (c) 1982, 2019, Oracle.  All rights reserved.

Connected to an idle instance.

SQL> startup mount;




ORACLE instance started.

Total System Global Area 1543500872 bytes
Fixed Size                  9135176 bytes
Variable Size             889192448 bytes
Database Buffers          637534208 bytes
Redo Buffers                7639040 bytes
Database mounted.
SQL> SQL> SQL> SQL> SQL>







SQL> SQL> SQL> SQL> SQL> SQL> SQL> SQL>

SQL> SQL>
SQL> ALTER DATABASE RECOVER MANAGED STANDBY DATABASE disconnect from session;




Database altered.

SQL> SQL> SQL> SQL>
SQL>
SQL>
SQL>
SQL>
SQL> set lines 300 pages 300;
SELECT sequence#, first_time, next_time, applied FROM v$archived_log ORDER BY sequence#;
SQL>
 SEQUENCE# FIRST_TIM NEXT_TIME APPLIED
---------- --------- --------- ---------
         9 21-NOV-23 21-NOV-23 YES
        10 21-NOV-23 21-NOV-23 YES
        11 21-NOV-23 21-NOV-23 NO
        12 21-NOV-23 21-NOV-23 NO
        13 21-NOV-23 21-NOV-23 NO
        14 21-NOV-23 21-NOV-23 NO
        15 21-NOV-23 21-NOV-23 NO
        16 21-NOV-23 21-NOV-23 NO
        17 21-NOV-23 21-NOV-23 NO
        18 21-NOV-23 21-NOV-23 NO
        19 21-NOV-23 21-NOV-23 NO
        20 21-NOV-23 21-NOV-23 NO
        21 21-NOV-23 21-NOV-23 NO
        22 21-NOV-23 21-NOV-23 NO

14 rows selected.

SQL> select current_scn from v$database;

CURRENT_SCN
-----------
    2148941

SQL> /

CURRENT_SCN
-----------
    2148941

SQL> /

CURRENT_SCN
-----------
    2148941

SQL> set lines 300 pages 300;
SELECT sequence#, first_time, next_time, applied FROM v$archived_log ORDER BY sequence#;
SQL>
 SEQUENCE# FIRST_TIM NEXT_TIME APPLIED
---------- --------- --------- ---------
         9 21-NOV-23 21-NOV-23 YES
        10 21-NOV-23 21-NOV-23 YES
        11 21-NOV-23 21-NOV-23 NO
        12 21-NOV-23 21-NOV-23 NO
        13 21-NOV-23 21-NOV-23 NO
        14 21-NOV-23 21-NOV-23 NO
        15 21-NOV-23 21-NOV-23 NO
        16 21-NOV-23 21-NOV-23 NO
        17 21-NOV-23 21-NOV-23 NO
        18 21-NOV-23 21-NOV-23 NO
        19 21-NOV-23 21-NOV-23 NO
        20 21-NOV-23 21-NOV-23 NO
        21 21-NOV-23 21-NOV-23 NO
        22 21-NOV-23 21-NOV-23 NO

14 rows selected.

SQL> /

 SEQUENCE# FIRST_TIM NEXT_TIME APPLIED
---------- --------- --------- ---------
         9 21-NOV-23 21-NOV-23 YES
        10 21-NOV-23 21-NOV-23 YES
        11 21-NOV-23 21-NOV-23 NO
        12 21-NOV-23 21-NOV-23 NO
        13 21-NOV-23 21-NOV-23 NO
        14 21-NOV-23 21-NOV-23 NO
        15 21-NOV-23 21-NOV-23 NO
        16 21-NOV-23 21-NOV-23 NO
        17 21-NOV-23 21-NOV-23 NO
        18 21-NOV-23 21-NOV-23 NO
        19 21-NOV-23 21-NOV-23 NO
        20 21-NOV-23 21-NOV-23 NO
        21 21-NOV-23 21-NOV-23 NO
        22 21-NOV-23 21-NOV-23 NO

14 rows selected.

SQL> /

 SEQUENCE# FIRST_TIM NEXT_TIME APPLIED
---------- --------- --------- ---------
         9 21-NOV-23 21-NOV-23 YES
        10 21-NOV-23 21-NOV-23 YES
        11 21-NOV-23 21-NOV-23 NO
        12 21-NOV-23 21-NOV-23 NO
        13 21-NOV-23 21-NOV-23 NO
        14 21-NOV-23 21-NOV-23 NO
        15 21-NOV-23 21-NOV-23 NO
        16 21-NOV-23 21-NOV-23 NO
        17 21-NOV-23 21-NOV-23 NO
        18 21-NOV-23 21-NOV-23 NO
        19 21-NOV-23 21-NOV-23 NO
        20 21-NOV-23 21-NOV-23 NO
        21 21-NOV-23 21-NOV-23 NO
        22 21-NOV-23 21-NOV-23 NO

14 rows selected.

SQL> /

 SEQUENCE# FIRST_TIM NEXT_TIME APPLIED
---------- --------- --------- ---------
         9 21-NOV-23 21-NOV-23 YES
        10 21-NOV-23 21-NOV-23 YES
        11 21-NOV-23 21-NOV-23 NO
        12 21-NOV-23 21-NOV-23 NO
        13 21-NOV-23 21-NOV-23 NO
        14 21-NOV-23 21-NOV-23 NO
        15 21-NOV-23 21-NOV-23 NO
        16 21-NOV-23 21-NOV-23 NO
        17 21-NOV-23 21-NOV-23 NO
        18 21-NOV-23 21-NOV-23 NO
        19 21-NOV-23 21-NOV-23 NO
        20 21-NOV-23 21-NOV-23 NO
        21 21-NOV-23 21-NOV-23 NO
        22 21-NOV-23 21-NOV-23 NO

14 rows selected.

SQL>
